../Core/Src/KalmanFilterDCMotor.c:18:13:init_wrappers	16	static
../Core/Src/KalmanFilterDCMotor.c:54:13:build_Fd	24	static
../Core/Src/KalmanFilterDCMotor.c:74:13:build_Gd	16	static
../Core/Src/KalmanFilterDCMotor.c:82:13:build_Q	40	static
../Core/Src/KalmanFilterDCMotor.c:92:13:build_H	16	static
../Core/Src/KalmanFilterDCMotor.c:99:13:build_R	16	static
../Core/Src/KalmanFilterDCMotor.c:105:13:build_I	24	static
../Core/Src/KalmanFilterDCMotor.c:120:13:predict_and_update	32	static
../Core/Src/KalmanFilterDCMotor.c:171:6:KalmanFilterDCMotor_Init	16	static
../Core/Src/KalmanFilterDCMotor.c:188:6:KalmanFilterDCMotor_Set_ObserverPeriod	16	static
../Core/Src/KalmanFilterDCMotor.c:196:6:KalmanFilterDCMotor_Set_ProcessNoise	16	static
../Core/Src/KalmanFilterDCMotor.c:202:6:KalmanFilterDCMotor_Set_MeasurementNoise	16	static
../Core/Src/KalmanFilterDCMotor.c:208:6:KalmanFilterDCMotor_Start	40	static
../Core/Src/KalmanFilterDCMotor.c:235:6:KalmanFilterDCMotor_Update	24	static
../Core/Src/KalmanFilterDCMotor.c:242:7:KalmanFilterDCMotor_Get_Position	16	static
../Core/Src/KalmanFilterDCMotor.c:243:7:KalmanFilterDCMotor_Get_Velocity	16	static
../Core/Src/KalmanFilterDCMotor.c:244:7:KalmanFilterDCMotor_Get_Current	16	static
../Core/Src/KalmanFilterDCMotor.c:245:7:KalmanFilterDCMotor_Get_Disturbance	16	static
../Core/Src/KalmanFilterDCMotor.c:248:6:KalmanFilterDCMotor_Set_ObserverPeriod_Runtime	16	static
../Core/Src/KalmanFilterDCMotor.c:252:6:KalmanFilterDCMotor_Set_ProcessNoise_Runtime	16	static
