../Core/Src/KalmanFilterDCMotor.c:19:13:init_wrappers	16	static
../Core/Src/KalmanFilterDCMotor.c:55:13:build_Fd	24	static
../Core/Src/KalmanFilterDCMotor.c:75:13:build_Gd	16	static
../Core/Src/KalmanFilterDCMotor.c:83:13:build_Q	40	static
../Core/Src/KalmanFilterDCMotor.c:93:13:build_H	16	static
../Core/Src/KalmanFilterDCMotor.c:100:13:build_R	16	static
../Core/Src/KalmanFilterDCMotor.c:106:13:build_I	24	static
../Core/Src/KalmanFilterDCMotor.c:121:13:predict_and_update	32	static
../Core/Src/KalmanFilterDCMotor.c:172:6:KalmanFilterDCMotor_Init	16	static
../Core/Src/KalmanFilterDCMotor.c:189:6:KalmanFilterDCMotor_Set_ObserverPeriod	16	static
../Core/Src/KalmanFilterDCMotor.c:197:6:KalmanFilterDCMotor_Set_ProcessNoise	16	static
../Core/Src/KalmanFilterDCMotor.c:203:6:KalmanFilterDCMotor_Set_MeasurementNoise	16	static
../Core/Src/KalmanFilterDCMotor.c:209:6:KalmanFilterDCMotor_Start	40	static
../Core/Src/KalmanFilterDCMotor.c:236:6:KalmanFilterDCMotor_Update	24	static
../Core/Src/KalmanFilterDCMotor.c:243:7:KalmanFilterDCMotor_Get_Position	16	static
../Core/Src/KalmanFilterDCMotor.c:244:7:KalmanFilterDCMotor_Get_Velocity	16	static
../Core/Src/KalmanFilterDCMotor.c:245:7:KalmanFilterDCMotor_Get_Current	16	static
../Core/Src/KalmanFilterDCMotor.c:246:7:KalmanFilterDCMotor_Get_Disturbance	16	static
../Core/Src/KalmanFilterDCMotor.c:249:6:KalmanFilterDCMotor_Set_ObserverPeriod_Runtime	16	static
../Core/Src/KalmanFilterDCMotor.c:253:6:KalmanFilterDCMotor_Set_ProcessNoise_Runtime	16	static
