../Core/Inc/Controller.h:102:21:Saturate	24	static
../Core/Src/Robot.c:14:13:set_state	24	static
../Core/Src/Robot.c:21:13:reset_control	16	static
../Core/Src/Robot.c:31:6:Robot_Init	64	static
../Core/Src/Robot.c:96:6:Robot_SoftReset	1528	static,ignoring_inline_asm
../Core/Src/Robot.c:169:6:Robot_Move	32	static
../Core/Src/Robot.c:182:6:Robot_MoveConstrained	40	static
../Core/Src/Robot.c:203:6:Robot_PerfTest_Start	40	static
../Core/Src/Robot.c:234:6:Robot_Home	16	static
../Core/Src/Robot.c:243:6:Robot_SetHome	16	static
../Core/Src/Robot.c:252:6:Robot_Stop	16	static
../Core/Src/Robot.c:261:6:Robot_EStop	16	static
../Core/Src/Robot.c:270:6:Robot_JogVel	16	static
../Core/Src/Robot.c:277:6:Robot_JogStep	24	static
../Core/Src/Robot.c:289:6:Robot_Gripper_MoveUp	16	static
../Core/Src/Robot.c:290:6:Robot_Gripper_MoveDown	16	static
../Core/Src/Robot.c:291:6:Robot_Gripper_Open	16	static
../Core/Src/Robot.c:292:6:Robot_Gripper_Close	16	static
../Core/Src/Robot.c:294:16:Robot_Gripper_GetUpState	16	static
../Core/Src/Robot.c:295:16:Robot_Gripper_GetDownState	16	static
../Core/Src/Robot.c:296:16:Robot_Gripper_GetClawState	16	static
../Core/Src/Robot.c:301:6:Robot_EXTI_Callback	16	static
../Core/Src/Robot.c:310:6:Robot_Update	48	static
../Core/Src/Robot.c:473:15:Robot_GetPosition	16	static
../Core/Src/Robot.c:474:15:Robot_GetVelocity	16	static
../Core/Src/Robot.c:475:15:Robot_GetAcceleration	16	static
../Core/Src/Robot.c:476:15:Robot_GetDisturbance	16	static
../Core/Src/Robot.c:477:15:Robot_GetState	16	static
../Core/Src/Robot.c:478:15:Robot_IsIdle	16	static
