Archive member included to satisfy reference by file (symbol)

../Middlewares/Third_Party/ARM_CMSIS/CMSIS/DSP/Lib/GCC\libarm_cortexM4lf_math.a(arm_mat_trans_f32.o)
                              ./Core/Src/KalmanFilterDCMotor.o (arm_mat_trans_f32)
../Middlewares/Third_Party/ARM_CMSIS/CMSIS/DSP/Lib/GCC\libarm_cortexM4lf_math.a(arm_mat_sub_f32.o)
                              ./Core/Src/KalmanFilterDCMotor.o (arm_mat_sub_f32)
../Middlewares/Third_Party/ARM_CMSIS/CMSIS/DSP/Lib/GCC\libarm_cortexM4lf_math.a(arm_mat_scale_f32.o)
                              ./Core/Src/KalmanFilterDCMotor.o (arm_mat_scale_f32)
../Middlewares/Third_Party/ARM_CMSIS/CMSIS/DSP/Lib/GCC\libarm_cortexM4lf_math.a(arm_mat_mult_f32.o)
                              ./Core/Src/KalmanFilterDCMotor.o (arm_mat_mult_f32)
../Middlewares/Third_Party/ARM_CMSIS/CMSIS/DSP/Lib/GCC\libarm_cortexM4lf_math.a(arm_mat_init_f32.o)
                              ./Core/Src/KalmanFilterDCMotor.o (arm_mat_init_f32)
../Middlewares/Third_Party/ARM_CMSIS/CMSIS/DSP/Lib/GCC\libarm_cortexM4lf_math.a(arm_mat_add_f32.o)
                              ./Core/Src/KalmanFilterDCMotor.o (arm_mat_add_f32)
C:/ST/STM32CubeIDE_1.19.0/STM32CubeIDE/plugins/com.st.stm32cube.ide.mcu.externaltools.gnu-tools-for-stm32.13.3.rel1.win32_1.0.0.202411081344/tools/bin/../lib/gcc/arm-none-eabi/13.3.1/../../../../arm-none-eabi/lib/thumb/v7e-m+fp/hard\libc_nano.a(libc_a-exit.o)
                              C:/ST/STM32CubeIDE_1.19.0/STM32CubeIDE/plugins/com.st.stm32cube.ide.mcu.externaltools.gnu-tools-for-stm32.13.3.rel1.win32_1.0.0.202411081344/tools/bin/../lib/gcc/arm-none-eabi/13.3.1/../../../../arm-none-eabi/lib/thumb/v7e-m+fp/hard/crt0.o (exit)
C:/ST/STM32CubeIDE_1.19.0/STM32CubeIDE/plugins/com.st.stm32cube.ide.mcu.externaltools.gnu-tools-for-stm32.13.3.rel1.win32_1.0.0.202411081344/tools/bin/../lib/gcc/arm-none-eabi/13.3.1/../../../../arm-none-eabi/lib/thumb/v7e-m+fp/hard\libc_nano.a(libc_a-findfp.o)
                              C:/ST/STM32CubeIDE_1.19.0/STM32CubeIDE/plugins/com.st.stm32cube.ide.mcu.externaltools.gnu-tools-for-stm32.13.3.rel1.win32_1.0.0.202411081344/tools/bin/../lib/gcc/arm-none-eabi/13.3.1/../../../../arm-none-eabi/lib/thumb/v7e-m+fp/hard\libc_nano.a(libc_a-exit.o) (__stdio_exit_handler)
C:/ST/STM32CubeIDE_1.19.0/STM32CubeIDE/plugins/com.st.stm32cube.ide.mcu.externaltools.gnu-tools-for-stm32.13.3.rel1.win32_1.0.0.202411081344/tools/bin/../lib/gcc/arm-none-eabi/13.3.1/../../../../arm-none-eabi/lib/thumb/v7e-m+fp/hard\libc_nano.a(libc_a-fwalk.o)
                              C:/ST/STM32CubeIDE_1.19.0/STM32CubeIDE/plugins/com.st.stm32cube.ide.mcu.externaltools.gnu-tools-for-stm32.13.3.rel1.win32_1.0.0.202411081344/tools/bin/../lib/gcc/arm-none-eabi/13.3.1/../../../../arm-none-eabi/lib/thumb/v7e-m+fp/hard\libc_nano.a(libc_a-findfp.o) (_fwalk_sglue)
C:/ST/STM32CubeIDE_1.19.0/STM32CubeIDE/plugins/com.st.stm32cube.ide.mcu.externaltools.gnu-tools-for-stm32.13.3.rel1.win32_1.0.0.202411081344/tools/bin/../lib/gcc/arm-none-eabi/13.3.1/../../../../arm-none-eabi/lib/thumb/v7e-m+fp/hard\libc_nano.a(libc_a-stdio.o)
                              C:/ST/STM32CubeIDE_1.19.0/STM32CubeIDE/plugins/com.st.stm32cube.ide.mcu.externaltools.gnu-tools-for-stm32.13.3.rel1.win32_1.0.0.202411081344/tools/bin/../lib/gcc/arm-none-eabi/13.3.1/../../../../arm-none-eabi/lib/thumb/v7e-m+fp/hard\libc_nano.a(libc_a-findfp.o) (__sread)
C:/ST/STM32CubeIDE_1.19.0/STM32CubeIDE/plugins/com.st.stm32cube.ide.mcu.externaltools.gnu-tools-for-stm32.13.3.rel1.win32_1.0.0.202411081344/tools/bin/../lib/gcc/arm-none-eabi/13.3.1/../../../../arm-none-eabi/lib/thumb/v7e-m+fp/hard\libc_nano.a(libc_a-memset.o)
                              C:/ST/STM32CubeIDE_1.19.0/STM32CubeIDE/plugins/com.st.stm32cube.ide.mcu.externaltools.gnu-tools-for-stm32.13.3.rel1.win32_1.0.0.202411081344/tools/bin/../lib/gcc/arm-none-eabi/13.3.1/../../../../arm-none-eabi/lib/thumb/v7e-m+fp/hard/crt0.o (memset)
C:/ST/STM32CubeIDE_1.19.0/STM32CubeIDE/plugins/com.st.stm32cube.ide.mcu.externaltools.gnu-tools-for-stm32.13.3.rel1.win32_1.0.0.202411081344/tools/bin/../lib/gcc/arm-none-eabi/13.3.1/../../../../arm-none-eabi/lib/thumb/v7e-m+fp/hard\libc_nano.a(libc_a-closer.o)
                              C:/ST/STM32CubeIDE_1.19.0/STM32CubeIDE/plugins/com.st.stm32cube.ide.mcu.externaltools.gnu-tools-for-stm32.13.3.rel1.win32_1.0.0.202411081344/tools/bin/../lib/gcc/arm-none-eabi/13.3.1/../../../../arm-none-eabi/lib/thumb/v7e-m+fp/hard\libc_nano.a(libc_a-stdio.o) (_close_r)
C:/ST/STM32CubeIDE_1.19.0/STM32CubeIDE/plugins/com.st.stm32cube.ide.mcu.externaltools.gnu-tools-for-stm32.13.3.rel1.win32_1.0.0.202411081344/tools/bin/../lib/gcc/arm-none-eabi/13.3.1/../../../../arm-none-eabi/lib/thumb/v7e-m+fp/hard\libc_nano.a(libc_a-reent.o)
[...]
Memory Configuration

Name             Origin             Length             Attributes
RAM              0x20000000         0x00020000         xrw
FLASH            0x08000000         0x00080000         xr
*default*        0x00000000         0xffffffff

Linker script and memory map

LOAD C:/ST/STM32CubeIDE_1.19.0/STM32CubeIDE/plugins/com.st.stm32cube.ide.mcu.externaltools.gnu-tools-for-stm32.13.3.rel1.win32_1.0.0.202411081344/tools/bin/../lib/gcc/arm-none-eabi/13.3.1/thumb/v7e-m+fp/hard/crti.o
LOAD C:/ST/STM32CubeIDE_1.19.0/STM32CubeIDE/plugins/com.st.stm32cube.ide.mcu.externaltools.gnu-tools-for-stm32.13.3.rel1.win32_1.0.0.202411081344/tools/bin/../lib/gcc/arm-none-eabi/13.3.1/thumb/v7e-m+fp/hard/crtbegin.o
LOAD C:/ST/STM32CubeIDE_1.19.0/STM32CubeIDE/plugins/com.st.stm32cube.ide.mcu.externaltools.gnu-tools-for-stm32.13.3.rel1.win32_1.0.0.202411081344/tools/bin/../lib/gcc/arm-none-eabi/13.3.1/../../../../arm-none-eabi/lib/thumb/v7e-m+fp/hard/crt0.o
LOAD ./Core/Src/BaseSystemInterface.o
LOAD ./Core/Src/Controller.o
LOAD ./Core/Src/DCMotor.o
LOAD ./Core/Src/Gripper.o
LOAD ./Core/Src/JoystickInterface.o
LOAD ./Core/Src/KalmanFilterDCMotor.o
LOAD ./Core/Src/MD20A.o
LOAD ./Core/Src/ModbusRTU.o
LOAD ./Core/Src/PWM.o
LOAD ./Core/Src/QEI.o
LOAD ./Core/Src/Robot.o
LOAD ./Core/Src/SCurve.o
LOAD ./Core/Src/SerialFrame.o
LOAD ./Core/Src/TaskManager.o
LOAD ./Core/Src/Trapezoid.o
LOAD ./Core/Src/dma.o
LOAD ./Core/Src/gpio.o
LOAD ./Core/Src/main.o
LOAD ./Core/Src/stm32g4xx_hal_msp.o
LOAD ./Core/Src/stm32g4xx_it.o
LOAD ./Core/Src/syscalls.o
LOAD ./Core/Src/sysmem.o
LOAD ./Core/Src/system_stm32g4xx.o
LOAD ./Core/Src/tim.o
LOAD ./Core/Src/usart.o
LOAD ./Core/Startup/startup_stm32g474retx.o
LOAD ./Drivers/STM32G4xx_HAL_Driver/Src/stm32g4xx_hal.o
LOAD ./Drivers/STM32G4xx_HAL_Driver/Src/stm32g4xx_hal_cortex.o
LOAD ./Drivers/STM32G4xx_HAL_Driver/Src/stm32g4xx_hal_dma.o
LOAD ./Drivers/STM32G4xx_HAL_Driver/Src/stm32g4xx_hal_dma_ex.o
LOAD ./Drivers/STM32G4xx_HAL_Driver/Src/stm32g4xx_hal_exti.o
LOAD ./Drivers/STM32G4xx_HAL_Driver/Src/stm32g4xx_hal_flash.o
LOAD ./Drivers/STM32G4xx_HAL_Driver/Src/stm32g4xx_hal_flash_ex.o
LOAD ./Drivers/STM32G4xx_HAL_Driver/Src/stm32g4xx_hal_flash_ramfunc.o
LOAD ./Drivers/STM32G4xx_HAL_Driver/Src/stm32g4xx_hal_gpio.o
LOAD ./Drivers/STM32G4xx_HAL_Driver/Src/stm32g4xx_hal_pwr.o
LOAD ./Drivers/STM32G4xx_HAL_Driver/Src/stm32g4xx_hal_pwr_ex.o
LOAD ./Drivers/STM32G4xx_HAL_Driver/Src/stm32g4xx_hal_rcc.o
LOAD ./Drivers/STM32G4xx_HAL_Driver/Src/stm32g4xx_hal_rcc_ex.o
LOAD ./Drivers/STM32G4xx_HAL_Driver/Src/stm32g4xx_hal_tim.o
LOAD ./Drivers/STM32G4xx_HAL_Driver/Src/stm32g4xx_hal_tim_ex.o
LOAD ./Drivers/STM32G4xx_HAL_Driver/Src/stm32g4xx_hal_uart.o
LOAD ./Drivers/STM32G4xx_HAL_Driver/Src/stm32g4xx_hal_uart_ex.o
LOAD ../Middlewares/Third_Party/ARM_CMSIS/CMSIS/DSP/Lib/GCC\libarm_cortexM4lf_math.a
START GROUP
LOAD C:/ST/STM32CubeIDE_1.19.0/STM32CubeIDE/plugins/com.st.stm32cube.ide.mcu.externaltools.gnu-tools-for-stm32.13.3.rel1.win32_1.0.0.202411081344/tools/bin/../lib/gcc/arm-none-eabi/13.3.1/../../../../arm-none-eabi/lib/thumb/v7e-m+fp/hard\libc_nano.a
LOAD C:/ST/STM32CubeIDE_1.19.0/STM32CubeIDE/plugins/com.st.stm32cube.ide.mcu.externaltools.gnu-tools-for-stm32.13.3.rel1.win32_1.0.0.202411081344/tools/bin/../lib/gcc/arm-none-eabi/13.3.1/../../../../arm-none-eabi/lib/thumb/v7e-m+fp/hard\libm.a
END GROUP
START GROUP
LOAD C:/ST/STM32CubeIDE_1.19.0/STM32CubeIDE/plugins/com.st.stm32cube.ide.mcu.externaltools.gnu-tools-for-stm32.13.3.rel1.win32_1.0.0.202411081344/tools/bin/../lib/gcc/arm-none-eabi/13.3.1/thumb/v7e-m+fp/hard\libgcc.a
LOAD C:/ST/STM32CubeIDE_1.19.0/STM32CubeIDE/plugins/com.st.stm32cube.ide.mcu.externaltools.gnu-tools-for-stm32.13.3.rel1.win32_1.0.0.202411081344/tools/bin/../lib/gcc/arm-none-eabi/13.3.1/../../../../arm-none-eabi/lib/thumb/v7e-m+fp/hard\libc_nano.a
END GROUP
START GROUP
LOAD C:/ST/STM32CubeIDE_1.19.0/STM32CubeIDE/plugins/com.st.stm32cube.ide.mcu.externaltools.gnu-tools-for-stm32.13.3.rel1.win32_1.0.0.202411081344/tools/bin/../lib/gcc/arm-none-eabi/13.3.1/thumb/v7e-m+fp/hard\libgcc.a
LOAD C:/ST/STM32CubeIDE_1.19.0/STM32CubeIDE/plugins/com.st.stm32cube.ide.mcu.externaltools.gnu-tools-for-stm32.13.3.rel1.win32_1.0.0.202411081344/tools/bin/../lib/gcc/arm-none-eabi/13.3.1/../../../../arm-none-eabi/lib/thumb/v7e-m+fp/hard\libc_nano.a
LOAD C:/ST/STM32CubeIDE_1.19.0/STM32CubeIDE/plugins/com.st.stm32cube.ide.mcu.externaltools.gnu-tools-for-stm32.13.3.rel1.win32_1.0.0.202411081344/tools/bin/../lib/gcc/arm-none-eabi/13.3.1/../../../../arm-none-eabi/lib/thumb/v7e-m+fp/hard\libnosys.a
END GROUP
START GROUP
LOAD C:/ST/STM32CubeIDE_1.19.0/STM32CubeIDE/plugins/com.st.stm32cube.ide.mcu.externaltools.gnu-tools-for-stm32.13.3.rel1.win32_1.0.0.202411081344/tools/bin/../lib/gcc/arm-none-eabi/13.3.1/thumb/v7e-m+fp/hard\libgcc.a
LOAD C:/ST/STM32CubeIDE_1.19.0/STM32CubeIDE/plugins/com.st.stm32cube.ide.mcu.externaltools.gnu-tools-for-stm32.13.3.rel1.win32_1.0.0.202411081344/tools/bin/../lib/gcc/arm-none-eabi/13.3.1/../../../../arm-none-eabi/lib/thumb/v7e-m+fp/hard\libc_nano.a
LOAD C:/ST/STM32CubeIDE_1.19.0/STM32CubeIDE/plugins/com.st.stm32cube.ide.mcu.externaltools.gnu-tools-for-stm32.13.3.rel1.win32_1.0.0.202411081344/tools/bin/../lib/gcc/arm-none-eabi/13.3.1/../../../../arm-none-eabi/lib/thumb/v7e-m+fp/hard\libnosys.a
END GROUP
LOAD C:/ST/STM32CubeIDE_1.19.0/STM32CubeIDE/plugins/com.st.stm32cube.ide.mcu.externaltools.gnu-tools-for-stm32.13.3.rel1.win32_1.0.0.202411081344/tools/bin/../lib/gcc/arm-none-eabi/13.3.1/thumb/v7e-m+fp/hard/crtend.o
LOAD C:/ST/STM32CubeIDE_1.19.0/STM32CubeIDE/plugins/com.st.stm32cube.ide.mcu.externaltools.gnu-tools-for-stm32.13.3.rel1.win32_1.0.0.202411081344/tools/bin/../lib/gcc/arm-none-eabi/13.3.1/thumb/v7e-m+fp/hard/crtn.o
                0x20020000                        _estack = (ORIGIN (RAM) + LENGTH (RAM))
                0x00000200                        _Min_Heap_Size = 0x200
                0x00000400                        _Min_Stack_Size = 0x400

.isr_vector     0x08000000      0x1d8
                0x08000000                        . = ALIGN (0x4)
 *(.isr_vector)
 .isr_vector    0x08000000      0x1d8 ./Core/Startup/startup_stm32g474retx.o
                0x08000000                g_pfnVectors
                0x080001d8                        . = ALIGN (0x4)

.text           0x080001d8     0xeadc
                0x080001d8                        . = ALIGN (0x4)
 *(.text)
 .text          0x080001d8       0x40 C:/ST/STM32CubeIDE_1.19.0/STM32CubeIDE/plugins/com.st.stm32cube.ide.mcu.externaltools.gnu-tools-for-stm32.13.3.rel1.win32_1.0.0.202411081344/tools/bin/../lib/gcc/arm-none-eabi/13.3.1/thumb/v7e-m+fp/hard/crtbegin.o
 .text          0x08000218      0x378 C:/ST/STM32CubeIDE_1.19.0/STM32CubeIDE/plugins/com.st.stm32cube.ide.mcu.externaltools.gnu-tools-for-stm32.13.3.rel1.win32_1.0.0.202411081344/tools/bin/../lib/gcc/arm-none-eabi/13.3.1/thumb/v7e-m+fp/hard\libgcc.a(_arm_addsubdf3.o)
                0x08000218                __aeabi_drsub
                0x08000220                __aeabi_dsub
                0x08000220                __subdf3
                0x08000224                __aeabi_dadd
                0x08000224                __adddf3
                0x0800049c                __floatunsidf
                0x0800049c                __aeabi_ui2d
                0x080004bc                __floatsidf
                0x080004bc                __aeabi_i2d
                0x080004e0                __aeabi_f2d
                0x080004e0                __extendsfdf2
                0x08000524                __floatundidf
                0x08000524                __aeabi_ul2d
                0x08000534                __floatdidf
                0x08000534                __aeabi_l2d
 .text          0x08000590      0x424 C:/ST/STM32CubeIDE_1.19.0/STM32CubeIDE/plugins/com.st.stm32cube.ide.mcu.externaltools.gnu-tools-for-stm32.13.3.rel1.win32_1.0.0.202411081344/tools/bin/../lib/gcc/arm-none-eabi/13.3.1/thumb/v7e-m+fp/hard\libgcc.a(_arm_muldivdf3.o)
                0x08000590                __aeabi_dmul
                0x08000590                __muldf3
                0x080007e4                __divdf3
                0x080007e4                __aeabi_ddiv
 .text          0x080009b4       0xa0 C:/ST/STM32CubeIDE_1.19.0/STM32CubeIDE/plugins/com.st.stm32cube.ide.mcu.externaltools.gnu-tools-for-stm32.13.3.rel1.win32_1.0.0.202411081344/tools/bin/../lib/gcc/arm-none-eabi/13.3.1/thumb/v7e-m+fp/hard\libgcc.a(_arm_truncdfsf2.o)
                0x080009b4                __truncdfsf2
                0x080009b4                __aeabi_d2f
 .text          0x08000a54       0x30 C:/ST/STM32CubeIDE_1.19.0/STM32CubeIDE/plugins/com.st.stm32cube.ide.mcu.externaltools.gnu-tools-for-stm32.13.3.rel1.win32_1.0.0.202411081344/tools/bin/../lib/gcc/arm-none-eabi/13.3.1/thumb/v7e-m+fp/hard\libgcc.a(_aeabi_uldivmod.o)
                0x08000a54                __aeabi_uldivmod
 .text          0x08000a84      0x2f8 C:/ST/STM32CubeIDE_1.19.0/STM32CubeIDE/plugins/com.st.stm32cube.ide.mcu.externaltools.gnu-tools-for-stm32.13.3.rel1.win32_1.0.0.202411081344/tools/bin/../lib/gcc/arm-none-eabi/13.3.1/thumb/v7e-m+fp/hard\libgcc.a(_udivmoddi4.o)
                0x08000a84                __udivmoddi4
 .text          0x08000d7c        0x4 C:/ST/STM32CubeIDE_1.19.0/STM32CubeIDE/plugins/com.st.stm32cube.ide.mcu.externaltools.gnu-tools-for-stm32.13.3.rel1.win32_1.0.0.202411081344/tools/bin/../lib/gcc/arm-none-eabi/13.3.1/thumb/v7e-m+fp/hard\libgcc.a(_dvmd_tls.o)
                0x08000d7c                __aeabi_idiv0
                0x08000d7c                __aeabi_ldiv0
 *(.text*)
 .text.BaseSystemInterface_Init
                0x08000d80       0x66 ./Core/Src/BaseSystemInterface.o
                0x08000d80                BaseSystemInterface_Init
 .text.BaseSystemInterface_Update
                0x08000de6      0x43c ./Core/Src/BaseSystemInterface.o
                0x08000de6                BaseSystemInterface_Update
 *fill*         0x08001222        0x2 
 .text.BaseSystem_Interface_Decode
                0x08001224      0x490 ./Core/Src/BaseSystemInterface.o
                0x08001224                BaseSystem_Interface_Decode
 .text.Saturate
                0x080016b4       0x52 ./Core/Src/Controller.o
 .text.PID_Init
                0x08001706       0x52 ./Core/Src/Controller.o
                0x08001706                PID_Init
 .text.PID_Update
                0x08001758       0xe8 ./Core/Src/Controller.o
                0x08001758                PID_Update
 .text.PID_Reset
                0x08001840       0x34 ./Core/Src/Controller.o
                0x08001840                PID_Reset
 .text.FF_Init  0x08001874       0x7c ./Core/Src/Controller.o
                0x08001874                FF_Init
 .text.FF_Compute
                0x080018f0       0xd4 ./Core/Src/Controller.o
                0x080018f0                FF_Compute
 .text.Controller_Init
                0x080019c4       0xd8 ./Core/Src/Controller.o
                0x080019c4                Controller_Init
 .text.Controller_Reset
                0x08001a9c       0x5c ./Core/Src/Controller.o
                0x08001a9c                Controller_Reset
 .text.Gripper_StartPulse
                0x08001af8       0x74 ./Core/Src/Gripper.o
 .text.Gripper_Init
                0x08001b6c       0x9c ./Core/Src/Gripper.o
                0x08001b6c                Gripper_Init
 .text.Gripper_Update
                0x08001c08       0x5e ./Core/Src/Gripper.o
                0x08001c08                Gripper_Update
 .text.Gripper_MoveUp
                0x08001c66       0x28 ./Core/Src/Gripper.o
                0x08001c66                Gripper_MoveUp
 .text.Gripper_MoveDown
                0x08001c8e       0x28 ./Core/Src/Gripper.o
                0x08001c8e                Gripper_MoveDown
 .text.Gripper_Open
                0x08001cb6       0x28 ./Core/Src/Gripper.o
                0x08001cb6                Gripper_Open
 .text.Gripper_Close
                0x08001cde       0x28 ./Core/Src/Gripper.o
                0x08001cde                Gripper_Close
 .text.Gripper_Up_State
                0x08001d06       0x3e ./Core/Src/Gripper.o
                0x08001d06                Gripper_Up_State
 .text.Gripper_Down_State
                0x08001d44       0x3e ./Core/Src/Gripper.o
                0x08001d44                Gripper_Down_State
 .text.Gripper_Claw_State
                0x08001d82       0x3e ./Core/Src/Gripper.o
                0x08001d82                Gripper_Claw_State
 .text.JoystickInterface_Set_RxMode
                0x08001dc0       0x28 ./Core/Src/JoystickInterface.o
                0x08001dc0                JoystickInterface_Set_RxMode
 .text.JoystickInterface_Init
                0x08001de8       0x6e ./Core/Src/JoystickInterface.o
                0x08001de8                JoystickInterface_Init
 .text.JoystickInterface_RxCpltCallback
                0x08001e56       0x44 ./Core/Src/JoystickInterface.o
                0x08001e56                JoystickInterface_RxCpltCallback
 .text.JoystickInterface_Update
                0x08001e9a       0x56 ./Core/Src/JoystickInterface.o
                0x08001e9a                JoystickInterface_Update
 .text.JoystickInterface_Get_Command
                0x08001ef0       0x22 ./Core/Src/JoystickInterface.o
                0x08001ef0                JoystickInterface_Get_Command
 .text.JoystickInterface_Get_Data
                0x08001f12       0x2a ./Core/Src/JoystickInterface.o
                0x08001f12                JoystickInterface_Get_Data
 .text.init_wrappers
                0x08001f3c      0x1fc ./Core/Src/KalmanFilterDCMotor.o
 .text.build_Fd
                0x08002138      0x104 ./Core/Src/KalmanFilterDCMotor.o
 .text.build_Gd
                0x0800223c       0x4a ./Core/Src/KalmanFilterDCMotor.o
 .text.build_Q  0x08002286       0x90 ./Core/Src/KalmanFilterDCMotor.o
 .text.build_H  0x08002316       0x2a ./Core/Src/KalmanFilterDCMotor.o
 .text.build_R  0x08002340       0x1e ./Core/Src/KalmanFilterDCMotor.o
 .text.build_I  0x0800235e       0x4e ./Core/Src/KalmanFilterDCMotor.o
 .text.predict_and_update
                0x080023ac      0x294 ./Core/Src/KalmanFilterDCMotor.o
 .text.KalmanFilterDCMotor_Init
                0x08002640       0x38 ./Core/Src/KalmanFilterDCMotor.o
                0x08002640                KalmanFilterDCMotor_Init
 .text.KalmanFilterDCMotor_Set_ObserverPeriod
                0x08002678       0x2c ./Core/Src/KalmanFilterDCMotor.o
                0x08002678                KalmanFilterDCMotor_Set_ObserverPeriod
 .text.KalmanFilterDCMotor_Set_ProcessNoise
                0x080026a4       0x20 ./Core/Src/KalmanFilterDCMotor.o
                0x080026a4                KalmanFilterDCMotor_Set_ProcessNoise
 .text.KalmanFilterDCMotor_Set_MeasurementNoise
                0x080026c4       0x20 ./Core/Src/KalmanFilterDCMotor.o
                0x080026c4                KalmanFilterDCMotor_Set_MeasurementNoise
 .text.KalmanFilterDCMotor_Start
                0x080026e4       0x9a ./Core/Src/KalmanFilterDCMotor.o
                0x080026e4                KalmanFilterDCMotor_Start
 .text.KalmanFilterDCMotor_Update
                0x0800277e       0x26 ./Core/Src/KalmanFilterDCMotor.o
                0x0800277e                KalmanFilterDCMotor_Update
 .text.KalmanFilterDCMotor_Get_Velocity
                0x080027a4       0x1e ./Core/Src/KalmanFilterDCMotor.o
                0x080027a4                KalmanFilterDCMotor_Get_Velocity
 .text.KalmanFilterDCMotor_Get_Disturbance
                0x080027c2       0x1e ./Core/Src/KalmanFilterDCMotor.o
                0x080027c2                KalmanFilterDCMotor_Get_Disturbance
 .text.MD20A_init
                0x080027e0       0x8c ./Core/Src/MD20A.o
                0x080027e0                MD20A_init
 .text.MD20A_setSpeed
                0x0800286c      0x110 ./Core/Src/MD20A.o
                0x0800286c                MD20A_setSpeed
 .text.MD20A_stop
                0x0800297c       0x40 ./Core/Src/MD20A.o
                0x0800297c                MD20A_stop
 .text.modbus_1t5_Timeout
                0x080029bc       0x40 ./Core/Src/ModbusRTU.o
                0x080029bc                modbus_1t5_Timeout
 .text.modbus_3t5_Timeout
                0x080029fc       0x20 ./Core/Src/ModbusRTU.o
                0x080029fc                modbus_3t5_Timeout
 .text.modbus_ErrorTimeout
                0x08002a1c       0x20 ./Core/Src/ModbusRTU.o
                0x08002a1c                modbus_ErrorTimeout
 .text.Modbus_init
                0x08002a3c       0xac ./Core/Src/ModbusRTU.o
                0x08002a3c                Modbus_init
 .text.CRC16    0x08002ae8       0x70 ./Core/Src/ModbusRTU.o
                0x08002ae8                CRC16
 .text.Modbus_Protocol_Worker
                0x08002b58      0x204 ./Core/Src/ModbusRTU.o
                0x08002b58                Modbus_Protocol_Worker
 .text.Modbus_frame_response
                0x08002d5c       0x30 ./Core/Src/ModbusRTU.o
                0x08002d5c                Modbus_frame_response
 .text.modbusWrite1Register
                0x08002d8c       0x80 ./Core/Src/ModbusRTU.o
                0x08002d8c                modbusWrite1Register
 .text.modbusRead1Register
                0x08002e0c       0xfc ./Core/Src/ModbusRTU.o
                0x08002e0c                modbusRead1Register
 .text.ModbusErrorReply
                0x08002f08       0x44 ./Core/Src/ModbusRTU.o
                0x08002f08                ModbusErrorReply
 .text.Modbus_Emission
                0x08002f4c       0xf0 ./Core/Src/ModbusRTU.o
                0x08002f4c                Modbus_Emission
 .text.PWM_init
                0x0800303c       0x56 ./Core/Src/PWM.o
                0x0800303c                PWM_init
 *fill*         0x08003092        0x2 
 .text.PWM_write
                0x08003094      0x1cc ./Core/Src/PWM.o
                0x08003094                PWM_write
 .text.QEI_init
                0x08003260       0xbc ./Core/Src/QEI.o
                0x08003260                QEI_init
 *fill*         0x0800331c        0x4 
 .text.QEI_update
                0x08003320      0x184 ./Core/Src/QEI.o
                0x08003320                QEI_update
 .text.Saturate
                0x080034a4       0x52 ./Core/Src/Robot.o
 .text.set_state
                0x080034f6       0x32 ./Core/Src/Robot.o
 .text.reset_control
                0x08003528       0x34 ./Core/Src/Robot.o
 .text.Robot_Init
                0x0800355c      0x21c ./Core/Src/Robot.o
                0x0800355c                Robot_Init
 .text.Robot_SoftReset
                0x08003778      0x45c ./Core/Src/Robot.o
                0x08003778                Robot_SoftReset
 .text.Robot_Move
                0x08003bd4       0xe4 ./Core/Src/Robot.o
                0x08003bd4                Robot_Move
 .text.Robot_MoveConstrained
                0x08003cb8       0xf8 ./Core/Src/Robot.o
                0x08003cb8                Robot_MoveConstrained
 .text.Robot_PerfTest_Start
                0x08003db0      0x150 ./Core/Src/Robot.o
                0x08003db0                Robot_PerfTest_Start
 .text.Robot_Home
                0x08003f00       0x44 ./Core/Src/Robot.o
                0x08003f00                Robot_Home
 .text.Robot_Stop
                0x08003f44       0x48 ./Core/Src/Robot.o
                0x08003f44                Robot_Stop
 .text.Robot_EStop
                0x08003f8c       0x28 ./Core/Src/Robot.o
                0x08003f8c                Robot_EStop
 .text.Robot_JogVel
                0x08003fb4       0x5a ./Core/Src/Robot.o
                0x08003fb4                Robot_JogVel
 *fill*         0x0800400e        0x2 
 .text.Robot_JogStep
                0x08004010       0x78 ./Core/Src/Robot.o
                0x08004010                Robot_JogStep
 .text.Robot_Gripper_MoveUp
                0x08004088       0x1c ./Core/Src/Robot.o
                0x08004088                Robot_Gripper_MoveUp
 .text.Robot_Gripper_MoveDown
                0x080040a4       0x1c ./Core/Src/Robot.o
                0x080040a4                Robot_Gripper_MoveDown
 .text.Robot_Gripper_Open
                0x080040c0       0x1c ./Core/Src/Robot.o
                0x080040c0                Robot_Gripper_Open
 .text.Robot_Gripper_Close
                0x080040dc       0x1c ./Core/Src/Robot.o
                0x080040dc                Robot_Gripper_Close
 .text.Robot_Gripper_GetUpState
                0x080040f8       0x1e ./Core/Src/Robot.o
                0x080040f8                Robot_Gripper_GetUpState
 .text.Robot_Gripper_GetDownState
                0x08004116       0x1e ./Core/Src/Robot.o
                0x08004116                Robot_Gripper_GetDownState
 .text.Robot_Gripper_GetClawState
                0x08004134       0x1e ./Core/Src/Robot.o
                0x08004134                Robot_Gripper_GetClawState
 .text.Robot_EXTI_Callback
                0x08004152       0x36 ./Core/Src/Robot.o
                0x08004152                Robot_EXTI_Callback
 .text.Robot_Update
                0x08004188      0x668 ./Core/Src/Robot.o
                0x08004188                Robot_Update
 .text.Robot_GetPosition
                0x080047f0       0x22 ./Core/Src/Robot.o
                0x080047f0                Robot_GetPosition
 .text.Robot_GetVelocity
                0x08004812       0x22 ./Core/Src/Robot.o
                0x08004812                Robot_GetVelocity
 .text.Robot_GetAcceleration
                0x08004834       0x22 ./Core/Src/Robot.o
                0x08004834                Robot_GetAcceleration
 .text.Robot_GetState
                0x08004856       0x1a ./Core/Src/Robot.o
                0x08004856                Robot_GetState
 .text.Robot_IsIdle
                0x08004870       0x24 ./Core/Src/Robot.o
                0x08004870                Robot_IsIdle
 .text.compute_phases
                0x08004894      0x424 ./Core/Src/SCurve.o
 .text.plan_scurve
                0x08004cb8      0x2f0 ./Core/Src/SCurve.o
 .text.SCurve_Init
                0x08004fa8       0x42 ./Core/Src/SCurve.o
                0x08004fa8                SCurve_Init
 .text.SCurve_SetTarget
                0x08004fea       0x26 ./Core/Src/SCurve.o
                0x08004fea                SCurve_SetTarget
 .text.SCurve_Update
                0x08005010      0x314 ./Core/Src/SCurve.o
                0x08005010                SCurve_Update
 .text.SCurve_Stop
                0x08005324       0x30 ./Core/Src/SCurve.o
                0x08005324                SCurve_Stop
 .text._queue_empty
                0x08005354       0x24 ./Core/Src/TaskManager.o
 .text._queue_full
                0x08005378       0x24 ./Core/Src/TaskManager.o
 .text._queue_has_estop
                0x0800539c       0x58 ./Core/Src/TaskManager.o
 .text._queue_has_stop
                0x080053f4       0x58 ./Core/Src/TaskManager.o
 .text._queue_pop
                0x0800544c       0x70 ./Core/Src/TaskManager.o
 .text._queue_flush
                0x080054bc       0x2c ./Core/Src/TaskManager.o
 .text._guard_ok
                0x080054e8      0x188 ./Core/Src/TaskManager.o
 .text.Task_Init
                0x08005670       0x52 ./Core/Src/TaskManager.o
                0x08005670                Task_Init
 .text.Task_PostEvent
                0x080056c2       0x92 ./Core/Src/TaskManager.o
                0x080056c2                Task_PostEvent
 .text.Task_PostFromModbus
                0x08005754      0x37c ./Core/Src/TaskManager.o
                0x08005754                Task_PostFromModbus
 .text.Task_PostFromJoystick
                0x08005ad0      0x144 ./Core/Src/TaskManager.o
                0x08005ad0                Task_PostFromJoystick
 .text._gripper_seq_tick
                0x08005c14       0xf8 ./Core/Src/TaskManager.o
 .text._seq_grip_tick
                0x08005d0c      0x1a4 ./Core/Src/TaskManager.o
 .text.Task_Run
                0x08005eb0      0x670 ./Core/Src/TaskManager.o
                0x08005eb0                Task_Run
 .text.plan     0x08006520      0x1c8 ./Core/Src/Trapezoid.o
 .text.Trapezoid_Init
                0x080066e8       0x38 ./Core/Src/Trapezoid.o
                0x080066e8                Trapezoid_Init
 .text.Trapezoid_SetTargetConstrained
                0x08006720       0x36 ./Core/Src/Trapezoid.o
                0x08006720                Trapezoid_SetTargetConstrained
 .text.Trapezoid_Update
                0x08006756      0x2cc ./Core/Src/Trapezoid.o
                0x08006756                Trapezoid_Update
 .text.Trapezoid_Stop
                0x08006a22       0x34 ./Core/Src/Trapezoid.o
                0x08006a22                Trapezoid_Stop
 *fill*         0x08006a56        0x2 
 .text.MX_DMA_Init
                0x08006a58       0x64 ./Core/Src/dma.o
                0x08006a58                MX_DMA_Init
 .text.MX_GPIO_Init
                0x08006abc      0x150 ./Core/Src/gpio.o
                0x08006abc                MX_GPIO_Init
 .text.update_writeback
                0x08006c0c      0x110 ./Core/Src/main.o
 .text.main     0x08006d1c      0x244 ./Core/Src/main.o
                0x08006d1c                main
 .text.SystemClock_Config
                0x08006f60       0x96 ./Core/Src/main.o
                0x08006f60                SystemClock_Config
 .text.Error_Handler
                0x08006ff6        0xc ./Core/Src/main.o
                0x08006ff6                Error_Handler
 *fill*         0x08007002        0x2 
 .text.HAL_TIM_PeriodElapsedCallback
                0x08007004       0x28 ./Core/Src/main.o
                0x08007004                HAL_TIM_PeriodElapsedCallback
 .text.HAL_GPIO_EXTI_Callback
                0x0800702c       0x20 ./Core/Src/main.o
                0x0800702c                HAL_GPIO_EXTI_Callback
 .text.HAL_UART_RxCpltCallback
                0x0800704c       0x1c ./Core/Src/main.o
                0x0800704c                HAL_UART_RxCpltCallback
 .text.HAL_MspInit
                0x08007068       0x48 ./Core/Src/stm32g4xx_hal_msp.o
                0x08007068                HAL_MspInit
 .text.NMI_Handler
                0x080070b0        0x8 ./Core/Src/stm32g4xx_it.o
                0x080070b0                NMI_Handler
 .text.HardFault_Handler
                0x080070b8        0x8 ./Core/Src/stm32g4xx_it.o
                0x080070b8                HardFault_Handler
 .text.MemManage_Handler
                0x080070c0        0x8 ./Core/Src/stm32g4xx_it.o
                0x080070c0                MemManage_Handler
 .text.BusFault_Handler
                0x080070c8        0x8 ./Core/Src/stm32g4xx_it.o
                0x080070c8                BusFault_Handler
 .text.UsageFault_Handler
                0x080070d0        0x8 ./Core/Src/stm32g4xx_it.o
                0x080070d0                UsageFault_Handler
 .text.SVC_Handler
                0x080070d8        0xe ./Core/Src/stm32g4xx_it.o
                0x080070d8                SVC_Handler
 .text.DebugMon_Handler
                0x080070e6        0xe ./Core/Src/stm32g4xx_it.o
                0x080070e6                DebugMon_Handler
 .text.PendSV_Handler
                0x080070f4        0xe ./Core/Src/stm32g4xx_it.o
                0x080070f4                PendSV_Handler
 .text.SysTick_Handler
                0x08007102        0xc ./Core/Src/stm32g4xx_it.o
                0x08007102                SysTick_Handler
 .text.EXTI2_IRQHandler
                0x0800710e        0xe ./Core/Src/stm32g4xx_it.o
                0x0800710e                EXTI2_IRQHandler
 .text.DMA1_Channel2_IRQHandler
                0x0800711c       0x14 ./Core/Src/stm32g4xx_it.o
                0x0800711c                DMA1_Channel2_IRQHandler
 .text.DMA1_Channel3_IRQHandler
                0x08007130       0x14 ./Core/Src/stm32g4xx_it.o
                0x08007130                DMA1_Channel3_IRQHandler
 .text.TIM1_UP_TIM16_IRQHandler
                0x08007144       0x1c ./Core/Src/stm32g4xx_it.o
                0x08007144                TIM1_UP_TIM16_IRQHandler
 .text.TIM2_IRQHandler
                0x08007160       0x14 ./Core/Src/stm32g4xx_it.o
                0x08007160                TIM2_IRQHandler
 .text.TIM3_IRQHandler
                0x08007174       0x14 ./Core/Src/stm32g4xx_it.o
                0x08007174                TIM3_IRQHandler
 .text.USART2_IRQHandler
                0x08007188       0x14 ./Core/Src/stm32g4xx_it.o
                0x08007188                USART2_IRQHandler
 .text.USART3_IRQHandler
                0x0800719c       0x14 ./Core/Src/stm32g4xx_it.o
                0x0800719c                USART3_IRQHandler
 .text.SystemInit
                0x080071b0       0x24 ./Core/Src/system_stm32g4xx.o
                0x080071b0                SystemInit
 .text.MX_TIM1_Init
                0x080071d4       0xb4 ./Core/Src/tim.o
                0x080071d4                MX_TIM1_Init
 .text.MX_TIM2_Init
                0x08007288      0x104 ./Core/Src/tim.o
                0x08007288                MX_TIM2_Init
 .text.MX_TIM3_Init
                0x0800738c       0x9c ./Core/Src/tim.o
                0x0800738c                MX_TIM3_Init
 .text.MX_TIM16_Init
                0x08007428       0x60 ./Core/Src/tim.o
                0x08007428                MX_TIM16_Init
 .text.HAL_TIM_Encoder_MspInit
                0x08007488       0x98 ./Core/Src/tim.o
                0x08007488                HAL_TIM_Encoder_MspInit
 .text.HAL_TIM_Base_MspInit
                0x08007520       0xb8 ./Core/Src/tim.o
                0x08007520                HAL_TIM_Base_MspInit
 .text.HAL_TIM_MspPostInit
                0x080075d8       0x68 ./Core/Src/tim.o
                0x080075d8                HAL_TIM_MspPostInit
 .text.MX_USART2_UART_Init
                0x08007640       0x9c ./Core/Src/usart.o
                0x08007640                MX_USART2_UART_Init
 .text.MX_USART3_UART_Init
                0x080076dc       0xa0 ./Core/Src/usart.o
                0x080076dc                MX_USART3_UART_Init
 .text.HAL_UART_MspInit
                0x0800777c      0x208 ./Core/Src/usart.o
                0x0800777c                HAL_UART_MspInit
 .text.Reset_Handler
                0x08007984       0x50 ./Core/Startup/startup_stm32g474retx.o
                0x08007984                Reset_Handler
 .text.Default_Handler
                0x080079d4        0x2 ./Core/Startup/startup_stm32g474retx.o
                0x080079d4                RTC_Alarm_IRQHandler
                0x080079d4                TIM8_TRG_COM_IRQHandler
                0x080079d4                TIM8_CC_IRQHandler
                0x080079d4                HRTIM1_Master_IRQHandler
                0x080079d4                SPI4_IRQHandler
                0x080079d4                FDCAN3_IT0_IRQHandler
                0x080079d4                TIM1_CC_IRQHandler
                0x080079d4                HRTIM1_FLT_IRQHandler
                0x080079d4                HRTIM1_TIMF_IRQHandler
                0x080079d4                USB_HP_IRQHandler
                0x080079d4                CORDIC_IRQHandler
                0x080079d4                HRTIM1_TIMD_IRQHandler
                0x080079d4                DMA2_Channel8_IRQHandler
                0x080079d4                EXTI3_IRQHandler
                0x080079d4                I2C3_ER_IRQHandler
                0x080079d4                EXTI0_IRQHandler
                0x080079d4                I2C2_EV_IRQHandler
                0x080079d4                FPU_IRQHandler
                0x080079d4                FDCAN1_IT1_IRQHandler
                0x080079d4                ADC1_2_IRQHandler
                0x080079d4                HRTIM1_TIME_IRQHandler
                0x080079d4                SPI1_IRQHandler
                0x080079d4                TIM6_DAC_IRQHandler
                0x080079d4                HRTIM1_TIMC_IRQHandler
                0x080079d4                TIM8_UP_IRQHandler
                0x080079d4                DMA2_Channel2_IRQHandler
                0x080079d4                DMA1_Channel4_IRQHandler
                0x080079d4                TIM20_TRG_COM_IRQHandler
                0x080079d4                DMA1_Channel7_IRQHandler
                0x080079d4                UART5_IRQHandler
                0x080079d4                ADC3_IRQHandler
                0x080079d4                TIM4_IRQHandler
                0x080079d4                DMA2_Channel1_IRQHandler
                0x080079d4                QUADSPI_IRQHandler
                0x080079d4                I2C1_EV_IRQHandler
                0x080079d4                DMA1_Channel6_IRQHandler
                0x080079d4                UART4_IRQHandler
                0x080079d4                DMA2_Channel4_IRQHandler
                0x080079d4                RCC_IRQHandler
                0x080079d4                TIM20_UP_IRQHandler
                0x080079d4                DMA1_Channel1_IRQHandler
                0x080079d4                Default_Handler
                0x080079d4                DMA2_Channel7_IRQHandler
                0x080079d4                RTC_TAMP_LSECSS_IRQHandler
                0x080079d4                FMAC_IRQHandler
                0x080079d4                EXTI15_10_IRQHandler
                0x080079d4                DMA1_Channel8_IRQHandler
                0x080079d4                HRTIM1_TIMA_IRQHandler
                0x080079d4                TIM7_DAC_IRQHandler
                0x080079d4                FDCAN3_IT1_IRQHandler
                0x080079d4                TIM5_IRQHandler
                0x080079d4                UCPD1_IRQHandler
                0x080079d4                I2C3_EV_IRQHandler
                0x080079d4                EXTI9_5_IRQHandler
                0x080079d4                RTC_WKUP_IRQHandler
                0x080079d4                PVD_PVM_IRQHandler
                0x080079d4                SPI2_IRQHandler
                0x080079d4                ADC5_IRQHandler
                0x080079d4                DMA2_Channel5_IRQHandler
                0x080079d4                CRS_IRQHandler
                0x080079d4                DMA1_Channel5_IRQHandler
                0x080079d4                USB_LP_IRQHandler
                0x080079d4                EXTI4_IRQHandler
                0x080079d4                RNG_IRQHandler
                0x080079d4                HRTIM1_TIMB_IRQHandler
                0x080079d4                TIM1_TRG_COM_TIM17_IRQHandler
                0x080079d4                FDCAN2_IT1_IRQHandler
                0x080079d4                ADC4_IRQHandler
                0x080079d4                WWDG_IRQHandler
                0x080079d4                I2C4_EV_IRQHandler
                0x080079d4                FDCAN2_IT0_IRQHandler
                0x080079d4                LPUART1_IRQHandler
                0x080079d4                DMA2_Channel6_IRQHandler
                0x080079d4                FDCAN1_IT0_IRQHandler
                0x080079d4                COMP7_IRQHandler
                0x080079d4                COMP1_2_3_IRQHandler
                0x080079d4                EXTI1_IRQHandler
                0x080079d4                COMP4_5_6_IRQHandler
                0x080079d4                TIM20_BRK_IRQHandler
                0x080079d4                I2C2_ER_IRQHandler
                0x080079d4                TIM8_BRK_IRQHandler
                0x080079d4                FLASH_IRQHandler
                0x080079d4                TIM20_CC_IRQHandler
                0x080079d4                USART1_IRQHandler
                0x080079d4                SPI3_IRQHandler
                0x080079d4                I2C1_ER_IRQHandler
                0x080079d4                FMC_IRQHandler
                0x080079d4                LPTIM1_IRQHandler
                0x080079d4                DMAMUX_OVR_IRQHandler
                0x080079d4                I2C4_ER_IRQHandler
                0x080079d4                USBWakeUp_IRQHandler
                0x080079d4                SAI1_IRQHandler
                0x080079d4                DMA2_Channel3_IRQHandler
                0x080079d4                TIM1_BRK_TIM15_IRQHandler
 .text.HAL_Init
                0x080079d6       0x30 ./Drivers/STM32G4xx_HAL_Driver/Src/stm32g4xx_hal.o
                0x080079d6                HAL_Init
 *fill*         0x08007a06        0x2 
 .text.HAL_InitTick
                0x08007a08       0x74 ./Drivers/STM32G4xx_HAL_Driver/Src/stm32g4xx_hal.o
                0x08007a08                HAL_InitTick
 .text.HAL_IncTick
                0x08007a7c       0x24 ./Drivers/STM32G4xx_HAL_Driver/Src/stm32g4xx_hal.o
                0x08007a7c                HAL_IncTick
 .text.HAL_GetTick
                0x08007aa0       0x18 ./Drivers/STM32G4xx_HAL_Driver/Src/stm32g4xx_hal.o
                0x08007aa0                HAL_GetTick
 .text.__NVIC_SetPriorityGrouping
                0x08007ab8       0x48 ./Drivers/STM32G4xx_HAL_Driver/Src/stm32g4xx_hal_cortex.o
 .text.__NVIC_GetPriorityGrouping
                0x08007b00       0x1c ./Drivers/STM32G4xx_HAL_Driver/Src/stm32g4xx_hal_cortex.o
 .text.__NVIC_EnableIRQ
                0x08007b1c       0x3c ./Drivers/STM32G4xx_HAL_Driver/Src/stm32g4xx_hal_cortex.o
 .text.__NVIC_SetPriority
                0x08007b58       0x54 ./Drivers/STM32G4xx_HAL_Driver/Src/stm32g4xx_hal_cortex.o
 .text.NVIC_EncodePriority
                0x08007bac       0x66 ./Drivers/STM32G4xx_HAL_Driver/Src/stm32g4xx_hal_cortex.o
 *fill*         0x08007c12        0x2 
 .text.SysTick_Config
                0x08007c14       0x44 ./Drivers/STM32G4xx_HAL_Driver/Src/stm32g4xx_hal_cortex.o
 .text.HAL_NVIC_SetPriorityGrouping
                0x08007c58       0x16 ./Drivers/STM32G4xx_HAL_Driver/Src/stm32g4xx_hal_cortex.o
                0x08007c58                HAL_NVIC_SetPriorityGrouping
 .text.HAL_NVIC_SetPriority
                0x08007c6e       0x34 ./Drivers/STM32G4xx_HAL_Driver/Src/stm32g4xx_hal_cortex.o
                0x08007c6e                HAL_NVIC_SetPriority
 .text.HAL_NVIC_EnableIRQ
                0x08007ca2       0x1c ./Drivers/STM32G4xx_HAL_Driver/Src/stm32g4xx_hal_cortex.o
                0x08007ca2                HAL_NVIC_EnableIRQ
 .text.HAL_SYSTICK_Config
                0x08007cbe       0x18 ./Drivers/STM32G4xx_HAL_Driver/Src/stm32g4xx_hal_cortex.o
                0x08007cbe                HAL_SYSTICK_Config
 *fill*         0x08007cd6        0x2 
 .text.HAL_DMA_Init
                0x08007cd8      0x150 ./Drivers/STM32G4xx_HAL_Driver/Src/stm32g4xx_hal_dma.o
                0x08007cd8                HAL_DMA_Init
 .text.HAL_DMA_Start_IT
                0x08007e28       0xf6 ./Drivers/STM32G4xx_HAL_Driver/Src/stm32g4xx_hal_dma.o
                0x08007e28                HAL_DMA_Start_IT
 .text.HAL_DMA_Abort
                0x08007f1e       0xbc ./Drivers/STM32G4xx_HAL_Driver/Src/stm32g4xx_hal_dma.o
                0x08007f1e                HAL_DMA_Abort
 .text.HAL_DMA_Abort_IT
                0x08007fda       0xce ./Drivers/STM32G4xx_HAL_Driver/Src/stm32g4xx_hal_dma.o
                0x08007fda                HAL_DMA_Abort_IT
 .text.HAL_DMA_IRQHandler
                0x080080a8      0x15e ./Drivers/STM32G4xx_HAL_Driver/Src/stm32g4xx_hal_dma.o
                0x080080a8                HAL_DMA_IRQHandler
 .text.DMA_SetConfig
                0x08008206       0x7c ./Drivers/STM32G4xx_HAL_Driver/Src/stm32g4xx_hal_dma.o
 *fill*         0x08008282        0x2 
 .text.DMA_CalcDMAMUXChannelBaseAndMask
                0x08008284       0x90 ./Drivers/STM32G4xx_HAL_Driver/Src/stm32g4xx_hal_dma.o
 .text.DMA_CalcDMAMUXRequestGenBaseAndMask
                0x08008314       0x4c ./Drivers/STM32G4xx_HAL_Driver/Src/stm32g4xx_hal_dma.o
 .text.HAL_GPIO_Init
                0x08008360      0x318 ./Drivers/STM32G4xx_HAL_Driver/Src/stm32g4xx_hal_gpio.o
                0x08008360                HAL_GPIO_Init
 .text.HAL_GPIO_ReadPin
                0x08008678       0x30 ./Drivers/STM32G4xx_HAL_Driver/Src/stm32g4xx_hal_gpio.o
                0x08008678                HAL_GPIO_ReadPin
 .text.HAL_GPIO_WritePin
                0x080086a8       0x30 ./Drivers/STM32G4xx_HAL_Driver/Src/stm32g4xx_hal_gpio.o
                0x080086a8                HAL_GPIO_WritePin
 .text.HAL_GPIO_EXTI_IRQHandler
                0x080086d8       0x30 ./Drivers/STM32G4xx_HAL_Driver/Src/stm32g4xx_hal_gpio.o
                0x080086d8                HAL_GPIO_EXTI_IRQHandler
 .text.HAL_PWREx_ControlVoltageScaling
                0x08008708      0x148 ./Drivers/STM32G4xx_HAL_Driver/Src/stm32g4xx_hal_pwr_ex.o
                0x08008708                HAL_PWREx_ControlVoltageScaling
 .text.HAL_PWREx_DisableUCPDDeadBattery
                0x08008850       0x20 ./Drivers/STM32G4xx_HAL_Driver/Src/stm32g4xx_hal_pwr_ex.o
                0x08008850                HAL_PWREx_DisableUCPDDeadBattery
 .text.HAL_RCC_OscConfig
                0x08008870      0x624 ./Drivers/STM32G4xx_HAL_Driver/Src/stm32g4xx_hal_rcc.o
                0x08008870                HAL_RCC_OscConfig
 .text.HAL_RCC_ClockConfig
                0x08008e94      0x278 ./Drivers/STM32G4xx_HAL_Driver/Src/stm32g4xx_hal_rcc.o
                0x08008e94                HAL_RCC_ClockConfig
 .text.HAL_RCC_GetSysClockFreq
                0x0800910c       0xc4 ./Drivers/STM32G4xx_HAL_Driver/Src/stm32g4xx_hal_rcc.o
                0x0800910c                HAL_RCC_GetSysClockFreq
 .text.HAL_RCC_GetHCLKFreq
                0x080091d0       0x18 ./Drivers/STM32G4xx_HAL_Driver/Src/stm32g4xx_hal_rcc.o
                0x080091d0                HAL_RCC_GetHCLKFreq
 .text.HAL_RCC_GetPCLK1Freq
                0x080091e8       0x2c ./Drivers/STM32G4xx_HAL_Driver/Src/stm32g4xx_hal_rcc.o
                0x080091e8                HAL_RCC_GetPCLK1Freq
 .text.HAL_RCC_GetPCLK2Freq
                0x08009214       0x2c ./Drivers/STM32G4xx_HAL_Driver/Src/stm32g4xx_hal_rcc.o
                0x08009214                HAL_RCC_GetPCLK2Freq
 .text.RCC_GetSysClockFreqFromPLLSource
                0x08009240       0x8c ./Drivers/STM32G4xx_HAL_Driver/Src/stm32g4xx_hal_rcc.o
 .text.HAL_RCCEx_PeriphCLKConfig
                0x080092cc      0x49c ./Drivers/STM32G4xx_HAL_Driver/Src/stm32g4xx_hal_rcc_ex.o
                0x080092cc                HAL_RCCEx_PeriphCLKConfig
 .text.HAL_TIM_Base_Init
                0x08009768       0xc8 ./Drivers/STM32G4xx_HAL_Driver/Src/stm32g4xx_hal_tim.o
                0x08009768                HAL_TIM_Base_Init
 .text.HAL_TIM_Base_Start
                0x08009830       0xe0 ./Drivers/STM32G4xx_HAL_Driver/Src/stm32g4xx_hal_tim.o
                0x08009830                HAL_TIM_Base_Start
 .text.HAL_TIM_Base_Start_IT
                0x08009910       0xf0 ./Drivers/STM32G4xx_HAL_Driver/Src/stm32g4xx_hal_tim.o
                0x08009910                HAL_TIM_Base_Start_IT
 .text.HAL_TIM_PWM_Init
                0x08009a00       0xc8 ./Drivers/STM32G4xx_HAL_Driver/Src/stm32g4xx_hal_tim.o
                0x08009a00                HAL_TIM_PWM_Init
 .text.HAL_TIM_PWM_MspInit
                0x08009ac8       0x14 ./Drivers/STM32G4xx_HAL_Driver/Src/stm32g4xx_hal_tim.o
                0x08009ac8                HAL_TIM_PWM_MspInit
 .text.HAL_TIM_PWM_Start
                0x08009adc      0x224 ./Drivers/STM32G4xx_HAL_Driver/Src/stm32g4xx_hal_tim.o
                0x08009adc                HAL_TIM_PWM_Start
 .text.HAL_TIM_OnePulse_Init
                0x08009d00       0xbc ./Drivers/STM32G4xx_HAL_Driver/Src/stm32g4xx_hal_tim.o
                0x08009d00                HAL_TIM_OnePulse_Init
 .text.HAL_TIM_OnePulse_MspInit
                0x08009dbc       0x14 ./Drivers/STM32G4xx_HAL_Driver/Src/stm32g4xx_hal_tim.o
                0x08009dbc                HAL_TIM_OnePulse_MspInit
 .text.HAL_TIM_OnePulse_Start_IT
                0x08009dd0      0x11c ./Drivers/STM32G4xx_HAL_Driver/Src/stm32g4xx_hal_tim.o
                0x08009dd0                HAL_TIM_OnePulse_Start_IT
 .text.HAL_TIM_Encoder_Init
                0x08009eec      0x168 ./Drivers/STM32G4xx_HAL_Driver/Src/stm32g4xx_hal_tim.o
                0x08009eec                HAL_TIM_Encoder_Init
 .text.HAL_TIM_Encoder_Start
                0x0800a054      0x11c ./Drivers/STM32G4xx_HAL_Driver/Src/stm32g4xx_hal_tim.o
                0x0800a054                HAL_TIM_Encoder_Start
 .text.HAL_TIM_IRQHandler
                0x0800a170      0x2f2 ./Drivers/STM32G4xx_HAL_Driver/Src/stm32g4xx_hal_tim.o
                0x0800a170                HAL_TIM_IRQHandler
 *fill*         0x0800a462        0x2 
 .text.HAL_TIM_PWM_ConfigChannel
                0x0800a464      0x228 ./Drivers/STM32G4xx_HAL_Driver/Src/stm32g4xx_hal_tim.o
                0x0800a464                HAL_TIM_PWM_ConfigChannel
 .text.HAL_TIM_ConfigClockSource
                0x0800a68c      0x22c ./Drivers/STM32G4xx_HAL_Driver/Src/stm32g4xx_hal_tim.o
                0x0800a68c                HAL_TIM_ConfigClockSource
 .text.HAL_TIM_PeriodElapsedHalfCpltCallback
                0x0800a8b8       0x14 ./Drivers/STM32G4xx_HAL_Driver/Src/stm32g4xx_hal_tim.o
                0x0800a8b8                HAL_TIM_PeriodElapsedHalfCpltCallback
 .text.HAL_TIM_OC_DelayElapsedCallback
                0x0800a8cc       0x14 ./Drivers/STM32G4xx_HAL_Driver/Src/stm32g4xx_hal_tim.o
                0x0800a8cc                HAL_TIM_OC_DelayElapsedCallback
 .text.HAL_TIM_IC_CaptureCallback
                0x0800a8e0       0x14 ./Drivers/STM32G4xx_HAL_Driver/Src/stm32g4xx_hal_tim.o
                0x0800a8e0                HAL_TIM_IC_CaptureCallback
 .text.HAL_TIM_IC_CaptureHalfCpltCallback
                0x0800a8f4       0x14 ./Drivers/STM32G4xx_HAL_Driver/Src/stm32g4xx_hal_tim.o
                0x0800a8f4                HAL_TIM_IC_CaptureHalfCpltCallback
 .text.HAL_TIM_PWM_PulseFinishedCallback
                0x0800a908       0x14 ./Drivers/STM32G4xx_HAL_Driver/Src/stm32g4xx_hal_tim.o
                0x0800a908                HAL_TIM_PWM_PulseFinishedCallback
 .text.HAL_TIM_PWM_PulseFinishedHalfCpltCallback
                0x0800a91c       0x14 ./Drivers/STM32G4xx_HAL_Driver/Src/stm32g4xx_hal_tim.o
                0x0800a91c                HAL_TIM_PWM_PulseFinishedHalfCpltCallback
 .text.HAL_TIM_TriggerCallback
                0x0800a930       0x14 ./Drivers/STM32G4xx_HAL_Driver/Src/stm32g4xx_hal_tim.o
                0x0800a930                HAL_TIM_TriggerCallback
 .text.HAL_TIM_TriggerHalfCpltCallback
                0x0800a944       0x14 ./Drivers/STM32G4xx_HAL_Driver/Src/stm32g4xx_hal_tim.o
                0x0800a944                HAL_TIM_TriggerHalfCpltCallback
 .text.HAL_TIM_ErrorCallback
                0x0800a958       0x14 ./Drivers/STM32G4xx_HAL_Driver/Src/stm32g4xx_hal_tim.o
                0x0800a958                HAL_TIM_ErrorCallback
 .text.HAL_TIM_RegisterCallback
                0x0800a96c      0x2c0 ./Drivers/STM32G4xx_HAL_Driver/Src/stm32g4xx_hal_tim.o
                0x0800a96c                HAL_TIM_RegisterCallback
 .text.TIM_Base_SetConfig
                0x0800ac2c      0x15c ./Drivers/STM32G4xx_HAL_Driver/Src/stm32g4xx_hal_tim.o
                0x0800ac2c                TIM_Base_SetConfig
 .text.TIM_OC1_SetConfig
                0x0800ad88      0x138 ./Drivers/STM32G4xx_HAL_Driver/Src/stm32g4xx_hal_tim.o
 .text.TIM_OC2_SetConfig
                0x0800aec0      0x12c ./Drivers/STM32G4xx_HAL_Driver/Src/stm32g4xx_hal_tim.o
                0x0800aec0                TIM_OC2_SetConfig
 .text.TIM_OC3_SetConfig
                0x0800afec      0x128 ./Drivers/STM32G4xx_HAL_Driver/Src/stm32g4xx_hal_tim.o
 .text.TIM_OC4_SetConfig
                0x0800b114      0x12c ./Drivers/STM32G4xx_HAL_Driver/Src/stm32g4xx_hal_tim.o
 .text.TIM_OC5_SetConfig
                0x0800b240       0xd4 ./Drivers/STM32G4xx_HAL_Driver/Src/stm32g4xx_hal_tim.o
 .text.TIM_OC6_SetConfig
                0x0800b314       0xd8 ./Drivers/STM32G4xx_HAL_Driver/Src/stm32g4xx_hal_tim.o
 .text.TIM_TI1_ConfigInputStage
                0x0800b3ec       0xb4 ./Drivers/STM32G4xx_HAL_Driver/Src/stm32g4xx_hal_tim.o
 .text.TIM_TI2_ConfigInputStage
                0x0800b4a0       0x90 ./Drivers/STM32G4xx_HAL_Driver/Src/stm32g4xx_hal_tim.o
 .text.TIM_ITRx_SetConfig
                0x0800b530       0x3a ./Drivers/STM32G4xx_HAL_Driver/Src/stm32g4xx_hal_tim.o
 .text.TIM_ETR_SetConfig
                0x0800b56a       0x40 ./Drivers/STM32G4xx_HAL_Driver/Src/stm32g4xx_hal_tim.o
                0x0800b56a                TIM_ETR_SetConfig
 .text.TIM_CCxChannelCmd
                0x0800b5aa       0x4a ./Drivers/STM32G4xx_HAL_Driver/Src/stm32g4xx_hal_tim.o
                0x0800b5aa                TIM_CCxChannelCmd
 .text.TIM_ResetCallback
                0x0800b5f4       0xec ./Drivers/STM32G4xx_HAL_Driver/Src/stm32g4xx_hal_tim.o
                0x0800b5f4                TIM_ResetCallback
 .text.HAL_TIMEx_MasterConfigSynchronization
                0x0800b6e0      0x12c ./Drivers/STM32G4xx_HAL_Driver/Src/stm32g4xx_hal_tim_ex.o
                0x0800b6e0                HAL_TIMEx_MasterConfigSynchronization
 .text.HAL_TIMEx_CommutCallback
                0x0800b80c       0x14 ./Drivers/STM32G4xx_HAL_Driver/Src/stm32g4xx_hal_tim_ex.o
                0x0800b80c                HAL_TIMEx_CommutCallback
 .text.HAL_TIMEx_CommutHalfCpltCallback
                0x0800b820       0x14 ./Drivers/STM32G4xx_HAL_Driver/Src/stm32g4xx_hal_tim_ex.o
                0x0800b820                HAL_TIMEx_CommutHalfCpltCallback
 .text.HAL_TIMEx_BreakCallback
                0x0800b834       0x14 ./Drivers/STM32G4xx_HAL_Driver/Src/stm32g4xx_hal_tim_ex.o
                0x0800b834                HAL_TIMEx_BreakCallback
 .text.HAL_TIMEx_Break2Callback
                0x0800b848       0x14 ./Drivers/STM32G4xx_HAL_Driver/Src/stm32g4xx_hal_tim_ex.o
                0x0800b848                HAL_TIMEx_Break2Callback
 .text.HAL_TIMEx_EncoderIndexCallback
                0x0800b85c       0x14 ./Drivers/STM32G4xx_HAL_Driver/Src/stm32g4xx_hal_tim_ex.o
                0x0800b85c                HAL_TIMEx_EncoderIndexCallback
 .text.HAL_TIMEx_DirectionChangeCallback
                0x0800b870       0x14 ./Drivers/STM32G4xx_HAL_Driver/Src/stm32g4xx_hal_tim_ex.o
                0x0800b870                HAL_TIMEx_DirectionChangeCallback
 .text.HAL_TIMEx_IndexErrorCallback
                0x0800b884       0x14 ./Drivers/STM32G4xx_HAL_Driver/Src/stm32g4xx_hal_tim_ex.o
                0x0800b884                HAL_TIMEx_IndexErrorCallback
 .text.HAL_TIMEx_TransitionErrorCallback
                0x0800b898       0x14 ./Drivers/STM32G4xx_HAL_Driver/Src/stm32g4xx_hal_tim_ex.o
                0x0800b898                HAL_TIMEx_TransitionErrorCallback
 .text.HAL_UART_Init
                0x0800b8ac       0xc0 ./Drivers/STM32G4xx_HAL_Driver/Src/stm32g4xx_hal_uart.o
                0x0800b8ac                HAL_UART_Init
 .text.HAL_UART_RegisterCallback
                0x0800b96c      0x174 ./Drivers/STM32G4xx_HAL_Driver/Src/stm32g4xx_hal_uart.o
                0x0800b96c                HAL_UART_RegisterCallback
 .text.HAL_UART_Receive_IT
                0x0800bae0       0x98 ./Drivers/STM32G4xx_HAL_Driver/Src/stm32g4xx_hal_uart.o
                0x0800bae0                HAL_UART_Receive_IT
 .text.HAL_UART_Transmit_DMA
                0x0800bb78      0x100 ./Drivers/STM32G4xx_HAL_Driver/Src/stm32g4xx_hal_uart.o
                0x0800bb78                HAL_UART_Transmit_DMA
 .text.HAL_UART_Receive_DMA
                0x0800bc78       0x98 ./Drivers/STM32G4xx_HAL_Driver/Src/stm32g4xx_hal_uart.o
                0x0800bc78                HAL_UART_Receive_DMA
 .text.HAL_UART_IRQHandler
                0x0800bd10      0x6a8 ./Drivers/STM32G4xx_HAL_Driver/Src/stm32g4xx_hal_uart.o
                0x0800bd10                HAL_UART_IRQHandler
 .text.HAL_UART_TxCpltCallback
                0x0800c3b8       0x14 ./Drivers/STM32G4xx_HAL_Driver/Src/stm32g4xx_hal_uart.o
                0x0800c3b8                HAL_UART_TxCpltCallback
 .text.HAL_UART_TxHalfCpltCallback
                0x0800c3cc       0x14 ./Drivers/STM32G4xx_HAL_Driver/Src/stm32g4xx_hal_uart.o
                0x0800c3cc                HAL_UART_TxHalfCpltCallback
 .text.HAL_UART_RxHalfCpltCallback
                0x0800c3e0       0x14 ./Drivers/STM32G4xx_HAL_Driver/Src/stm32g4xx_hal_uart.o
                0x0800c3e0                HAL_UART_RxHalfCpltCallback
 .text.HAL_UART_ErrorCallback
                0x0800c3f4       0x14 ./Drivers/STM32G4xx_HAL_Driver/Src/stm32g4xx_hal_uart.o
                0x0800c3f4                HAL_UART_ErrorCallback
 .text.HAL_UART_AbortCpltCallback
                0x0800c408       0x14 ./Drivers/STM32G4xx_HAL_Driver/Src/stm32g4xx_hal_uart.o
                0x0800c408                HAL_UART_AbortCpltCallback
 .text.HAL_UART_AbortTransmitCpltCallback
                0x0800c41c       0x14 ./Drivers/STM32G4xx_HAL_Driver/Src/stm32g4xx_hal_uart.o
                0x0800c41c                HAL_UART_AbortTransmitCpltCallback
 .text.HAL_UART_AbortReceiveCpltCallback
                0x0800c430       0x14 ./Drivers/STM32G4xx_HAL_Driver/Src/stm32g4xx_hal_uart.o
                0x0800c430                HAL_UART_AbortReceiveCpltCallback
 .text.HAL_UARTEx_RxEventCallback
                0x0800c444       0x18 ./Drivers/STM32G4xx_HAL_Driver/Src/stm32g4xx_hal_uart.o
                0x0800c444                HAL_UARTEx_RxEventCallback
 .text.HAL_UART_ReceiverTimeout_Config
                0x0800c45c       0x38 ./Drivers/STM32G4xx_HAL_Driver/Src/stm32g4xx_hal_uart.o
                0x0800c45c                HAL_UART_ReceiverTimeout_Config
 .text.HAL_UART_EnableReceiverTimeout
                0x0800c494       0x74 ./Drivers/STM32G4xx_HAL_Driver/Src/stm32g4xx_hal_uart.o
                0x0800c494                HAL_UART_EnableReceiverTimeout
 .text.HAL_UART_GetError
                0x0800c508       0x1a ./Drivers/STM32G4xx_HAL_Driver/Src/stm32g4xx_hal_uart.o
                0x0800c508                HAL_UART_GetError
 *fill*         0x0800c522        0x2 
 .text.UART_InitCallbacksToDefault
                0x0800c524       0xa4 ./Drivers/STM32G4xx_HAL_Driver/Src/stm32g4xx_hal_uart.o
                0x0800c524                UART_InitCallbacksToDefault
 .text.UART_SetConfig
                0x0800c5c8      0x5f8 ./Drivers/STM32G4xx_HAL_Driver/Src/stm32g4xx_hal_uart.o
                0x0800c5c8                UART_SetConfig
 .text.UART_AdvFeatureConfig
                0x0800cbc0      0x144 ./Drivers/STM32G4xx_HAL_Driver/Src/stm32g4xx_hal_uart.o
                0x0800cbc0                UART_AdvFeatureConfig
 .text.UART_CheckIdleState
                0x0800cd04      0x154 ./Drivers/STM32G4xx_HAL_Driver/Src/stm32g4xx_hal_uart.o
                0x0800cd04                UART_CheckIdleState
 .text.UART_WaitOnFlagUntilTimeout
                0x0800ce58       0xda ./Drivers/STM32G4xx_HAL_Driver/Src/stm32g4xx_hal_uart.o
                0x0800ce58                UART_WaitOnFlagUntilTimeout
 *fill*         0x0800cf32        0x2 
 .text.UART_Start_Receive_IT
                0x0800cf34      0x244 ./Drivers/STM32G4xx_HAL_Driver/Src/stm32g4xx_hal_uart.o
                0x0800cf34                UART_Start_Receive_IT
 .text.UART_Start_Receive_DMA
                0x0800d178      0x14c ./Drivers/STM32G4xx_HAL_Driver/Src/stm32g4xx_hal_uart.o
                0x0800d178                UART_Start_Receive_DMA
 .text.UART_EndTxTransfer
                0x0800d2c4       0x82 ./Drivers/STM32G4xx_HAL_Driver/Src/stm32g4xx_hal_uart.o
 .text.UART_EndRxTransfer
                0x0800d346       0xcc ./Drivers/STM32G4xx_HAL_Driver/Src/stm32g4xx_hal_uart.o
 .text.UART_DMATransmitCplt
                0x0800d412       0x9e ./Drivers/STM32G4xx_HAL_Driver/Src/stm32g4xx_hal_uart.o
 .text.UART_DMATxHalfCplt
                0x0800d4b0       0x20 ./Drivers/STM32G4xx_HAL_Driver/Src/stm32g4xx_hal_uart.o
 .text.UART_DMAReceiveCplt
                0x0800d4d0      0x16a ./Drivers/STM32G4xx_HAL_Driver/Src/stm32g4xx_hal_uart.o
 .text.UART_DMARxHalfCplt
                0x0800d63a       0x7a ./Drivers/STM32G4xx_HAL_Driver/Src/stm32g4xx_hal_uart.o
 .text.UART_DMAError
                0x0800d6b4       0x74 ./Drivers/STM32G4xx_HAL_Driver/Src/stm32g4xx_hal_uart.o
 .text.UART_DMAAbortOnError
                0x0800d728       0x20 ./Drivers/STM32G4xx_HAL_Driver/Src/stm32g4xx_hal_uart.o
 .text.UART_EndTransmit_IT
                0x0800d748       0x5a ./Drivers/STM32G4xx_HAL_Driver/Src/stm32g4xx_hal_uart.o
 *fill*         0x0800d7a2        0x2 
 .text.UART_RxISR_8BIT
                0x0800d7a4      0x1c0 ./Drivers/STM32G4xx_HAL_Driver/Src/stm32g4xx_hal_uart.o
 .text.UART_RxISR_16BIT
                0x0800d964      0x1c0 ./Drivers/STM32G4xx_HAL_Driver/Src/stm32g4xx_hal_uart.o
 .text.UART_RxISR_8BIT_FIFOEN
                0x0800db24      0x370 ./Drivers/STM32G4xx_HAL_Driver/Src/stm32g4xx_hal_uart.o
 .text.UART_RxISR_16BIT_FIFOEN
                0x0800de94      0x378 ./Drivers/STM32G4xx_HAL_Driver/Src/stm32g4xx_hal_uart.o
 .text.HAL_RS485Ex_Init
                0x0800e20c       0xf4 ./Drivers/STM32G4xx_HAL_Driver/Src/stm32g4xx_hal_uart_ex.o
                0x0800e20c                HAL_RS485Ex_Init
 .text.HAL_UARTEx_WakeupCallback
                0x0800e300       0x14 ./Drivers/STM32G4xx_HAL_Driver/Src/stm32g4xx_hal_uart_ex.o
                0x0800e300                HAL_UARTEx_WakeupCallback
 .text.HAL_UARTEx_RxFifoFullCallback
                0x0800e314       0x14 ./Drivers/STM32G4xx_HAL_Driver/Src/stm32g4xx_hal_uart_ex.o
                0x0800e314                HAL_UARTEx_RxFifoFullCallback
 .text.HAL_UARTEx_TxFifoEmptyCallback
                0x0800e328       0x14 ./Drivers/STM32G4xx_HAL_Driver/Src/stm32g4xx_hal_uart_ex.o
                0x0800e328                HAL_UARTEx_TxFifoEmptyCallback
 .text.HAL_UARTEx_DisableFifoMode
                0x0800e33c       0x72 ./Drivers/STM32G4xx_HAL_Driver/Src/stm32g4xx_hal_uart_ex.o
                0x0800e33c                HAL_UARTEx_DisableFifoMode
 .text.HAL_UARTEx_SetTxFifoThreshold
                0x0800e3ae       0x7c ./Drivers/STM32G4xx_HAL_Driver/Src/stm32g4xx_hal_uart_ex.o
                0x0800e3ae                HAL_UARTEx_SetTxFifoThreshold
 .text.HAL_UARTEx_SetRxFifoThreshold
                0x0800e42a       0x7c ./Drivers/STM32G4xx_HAL_Driver/Src/stm32g4xx_hal_uart_ex.o
                0x0800e42a                HAL_UARTEx_SetRxFifoThreshold
 *fill*         0x0800e4a6        0x2 
 .text.UARTEx_SetNbDataToProcess
                0x0800e4a8       0x9c ./Drivers/STM32G4xx_HAL_Driver/Src/stm32g4xx_hal_uart_ex.o
 .text.arm_mat_trans_f32
                0x0800e544      0x154 ../Middlewares/Third_Party/ARM_CMSIS/CMSIS/DSP/Lib/GCC\libarm_cortexM4lf_math.a(arm_mat_trans_f32.o)
                0x0800e544                arm_mat_trans_f32
 .text.arm_mat_sub_f32
                0x0800e698       0xd8 ../Middlewares/Third_Party/ARM_CMSIS/CMSIS/DSP/Lib/GCC\libarm_cortexM4lf_math.a(arm_mat_sub_f32.o)
                0x0800e698                arm_mat_sub_f32
 .text.arm_mat_scale_f32
                0x0800e770       0xa8 ../Middlewares/Third_Party/ARM_CMSIS/CMSIS/DSP/Lib/GCC\libarm_cortexM4lf_math.a(arm_mat_scale_f32.o)
                0x0800e770                arm_mat_scale_f32
 .text.arm_mat_mult_f32
                0x0800e818      0x220 ../Middlewares/Third_Party/ARM_CMSIS/CMSIS/DSP/Lib/GCC\libarm_cortexM4lf_math.a(arm_mat_mult_f32.o)
                0x0800e818                arm_mat_mult_f32
 .text.arm_mat_init_f32
                0x0800ea38        0x8 ../Middlewares/Third_Party/ARM_CMSIS/CMSIS/DSP/Lib/GCC\libarm_cortexM4lf_math.a(arm_mat_init_f32.o)
                0x0800ea38                arm_mat_init_f32
 .text.arm_mat_add_f32
                0x0800ea40       0xd8 ../Middlewares/Third_Party/ARM_CMSIS/CMSIS/DSP/Lib/GCC\libarm_cortexM4lf_math.a(arm_mat_add_f32.o)
                0x0800ea40                arm_mat_add_f32
 .text.memset   0x0800eb18       0x10 C:/ST/STM32CubeIDE_1.19.0/STM32CubeIDE/plugins/com.st.stm32cube.ide.mcu.externaltools.gnu-tools-for-stm32.13.3.rel1.win32_1.0.0.202411081344/tools/bin/../lib/gcc/arm-none-eabi/13.3.1/../../../../arm-none-eabi/lib/thumb/v7e-m+fp/hard\libc_nano.a(libc_a-memset.o)
                0x0800eb18                memset
 .text.__errno  0x0800eb28        0xc C:/ST/STM32CubeIDE_1.19.0/STM32CubeIDE/plugins/com.st.stm32cube.ide.mcu.externaltools.gnu-tools-for-stm32.13.3.rel1.win32_1.0.0.202411081344/tools/bin/../lib/gcc/arm-none-eabi/13.3.1/../../../../arm-none-eabi/lib/thumb/v7e-m+fp/hard\libc_nano.a(libc_a-errno.o)
                0x0800eb28                __errno
 .text.__libc_init_array
                0x0800eb34       0x48 C:/ST/STM32CubeIDE_1.19.0/STM32CubeIDE/plugins/com.st.stm32cube.ide.mcu.externaltools.gnu-tools-for-stm32.13.3.rel1.win32_1.0.0.202411081344/tools/bin/../lib/gcc/arm-none-eabi/13.3.1/../../../../arm-none-eabi/lib/thumb/v7e-m+fp/hard\libc_nano.a(libc_a-init.o)
                0x0800eb34                __libc_init_array
 .text.memcpy   0x0800eb7c       0x1c C:/ST/STM32CubeIDE_1.19.0/STM32CubeIDE/plugins/com.st.stm32cube.ide.mcu.externaltools.gnu-tools-for-stm32.13.3.rel1.win32_1.0.0.202411081344/tools/bin/../lib/gcc/arm-none-eabi/13.3.1/../../../../arm-none-eabi/lib/thumb/v7e-m+fp/hard\libc_nano.a(libc_a-memcpy-stub.o)
                0x0800eb7c                memcpy
 .text.sqrtf    0x0800eb98       0x3c C:/ST/STM32CubeIDE_1.19.0/STM32CubeIDE/plugins/com.st.stm32cube.ide.mcu.externaltools.gnu-tools-for-stm32.13.3.rel1.win32_1.0.0.202411081344/tools/bin/../lib/gcc/arm-none-eabi/13.3.1/../../../../arm-none-eabi/lib/thumb/v7e-m+fp/hard\libm.a(libm_a-wf_sqrt.o)
                0x0800eb98                sqrtf
 .text.cbrtf    0x0800ebd4       0xc0 C:/ST/STM32CubeIDE_1.19.0/STM32CubeIDE/plugins/com.st.stm32cube.ide.mcu.externaltools.gnu-tools-for-stm32.13.3.rel1.win32_1.0.0.202411081344/tools/bin/../lib/gcc/arm-none-eabi/13.3.1/../../../../arm-none-eabi/lib/thumb/v7e-m+fp/hard\libm.a(libm_a-sf_cbrt.o)
                0x0800ebd4                cbrtf
 .text.__ieee754_sqrtf
                0x0800ec94        0x6 C:/ST/STM32CubeIDE_1.19.0/STM32CubeIDE/plugins/com.st.stm32cube.ide.mcu.externaltools.gnu-tools-for-stm32.13.3.rel1.win32_1.0.0.202411081344/tools/bin/../lib/gcc/arm-none-eabi/13.3.1/../../../../arm-none-eabi/lib/thumb/v7e-m+fp/hard\libm.a(libm_a-ef_sqrt.o)
                0x0800ec94                __ieee754_sqrtf
 *(.glue_7)
 .glue_7        0x0800ec9a        0x0 linker stubs
 *(.glue_7t)
 .glue_7t       0x0800ec9a        0x0 linker stubs
 *(.eh_frame)
 *fill*         0x0800ec9a        0x2 
 .eh_frame      0x0800ec9c        0x0 C:/ST/STM32CubeIDE_1.19.0/STM32CubeIDE/plugins/com.st.stm32cube.ide.mcu.externaltools.gnu-tools-for-stm32.13.3.rel1.win32_1.0.0.202411081344/tools/bin/../lib/gcc/arm-none-eabi/13.3.1/thumb/v7e-m+fp/hard/crtbegin.o
 *(.init)
 .init          0x0800ec9c        0x4 C:/ST/STM32CubeIDE_1.19.0/STM32CubeIDE/plugins/com.st.stm32cube.ide.mcu.externaltools.gnu-tools-for-stm32.13.3.rel1.win32_1.0.0.202411081344/tools/bin/../lib/gcc/arm-none-eabi/13.3.1/thumb/v7e-m+fp/hard/crti.o
                0x0800ec9c                _init
 .init          0x0800eca0        0x8 C:/ST/STM32CubeIDE_1.19.0/STM32CubeIDE/plugins/com.st.stm32cube.ide.mcu.externaltools.gnu-tools-for-stm32.13.3.rel1.win32_1.0.0.202411081344/tools/bin/../lib/gcc/arm-none-eabi/13.3.1/thumb/v7e-m+fp/hard/crtn.o
 *(.fini)
 .fini          0x0800eca8        0x4 C:/ST/STM32CubeIDE_1.19.0/STM32CubeIDE/plugins/com.st.stm32cube.ide.mcu.externaltools.gnu-tools-for-stm32.13.3.rel1.win32_1.0.0.202411081344/tools/bin/../lib/gcc/arm-none-eabi/13.3.1/thumb/v7e-m+fp/hard/crti.o
                0x0800eca8                _fini
 .fini          0x0800ecac        0x8 C:/ST/STM32CubeIDE_1.19.0/STM32CubeIDE/plugins/com.st.stm32cube.ide.mcu.externaltools.gnu-tools-for-stm32.13.3.rel1.win32_1.0.0.202411081344/tools/bin/../lib/gcc/arm-none-eabi/13.3.1/thumb/v7e-m+fp/hard/crtn.o
                0x0800ecb4                        . = ALIGN (0x4)
                0x0800ecb4                        _etext = .

.vfp11_veneer   0x0800ecb4        0x0
 .vfp11_veneer  0x0800ecb4        0x0 linker stubs

.v4_bx          0x0800ecb4        0x0
 .v4_bx         0x0800ecb4        0x0 linker stubs

.iplt           0x0800ecb4        0x0
 .iplt          0x0800ecb4        0x0 C:/ST/STM32CubeIDE_1.19.0/STM32CubeIDE/plugins/com.st.stm32cube.ide.mcu.externaltools.gnu-tools-for-stm32.13.3.rel1.win32_1.0.0.202411081344/tools/bin/../lib/gcc/arm-none-eabi/13.3.1/thumb/v7e-m+fp/hard/crtbegin.o

.rodata         0x0800ecb4       0x88
                0x0800ecb4                        . = ALIGN (0x4)
 *(.rodata)
 .rodata        0x0800ecb4       0x48 ./Core/Src/TaskManager.o
 *(.rodata*)
 .rodata.AHBPrescTable
                0x0800ecfc       0x10 ./Core/Src/system_stm32g4xx.o
                0x0800ecfc                AHBPrescTable
 .rodata.APBPrescTable
                0x0800ed0c        0x8 ./Core/Src/system_stm32g4xx.o
                0x0800ed0c                APBPrescTable
 .rodata.UARTPrescTable
                0x0800ed14       0x18 ./Drivers/STM32G4xx_HAL_Driver/Src/stm32g4xx_hal_uart.o
                0x0800ed14                UARTPrescTable
 .rodata.numerator.1
                0x0800ed2c        0x8 ./Drivers/STM32G4xx_HAL_Driver/Src/stm32g4xx_hal_uart_ex.o
 .rodata.denominator.0
                0x0800ed34        0x8 ./Drivers/STM32G4xx_HAL_Driver/Src/stm32g4xx_hal_uart_ex.o
                0x0800ed3c                        . = ALIGN (0x4)

.ARM.extab      0x0800ed3c        0x0
                0x0800ed3c                        . = ALIGN (0x4)
 *(.ARM.extab* .gnu.linkonce.armextab.*)
                0x0800ed3c                        . = ALIGN (0x4)

.ARM            0x0800ed3c        0x8
                0x0800ed3c                        . = ALIGN (0x4)
                0x0800ed3c                        __exidx_start = .
 *(.ARM.exidx*)
 .ARM.exidx     0x0800ed3c        0x8 C:/ST/STM32CubeIDE_1.19.0/STM32CubeIDE/plugins/com.st.stm32cube.ide.mcu.externaltools.gnu-tools-for-stm32.13.3.rel1.win32_1.0.0.202411081344/tools/bin/../lib/gcc/arm-none-eabi/13.3.1/thumb/v7e-m+fp/hard\libgcc.a(_udivmoddi4.o)
                0x0800ed44                        __exidx_end = .
                0x0800ed44                        . = ALIGN (0x4)

.preinit_array  0x0800ed44        0x0
                0x0800ed44                        . = ALIGN (0x4)
                0x0800ed44                        PROVIDE (__preinit_array_start = .)
 *(.preinit_array*)
                0x0800ed44                        PROVIDE (__preinit_array_end = .)
                0x0800ed44                        . = ALIGN (0x4)

.init_array     0x0800ed44        0x4
                0x0800ed44                        . = ALIGN (0x4)
                0x0800ed44                        PROVIDE (__init_array_start = .)
 *(SORT_BY_NAME(.init_array.*))
 *(.init_array*)
 .init_array    0x0800ed44        0x4 C:/ST/STM32CubeIDE_1.19.0/STM32CubeIDE/plugins/com.st.stm32cube.ide.mcu.externaltools.gnu-tools-for-stm32.13.3.rel1.win32_1.0.0.202411081344/tools/bin/../lib/gcc/arm-none-eabi/13.3.1/thumb/v7e-m+fp/hard/crtbegin.o
                0x0800ed48                        PROVIDE (__init_array_end = .)
                0x0800ed48                        . = ALIGN (0x4)

.fini_array     0x0800ed48        0x4
                0x0800ed48                        . = ALIGN (0x4)
                [!provide]                        PROVIDE (__fini_array_start = .)
 *(SORT_BY_NAME(.fini_array.*))
 *(.fini_array*)
 .fini_array    0x0800ed48        0x4 C:/ST/STM32CubeIDE_1.19.0/STM32CubeIDE/plugins/com.st.stm32cube.ide.mcu.externaltools.gnu-tools-for-stm32.13.3.rel1.win32_1.0.0.202411081344/tools/bin/../lib/gcc/arm-none-eabi/13.3.1/thumb/v7e-m+fp/hard/crtbegin.o
                [!provide]                        PROVIDE (__fini_array_end = .)
                0x0800ed4c                        . = ALIGN (0x4)
                0x0800ed4c                        _sidata = LOADADDR (.data)

.rel.dyn        0x0800ed4c        0x0
 .rel.iplt      0x0800ed4c        0x0 C:/ST/STM32CubeIDE_1.19.0/STM32CubeIDE/plugins/com.st.stm32cube.ide.mcu.externaltools.gnu-tools-for-stm32.13.3.rel1.win32_1.0.0.202411081344/tools/bin/../lib/gcc/arm-none-eabi/13.3.1/thumb/v7e-m+fp/hard/crtbegin.o

.data           0x20000000      0x25c load address 0x0800ed4c
                0x20000000                        . = ALIGN (0x4)
                0x20000000                        _sdata = .
 *(.data)
 *(.data*)
 .data.auchCRCLo
                0x20000000      0x100 ./Core/Src/ModbusRTU.o
 .data.auchCRCHi
                0x20000100      0x100 ./Core/Src/ModbusRTU.o
 .data.SystemCoreClock
                0x20000200        0x4 ./Core/Src/system_stm32g4xx.o
                0x20000200                SystemCoreClock
 .data.uwTickPrio
                0x20000204        0x4 ./Drivers/STM32G4xx_HAL_Driver/Src/stm32g4xx_hal.o
                0x20000204                uwTickPrio
 .data.uwTickFreq
                0x20000208        0x4 ./Drivers/STM32G4xx_HAL_Driver/Src/stm32g4xx_hal.o
                0x20000208                uwTickFreq
 .data._impure_ptr
                0x2000020c        0x4 C:/ST/STM32CubeIDE_1.19.0/STM32CubeIDE/plugins/com.st.stm32cube.ide.mcu.externaltools.gnu-tools-for-stm32.13.3.rel1.win32_1.0.0.202411081344/tools/bin/../lib/gcc/arm-none-eabi/13.3.1/../../../../arm-none-eabi/lib/thumb/v7e-m+fp/hard\libc_nano.a(libc_a-impure.o)
                0x2000020c                _impure_ptr
 .data._impure_data
                0x20000210       0x4c C:/ST/STM32CubeIDE_1.19.0/STM32CubeIDE/plugins/com.st.stm32cube.ide.mcu.externaltools.gnu-tools-for-stm32.13.3.rel1.win32_1.0.0.202411081344/tools/bin/../lib/gcc/arm-none-eabi/13.3.1/../../../../arm-none-eabi/lib/thumb/v7e-m+fp/hard\libc_nano.a(libc_a-impure.o)
                0x20000210                _impure_data
 *(.RamFunc)
 *(.RamFunc*)
                0x2000025c                        . = ALIGN (0x4)
                0x2000025c                        _edata = .

.igot.plt       0x2000025c        0x0 load address 0x0800efa8
 .igot.plt      0x2000025c        0x0 C:/ST/STM32CubeIDE_1.19.0/STM32CubeIDE/plugins/com.st.stm32cube.ide.mcu.externaltools.gnu-tools-for-stm32.13.3.rel1.win32_1.0.0.202411081344/tools/bin/../lib/gcc/arm-none-eabi/13.3.1/thumb/v7e-m+fp/hard/crtbegin.o
                0x2000025c                        . = ALIGN (0x4)

.bss            0x20000260     0x1690 load address 0x0800efa8
                0x20000260                        _sbss = .
                0x20000260                        __bss_start__ = _sbss
 *(.bss)
 .bss           0x20000260       0x1c C:/ST/STM32CubeIDE_1.19.0/STM32CubeIDE/plugins/com.st.stm32cube.ide.mcu.externaltools.gnu-tools-for-stm32.13.3.rel1.win32_1.0.0.202411081344/tools/bin/../lib/gcc/arm-none-eabi/13.3.1/thumb/v7e-m+fp/hard/crtbegin.o
 *(.bss*)
 .bss.hModbus   0x2000027c        0x4 ./Core/Src/ModbusRTU.o
                0x2000027c                hModbus
 .bss.robot     0x20000280      0x6f8 ./Core/Src/main.o
                0x20000280                robot
 .bss.joystick  0x20000978       0x18 ./Core/Src/main.o
                0x20000978                joystick
 .bss.BaseSystem
                0x20000990      0x7a0 ./Core/Src/main.o
                0x20000990                BaseSystem
 .bss.taskMgr   0x20001130       0xf8 ./Core/Src/main.o
                0x20001130                taskMgr
 .bss.Emergency_State
                0x20001228        0x1 ./Core/Src/main.o
                0x20001228                Emergency_State
 .bss.Mode_State
                0x20001229        0x1 ./Core/Src/main.o
                0x20001229                Mode_State
 .bss.sysState  0x2000122a        0x1 ./Core/Src/main.o
 *fill*         0x2000122b        0x1 
 .bss.htim1     0x2000122c       0xcc ./Core/Src/tim.o
                0x2000122c                htim1
 .bss.htim2     0x200012f8       0xcc ./Core/Src/tim.o
                0x200012f8                htim2
 .bss.htim3     0x200013c4       0xcc ./Core/Src/tim.o
                0x200013c4                htim3
 .bss.htim16    0x20001490       0xcc ./Core/Src/tim.o
                0x20001490                htim16
 .bss.huart2    0x2000155c       0xcc ./Core/Src/usart.o
                0x2000155c                huart2
 .bss.huart3    0x20001628       0xcc ./Core/Src/usart.o
                0x20001628                huart3
 .bss.hdma_usart2_rx
                0x200016f4       0x60 ./Core/Src/usart.o
                0x200016f4                hdma_usart2_rx
 .bss.hdma_usart2_tx
                0x20001754       0x60 ./Core/Src/usart.o
                0x20001754                hdma_usart2_tx
 .bss.uwTick    0x200017b4        0x4 ./Drivers/STM32G4xx_HAL_Driver/Src/stm32g4xx_hal.o
                0x200017b4                uwTick
 .bss.__sf      0x200017b8      0x138 C:/ST/STM32CubeIDE_1.19.0/STM32CubeIDE/plugins/com.st.stm32cube.ide.mcu.externaltools.gnu-tools-for-stm32.13.3.rel1.win32_1.0.0.202411081344/tools/bin/../lib/gcc/arm-none-eabi/13.3.1/../../../../arm-none-eabi/lib/thumb/v7e-m+fp/hard\libc_nano.a(libc_a-findfp.o)
                0x200017b8                __sf
 *(COMMON)
                0x200018f0                        . = ALIGN (0x4)
                0x200018f0                        _ebss = .
                0x200018f0                        __bss_end__ = _ebss

._user_heap_stack
                0x200018f0      0x600 load address 0x0800efa8
                0x200018f0                        . = ALIGN (0x8)
                [!provide]                        PROVIDE (end = .)
                0x200018f0                        PROVIDE (_end = .)
                0x20001af0                        . = (. + _Min_Heap_Size)
 *fill*         0x200018f0      0x200 
                0x20001ef0                        . = (. + _Min_Stack_Size)
 *fill*         0x20001af0      0x400 
                0x20001ef0                        . = ALIGN (0x8)

/DISCARD/
 libc.a(*)
 libm.a(*)
 libgcc.a(*)

.ARM.attributes
                0x00000000       0x30
 *(.ARM.attributes)
 .ARM.attributes
                0x00000000       0x22 C:/ST/STM32CubeIDE_1.19.0/STM32CubeIDE/plugins/com.st.stm32cube.ide.mcu.externaltools.gnu-tools-for-stm32.13.3.rel1.win32_1.0.0.202411081344/tools/bin/../lib/gcc/arm-none-eabi/13.3.1/thumb/v7e-m+fp/hard/crti.o
 .ARM.attributes
                0x00000022       0x34 C:/ST/STM32CubeIDE_1.19.0/STM32CubeIDE/plugins/com.st.stm32cube.ide.mcu.externaltools.gnu-tools-for-stm32.13.3.rel1.win32_1.0.0.202411081344/tools/bin/../lib/gcc/arm-none-eabi/13.3.1/thumb/v7e-m+fp/hard/crtbegin.o
 .ARM.attributes
                0x00000056       0x34 ./Core/Src/BaseSystemInterface.o
 .ARM.attributes
                0x0000008a       0x34 ./Core/Src/Controller.o
 .ARM.attributes
                0x000000be       0x34 ./Core/Src/Gripper.o
 .ARM.attributes
                0x000000f2       0x34 ./Core/Src/JoystickInterface.o
 .ARM.attributes
                0x00000126       0x34 ./Core/Src/KalmanFilterDCMotor.o
 .ARM.attributes
                0x0000015a       0x34 ./Core/Src/MD20A.o
 .ARM.attributes
                0x0000018e       0x34 ./Core/Src/ModbusRTU.o
 .ARM.attributes
                0x000001c2       0x34 ./Core/Src/PWM.o
 .ARM.attributes
                0x000001f6       0x34 ./Core/Src/QEI.o
 .ARM.attributes
                0x0000022a       0x34 ./Core/Src/Robot.o
 .ARM.attributes
                0x0000025e       0x34 ./Core/Src/SCurve.o
 .ARM.attributes
                0x00000292       0x34 ./Core/Src/TaskManager.o
 .ARM.attributes
                0x000002c6       0x34 ./Core/Src/Trapezoid.o
 .ARM.attributes
                0x000002fa       0x34 ./Core/Src/dma.o
 .ARM.attributes
                0x0000032e       0x34 ./Core/Src/gpio.o
 .ARM.attributes
                0x00000362       0x34 ./Core/Src/main.o
 .ARM.attributes
                0x00000396       0x34 ./Core/Src/stm32g4xx_hal_msp.o
 .ARM.attributes
                0x000003ca       0x34 ./Core/Src/stm32g4xx_it.o
 .ARM.attributes
                0x000003fe       0x34 ./Core/Src/system_stm32g4xx.o
 .ARM.attributes
                0x00000432       0x34 ./Core/Src/tim.o
 .ARM.attributes
                0x00000466       0x34 ./Core/Src/usart.o
 .ARM.attributes
                0x0000049a       0x21 ./Core/Startup/startup_stm32g474retx.o
 .ARM.attributes
                0x000004bb       0x34 ./Drivers/STM32G4xx_HAL_Driver/Src/stm32g4xx_hal.o
 .ARM.attributes
                0x000004ef       0x34 ./Drivers/STM32G4xx_HAL_Driver/Src/stm32g4xx_hal_cortex.o
 .ARM.attributes
                0x00000523       0x34 ./Drivers/STM32G4xx_HAL_Driver/Src/stm32g4xx_hal_dma.o
 .ARM.attributes
                0x00000557       0x34 ./Drivers/STM32G4xx_HAL_Driver/Src/stm32g4xx_hal_gpio.o
 .ARM.attributes
                0x0000058b       0x34 ./Drivers/STM32G4xx_HAL_Driver/Src/stm32g4xx_hal_pwr_ex.o
 .ARM.attributes
                0x000005bf       0x34 ./Drivers/STM32G4xx_HAL_Driver/Src/stm32g4xx_hal_rcc.o
 .ARM.attributes
                0x000005f3       0x34 ./Drivers/STM32G4xx_HAL_Driver/Src/stm32g4xx_hal_rcc_ex.o
 .ARM.attributes
                0x00000627       0x34 ./Drivers/STM32G4xx_HAL_Driver/Src/stm32g4xx_hal_tim.o
 .ARM.attributes
                0x0000065b       0x34 ./Drivers/STM32G4xx_HAL_Driver/Src/stm32g4xx_hal_tim_ex.o
 .ARM.attributes
                0x0000068f       0x34 ./Drivers/STM32G4xx_HAL_Driver/Src/stm32g4xx_hal_uart.o
 .ARM.attributes
                0x000006c3       0x34 ./Drivers/STM32G4xx_HAL_Driver/Src/stm32g4xx_hal_uart_ex.o
 .ARM.attributes
                0x000006f7       0x34 ../Middlewares/Third_Party/ARM_CMSIS/CMSIS/DSP/Lib/GCC\libarm_cortexM4lf_math.a(arm_mat_trans_f32.o)
 .ARM.attributes
                0x0000072b       0x34 ../Middlewares/Third_Party/ARM_CMSIS/CMSIS/DSP/Lib/GCC\libarm_cortexM4lf_math.a(arm_mat_sub_f32.o)
 .ARM.attributes
                0x0000075f       0x34 ../Middlewares/Third_Party/ARM_CMSIS/CMSIS/DSP/Lib/GCC\libarm_cortexM4lf_math.a(arm_mat_scale_f32.o)
 .ARM.attributes
                0x00000793       0x34 ../Middlewares/Third_Party/ARM_CMSIS/CMSIS/DSP/Lib/GCC\libarm_cortexM4lf_math.a(arm_mat_mult_f32.o)
 .ARM.attributes
                0x000007c7       0x34 ../Middlewares/Third_Party/ARM_CMSIS/CMSIS/DSP/Lib/GCC\libarm_cortexM4lf_math.a(arm_mat_init_f32.o)
 .ARM.attributes
                0x000007fb       0x34 ../Middlewares/Third_Party/ARM_CMSIS/CMSIS/DSP/Lib/GCC\libarm_cortexM4lf_math.a(arm_mat_add_f32.o)
 .ARM.attributes
                0x0000082f       0x34 C:/ST/STM32CubeIDE_1.19.0/STM32CubeIDE/plugins/com.st.stm32cube.ide.mcu.externaltools.gnu-tools-for-stm32.13.3.rel1.win32_1.0.0.202411081344/tools/bin/../lib/gcc/arm-none-eabi/13.3.1/../../../../arm-none-eabi/lib/thumb/v7e-m+fp/hard\libc_nano.a(libc_a-findfp.o)
 .ARM.attributes
                0x00000863       0x34 C:/ST/STM32CubeIDE_1.19.0/STM32CubeIDE/plugins/com.st.stm32cube.ide.mcu.externaltools.gnu-tools-for-stm32.13.3.rel1.win32_1.0.0.202411081344/tools/bin/../lib/gcc/arm-none-eabi/13.3.1/../../../../arm-none-eabi/lib/thumb/v7e-m+fp/hard\libc_nano.a(libc_a-memset.o)
 .ARM.attributes
                0x00000897       0x34 C:/ST/STM32CubeIDE_1.19.0/STM32CubeIDE/plugins/com.st.stm32cube.ide.mcu.externaltools.gnu-tools-for-stm32.13.3.rel1.win32_1.0.0.202411081344/tools/bin/../lib/gcc/arm-none-eabi/13.3.1/../../../../arm-none-eabi/lib/thumb/v7e-m+fp/hard\libc_nano.a(libc_a-impure.o)
 .ARM.attributes
                0x000008cb       0x34 C:/ST/STM32CubeIDE_1.19.0/STM32CubeIDE/plugins/com.st.stm32cube.ide.mcu.externaltools.gnu-tools-for-stm32.13.3.rel1.win32_1.0.0.202411081344/tools/bin/../lib/gcc/arm-none-eabi/13.3.1/../../../../arm-none-eabi/lib/thumb/v7e-m+fp/hard\libc_nano.a(libc_a-errno.o)
 .ARM.attributes
                0x000008ff       0x34 C:/ST/STM32CubeIDE_1.19.0/STM32CubeIDE/plugins/com.st.stm32cube.ide.mcu.externaltools.gnu-tools-for-stm32.13.3.rel1.win32_1.0.0.202411081344/tools/bin/../lib/gcc/arm-none-eabi/13.3.1/../../../../arm-none-eabi/lib/thumb/v7e-m+fp/hard\libc_nano.a(libc_a-init.o)
 .ARM.attributes
                0x00000933       0x34 C:/ST/STM32CubeIDE_1.19.0/STM32CubeIDE/plugins/com.st.stm32cube.ide.mcu.externaltools.gnu-tools-for-stm32.13.3.rel1.win32_1.0.0.202411081344/tools/bin/../lib/gcc/arm-none-eabi/13.3.1/../../../../arm-none-eabi/lib/thumb/v7e-m+fp/hard\libc_nano.a(libc_a-memcpy-stub.o)
 .ARM.attributes
                0x00000967       0x34 C:/ST/STM32CubeIDE_1.19.0/STM32CubeIDE/plugins/com.st.stm32cube.ide.mcu.externaltools.gnu-tools-for-stm32.13.3.rel1.win32_1.0.0.202411081344/tools/bin/../lib/gcc/arm-none-eabi/13.3.1/../../../../arm-none-eabi/lib/thumb/v7e-m+fp/hard\libm.a(libm_a-wf_sqrt.o)
 .ARM.attributes
                0x0000099b       0x34 C:/ST/STM32CubeIDE_1.19.0/STM32CubeIDE/plugins/com.st.stm32cube.ide.mcu.externaltools.gnu-tools-for-stm32.13.3.rel1.win32_1.0.0.202411081344/tools/bin/../lib/gcc/arm-none-eabi/13.3.1/../../../../arm-none-eabi/lib/thumb/v7e-m+fp/hard\libm.a(libm_a-sf_cbrt.o)
 .ARM.attributes
                0x000009cf       0x34 C:/ST/STM32CubeIDE_1.19.0/STM32CubeIDE/plugins/com.st.stm32cube.ide.mcu.externaltools.gnu-tools-for-stm32.13.3.rel1.win32_1.0.0.202411081344/tools/bin/../lib/gcc/arm-none-eabi/13.3.1/../../../../arm-none-eabi/lib/thumb/v7e-m+fp/hard\libm.a(libm_a-ef_sqrt.o)
 .ARM.attributes
                0x00000a03       0x22 C:/ST/STM32CubeIDE_1.19.0/STM32CubeIDE/plugins/com.st.stm32cube.ide.mcu.externaltools.gnu-tools-for-stm32.13.3.rel1.win32_1.0.0.202411081344/tools/bin/../lib/gcc/arm-none-eabi/13.3.1/thumb/v7e-m+fp/hard\libgcc.a(_arm_addsubdf3.o)
 .ARM.attributes
                0x00000a25       0x22 C:/ST/STM32CubeIDE_1.19.0/STM32CubeIDE/plugins/com.st.stm32cube.ide.mcu.externaltools.gnu-tools-for-stm32.13.3.rel1.win32_1.0.0.202411081344/tools/bin/../lib/gcc/arm-none-eabi/13.3.1/thumb/v7e-m+fp/hard\libgcc.a(_arm_muldivdf3.o)
 .ARM.attributes
                0x00000a47       0x22 C:/ST/STM32CubeIDE_1.19.0/STM32CubeIDE/plugins/com.st.stm32cube.ide.mcu.externaltools.gnu-tools-for-stm32.13.3.rel1.win32_1.0.0.202411081344/tools/bin/../lib/gcc/arm-none-eabi/13.3.1/thumb/v7e-m+fp/hard\libgcc.a(_arm_truncdfsf2.o)
 .ARM.attributes
                0x00000a69       0x22 C:/ST/STM32CubeIDE_1.19.0/STM32CubeIDE/plugins/com.st.stm32cube.ide.mcu.externaltools.gnu-tools-for-stm32.13.3.rel1.win32_1.0.0.202411081344/tools/bin/../lib/gcc/arm-none-eabi/13.3.1/thumb/v7e-m+fp/hard\libgcc.a(_aeabi_uldivmod.o)
 .ARM.attributes
                0x00000a8b       0x34 C:/ST/STM32CubeIDE_1.19.0/STM32CubeIDE/plugins/com.st.stm32cube.ide.mcu.externaltools.gnu-tools-for-stm32.13.3.rel1.win32_1.0.0.202411081344/tools/bin/../lib/gcc/arm-none-eabi/13.3.1/thumb/v7e-m+fp/hard\libgcc.a(_udivmoddi4.o)
 .ARM.attributes
                0x00000abf       0x22 C:/ST/STM32CubeIDE_1.19.0/STM32CubeIDE/plugins/com.st.stm32cube.ide.mcu.externaltools.gnu-tools-for-stm32.13.3.rel1.win32_1.0.0.202411081344/tools/bin/../lib/gcc/arm-none-eabi/13.3.1/thumb/v7e-m+fp/hard\libgcc.a(_dvmd_tls.o)
 .ARM.attributes
                0x00000ae1       0x22 C:/ST/STM32CubeIDE_1.19.0/STM32CubeIDE/plugins/com.st.stm32cube.ide.mcu.externaltools.gnu-tools-for-stm32.13.3.rel1.win32_1.0.0.202411081344/tools/bin/../lib/gcc/arm-none-eabi/13.3.1/thumb/v7e-m+fp/hard/crtn.o
OUTPUT(G05_PickPlaceRobot.elf elf32-littlearm)
LOAD linker stubs
LOAD C:/ST/STM32CubeIDE_1.19.0/STM32CubeIDE/plugins/com.st.stm32cube.ide.mcu.externaltools.gnu-tools-for-stm32.13.3.rel1.win32_1.0.0.202411081344/tools/bin/../lib/gcc/arm-none-eabi/13.3.1/../../../../arm-none-eabi/lib/thumb/v7e-m+fp/hard\libc.a
LOAD C:/ST/STM32CubeIDE_1.19.0/STM32CubeIDE/plugins/com.st.stm32cube.ide.mcu.externaltools.gnu-tools-for-stm32.13.3.rel1.win32_1.0.0.202411081344/tools/bin/../lib/gcc/arm-none-eabi/13.3.1/../../../../arm-none-eabi/lib/thumb/v7e-m+fp/hard\libm.a
LOAD C:/ST/STM32CubeIDE_1.19.0/STM32CubeIDE/plugins/com.st.stm32cube.ide.mcu.externaltools.gnu-tools-for-stm32.13.3.rel1.win32_1.0.0.202411081344/tools/bin/../lib/gcc/arm-none-eabi/13.3.1/thumb/v7e-m+fp/hard\libgcc.a

.debug_info     0x00000000    0x2835c
 .debug_info    0x00000000     0x170d ./Core/Src/BaseSystemInterface.o
 .debug_info    0x0000170d      0x64c ./Core/Src/Controller.o
 .debug_info    0x00001d59      0x540 ./Core/Src/Gripper.o
 .debug_info    0x00002299      0xbf8 ./Core/Src/JoystickInterface.o
 .debug_info    0x00002e91      0x9a7 ./Core/Src/KalmanFilterDCMotor.o
 .debug_info    0x00003838      0xb83 ./Core/Src/MD20A.o
 .debug_info    0x000043bb     0x159a ./Core/Src/ModbusRTU.o
 .debug_info    0x00005955      0xb26 ./Core/Src/PWM.o
 .debug_info    0x0000647b      0xbfd ./Core/Src/QEI.o
 .debug_info    0x00007078     0x2356 ./Core/Src/Robot.o
 .debug_info    0x000093ce      0x61c ./Core/Src/SCurve.o
 .debug_info    0x000099ea     0x2cd3 ./Core/Src/TaskManager.o
 .debug_info    0x0000c6bd      0x4b9 ./Core/Src/Trapezoid.o
 .debug_info    0x0000cb76      0x5ac ./Core/Src/dma.o
 .debug_info    0x0000d122      0x763 ./Core/Src/gpio.o
 .debug_info    0x0000d885     0x2ce1 ./Core/Src/main.o
 .debug_info    0x00010566      0x2da ./Core/Src/stm32g4xx_hal_msp.o
 .debug_info    0x00010840      0xfd5 ./Core/Src/stm32g4xx_it.o
 .debug_info    0x00011815      0x58e ./Core/Src/system_stm32g4xx.o
 .debug_info    0x00011da3     0x1546 ./Core/Src/tim.o
 .debug_info    0x000132e9     0x1245 ./Core/Src/usart.o
 .debug_info    0x0001452e       0x30 ./Core/Startup/startup_stm32g474retx.o
 .debug_info    0x0001455e      0xb95 ./Drivers/STM32G4xx_HAL_Driver/Src/stm32g4xx_hal.o
 .debug_info    0x000150f3      0xdf9 ./Drivers/STM32G4xx_HAL_Driver/Src/stm32g4xx_hal_cortex.o
 .debug_info    0x00015eec      0x85f ./Drivers/STM32G4xx_HAL_Driver/Src/stm32g4xx_hal_dma.o
 .debug_info    0x0001674b      0x772 ./Drivers/STM32G4xx_HAL_Driver/Src/stm32g4xx_hal_gpio.o
 .debug_info    0x00016ebd      0x944 ./Drivers/STM32G4xx_HAL_Driver/Src/stm32g4xx_hal_pwr_ex.o
 .debug_info    0x00017801      0xbf9 ./Drivers/STM32G4xx_HAL_Driver/Src/stm32g4xx_hal_rcc.o
 .debug_info    0x000183fa      0xc5d ./Drivers/STM32G4xx_HAL_Driver/Src/stm32g4xx_hal_rcc_ex.o
 .debug_info    0x00019057     0x301a ./Drivers/STM32G4xx_HAL_Driver/Src/stm32g4xx_hal_tim.o
 .debug_info    0x0001c071     0x1f5e ./Drivers/STM32G4xx_HAL_Driver/Src/stm32g4xx_hal_tim_ex.o
 .debug_info    0x0001dfcf     0x4b08 ./Drivers/STM32G4xx_HAL_Driver/Src/stm32g4xx_hal_uart.o
 .debug_info    0x00022ad7     0x10c7 ./Drivers/STM32G4xx_HAL_Driver/Src/stm32g4xx_hal_uart_ex.o
 .debug_info    0x00023b9e      0xc1e ../Middlewares/Third_Party/ARM_CMSIS/CMSIS/DSP/Lib/GCC\libarm_cortexM4lf_math.a(arm_mat_trans_f32.o)
 .debug_info    0x000247bc      0xbf9 ../Middlewares/Third_Party/ARM_CMSIS/CMSIS/DSP/Lib/GCC\libarm_cortexM4lf_math.a(arm_mat_sub_f32.o)
 .debug_info    0x000253b5      0xbe5 ../Middlewares/Third_Party/ARM_CMSIS/CMSIS/DSP/Lib/GCC\libarm_cortexM4lf_math.a(arm_mat_scale_f32.o)
 .debug_info    0x00025f9a      0xcbd ../Middlewares/Third_Party/ARM_CMSIS/CMSIS/DSP/Lib/GCC\libarm_cortexM4lf_math.a(arm_mat_mult_f32.o)
 .debug_info    0x00026c57      0xb0c ../Middlewares/Third_Party/ARM_CMSIS/CMSIS/DSP/Lib/GCC\libarm_cortexM4lf_math.a(arm_mat_init_f32.o)
 .debug_info    0x00027763      0xbf9 ../Middlewares/Third_Party/ARM_CMSIS/CMSIS/DSP/Lib/GCC\libarm_cortexM4lf_math.a(arm_mat_add_f32.o)

.debug_abbrev   0x00000000     0x54cf
 .debug_abbrev  0x00000000      0x2c9 ./Core/Src/BaseSystemInterface.o
 .debug_abbrev  0x000002c9      0x18d ./Core/Src/Controller.o
 .debug_abbrev  0x00000456      0x1c2 ./Core/Src/Gripper.o
 .debug_abbrev  0x00000618      0x1f6 ./Core/Src/JoystickInterface.o
 .debug_abbrev  0x0000080e      0x244 ./Core/Src/KalmanFilterDCMotor.o
 .debug_abbrev  0x00000a52      0x1d2 ./Core/Src/MD20A.o
 .debug_abbrev  0x00000c24      0x351 ./Core/Src/ModbusRTU.o
 .debug_abbrev  0x00000f75      0x1e6 ./Core/Src/PWM.o
 .debug_abbrev  0x0000115b      0x1fd ./Core/Src/QEI.o
 .debug_abbrev  0x00001358      0x37b ./Core/Src/Robot.o
 .debug_abbrev  0x000016d3      0x19e ./Core/Src/SCurve.o
 .debug_abbrev  0x00001871      0x3d2 ./Core/Src/TaskManager.o
 .debug_abbrev  0x00001c43      0x17a ./Core/Src/Trapezoid.o
 .debug_abbrev  0x00001dbd      0x109 ./Core/Src/dma.o
 .debug_abbrev  0x00001ec6      0x162 ./Core/Src/gpio.o
 .debug_abbrev  0x00002028      0x380 ./Core/Src/main.o
 .debug_abbrev  0x000023a8       0xd9 ./Core/Src/stm32g4xx_hal_msp.o
 .debug_abbrev  0x00002481      0x1f7 ./Core/Src/stm32g4xx_it.o
 .debug_abbrev  0x00002678      0x11a ./Core/Src/system_stm32g4xx.o
 .debug_abbrev  0x00002792      0x2b0 ./Core/Src/tim.o
 .debug_abbrev  0x00002a42      0x22e ./Core/Src/usart.o
 .debug_abbrev  0x00002c70       0x24 ./Core/Startup/startup_stm32g474retx.o
 .debug_abbrev  0x00002c94      0x271 ./Drivers/STM32G4xx_HAL_Driver/Src/stm32g4xx_hal.o
 .debug_abbrev  0x00002f05      0x31c ./Drivers/STM32G4xx_HAL_Driver/Src/stm32g4xx_hal_cortex.o
 .debug_abbrev  0x00003221      0x1e2 ./Drivers/STM32G4xx_HAL_Driver/Src/stm32g4xx_hal_dma.o
 .debug_abbrev  0x00003403      0x1d2 ./Drivers/STM32G4xx_HAL_Driver/Src/stm32g4xx_hal_gpio.o
 .debug_abbrev  0x000035d5      0x22c ./Drivers/STM32G4xx_HAL_Driver/Src/stm32g4xx_hal_pwr_ex.o
 .debug_abbrev  0x00003801      0x2c9 ./Drivers/STM32G4xx_HAL_Driver/Src/stm32g4xx_hal_rcc.o
 .debug_abbrev  0x00003aca      0x261 ./Drivers/STM32G4xx_HAL_Driver/Src/stm32g4xx_hal_rcc_ex.o
 .debug_abbrev  0x00003d2b      0x2b8 ./Drivers/STM32G4xx_HAL_Driver/Src/stm32g4xx_hal_tim.o
 .debug_abbrev  0x00003fe3      0x2d6 ./Drivers/STM32G4xx_HAL_Driver/Src/stm32g4xx_hal_tim_ex.o
 .debug_abbrev  0x000042b9      0x317 ./Drivers/STM32G4xx_HAL_Driver/Src/stm32g4xx_hal_uart.o
 .debug_abbrev  0x000045d0      0x2d2 ./Drivers/STM32G4xx_HAL_Driver/Src/stm32g4xx_hal_uart_ex.o
 .debug_abbrev  0x000048a2      0x216 ../Middlewares/Third_Party/ARM_CMSIS/CMSIS/DSP/Lib/GCC\libarm_cortexM4lf_math.a(arm_mat_trans_f32.o)
 .debug_abbrev  0x00004ab8      0x202 ../Middlewares/Third_Party/ARM_CMSIS/CMSIS/DSP/Lib/GCC\libarm_cortexM4lf_math.a(arm_mat_sub_f32.o)
 .debug_abbrev  0x00004cba      0x216 ../Middlewares/Third_Party/ARM_CMSIS/CMSIS/DSP/Lib/GCC\libarm_cortexM4lf_math.a(arm_mat_scale_f32.o)
 .debug_abbrev  0x00004ed0      0x216 ../Middlewares/Third_Party/ARM_CMSIS/CMSIS/DSP/Lib/GCC\libarm_cortexM4lf_math.a(arm_mat_mult_f32.o)
 .debug_abbrev  0x000050e6      0x1e7 ../Middlewares/Third_Party/ARM_CMSIS/CMSIS/DSP/Lib/GCC\libarm_cortexM4lf_math.a(arm_mat_init_f32.o)
 .debug_abbrev  0x000052cd      0x202 ../Middlewares/Third_Party/ARM_CMSIS/CMSIS/DSP/Lib/GCC\libarm_cortexM4lf_math.a(arm_mat_add_f32.o)

.debug_aranges  0x00000000     0x1760
 .debug_aranges
                0x00000000       0x30 ./Core/Src/BaseSystemInterface.o
 .debug_aranges
                0x00000030       0x60 ./Core/Src/Controller.o
 .debug_aranges
                0x00000090       0x68 ./Core/Src/Gripper.o
 .debug_aranges
                0x000000f8       0x50 ./Core/Src/JoystickInterface.o
 .debug_aranges
                0x00000148       0xb8 ./Core/Src/KalmanFilterDCMotor.o
 .debug_aranges
                0x00000200       0x38 ./Core/Src/MD20A.o
 .debug_aranges
                0x00000238       0x70 ./Core/Src/ModbusRTU.o
 .debug_aranges
                0x000002a8       0x30 ./Core/Src/PWM.o
 .debug_aranges
                0x000002d8       0x28 ./Core/Src/QEI.o
 .debug_aranges
                0x00000300      0x100 ./Core/Src/Robot.o
 .debug_aranges
                0x00000400       0x58 ./Core/Src/SCurve.o
 .debug_aranges
                0x00000458       0x88 ./Core/Src/TaskManager.o
 .debug_aranges
                0x000004e0       0x58 ./Core/Src/Trapezoid.o
 .debug_aranges
                0x00000538       0x20 ./Core/Src/dma.o
 .debug_aranges
                0x00000558       0x20 ./Core/Src/gpio.o
 .debug_aranges
                0x00000578       0x50 ./Core/Src/main.o
 .debug_aranges
                0x000005c8       0x20 ./Core/Src/stm32g4xx_hal_msp.o
 .debug_aranges
                0x000005e8       0xa0 ./Core/Src/stm32g4xx_it.o
 .debug_aranges
                0x00000688       0x28 ./Core/Src/system_stm32g4xx.o
 .debug_aranges
                0x000006b0       0x60 ./Core/Src/tim.o
 .debug_aranges
                0x00000710       0x38 ./Core/Src/usart.o
 .debug_aranges
                0x00000748       0x28 ./Core/Startup/startup_stm32g474retx.o
 .debug_aranges
                0x00000770      0x148 ./Drivers/STM32G4xx_HAL_Driver/Src/stm32g4xx_hal.o
 .debug_aranges
                0x000008b8      0x128 ./Drivers/STM32G4xx_HAL_Driver/Src/stm32g4xx_hal_cortex.o
 .debug_aranges
                0x000009e0       0x90 ./Drivers/STM32G4xx_HAL_Driver/Src/stm32g4xx_hal_dma.o
 .debug_aranges
                0x00000a70       0x58 ./Drivers/STM32G4xx_HAL_Driver/Src/stm32g4xx_hal_gpio.o
 .debug_aranges
                0x00000ac8      0x140 ./Drivers/STM32G4xx_HAL_Driver/Src/stm32g4xx_hal_pwr_ex.o
 .debug_aranges
                0x00000c08       0x98 ./Drivers/STM32G4xx_HAL_Driver/Src/stm32g4xx_hal_rcc.o
 .debug_aranges
                0x00000ca0       0xb0 ./Drivers/STM32G4xx_HAL_Driver/Src/stm32g4xx_hal_rcc_ex.o
 .debug_aranges
                0x00000d50      0x3f8 ./Drivers/STM32G4xx_HAL_Driver/Src/stm32g4xx_hal_tim.o
 .debug_aranges
                0x00001148      0x240 ./Drivers/STM32G4xx_HAL_Driver/Src/stm32g4xx_hal_tim_ex.o
 .debug_aranges
                0x00001388      0x270 ./Drivers/STM32G4xx_HAL_Driver/Src/stm32g4xx_hal_uart.o
 .debug_aranges
                0x000015f8       0xa8 ./Drivers/STM32G4xx_HAL_Driver/Src/stm32g4xx_hal_uart_ex.o
 .debug_aranges
                0x000016a0       0x20 ../Middlewares/Third_Party/ARM_CMSIS/CMSIS/DSP/Lib/GCC\libarm_cortexM4lf_math.a(arm_mat_trans_f32.o)
 .debug_aranges
                0x000016c0       0x20 ../Middlewares/Third_Party/ARM_CMSIS/CMSIS/DSP/Lib/GCC\libarm_cortexM4lf_math.a(arm_mat_sub_f32.o)
 .debug_aranges
                0x000016e0       0x20 ../Middlewares/Third_Party/ARM_CMSIS/CMSIS/DSP/Lib/GCC\libarm_cortexM4lf_math.a(arm_mat_scale_f32.o)
 .debug_aranges
                0x00001700       0x20 ../Middlewares/Third_Party/ARM_CMSIS/CMSIS/DSP/Lib/GCC\libarm_cortexM4lf_math.a(arm_mat_mult_f32.o)
 .debug_aranges
                0x00001720       0x20 ../Middlewares/Third_Party/ARM_CMSIS/CMSIS/DSP/Lib/GCC\libarm_cortexM4lf_math.a(arm_mat_init_f32.o)
 .debug_aranges
                0x00001740       0x20 ../Middlewares/Third_Party/ARM_CMSIS/CMSIS/DSP/Lib/GCC\libarm_cortexM4lf_math.a(arm_mat_add_f32.o)

.debug_rnglists
                0x00000000     0x116e
 .debug_rnglists
                0x00000000       0x21 ./Core/Src/BaseSystemInterface.o
 .debug_rnglists
                0x00000021       0x47 ./Core/Src/Controller.o
 .debug_rnglists
                0x00000068       0x4a ./Core/Src/Gripper.o
 .debug_rnglists
                0x000000b2       0x37 ./Core/Src/JoystickInterface.o