Archive member included to satisfy reference by file (symbol)

../Middlewares/Third_Party/ARM_CMSIS/CMSIS/DSP/Lib/GCC\libarm_cortexM4lf_math.a(arm_mat_trans_f32.o)
                              ./Core/Src/KalmanFilterDCMotor.o (arm_mat_trans_f32)
../Middlewares/Third_Party/ARM_CMSIS/CMSIS/DSP/Lib/GCC\libarm_cortexM4lf_math.a(arm_mat_sub_f32.o)
                              ./Core/Src/KalmanFilterDCMotor.o (arm_mat_sub_f32)
../Middlewares/Third_Party/ARM_CMSIS/CMSIS/DSP/Lib/GCC\libarm_cortexM4lf_math.a(arm_mat_scale_f32.o)
                              ./Core/Src/KalmanFilterDCMotor.o (arm_mat_scale_f32)
../Middlewares/Third_Party/ARM_CMSIS/CMSIS/DSP/Lib/GCC\libarm_cortexM4lf_math.a(arm_mat_mult_f32.o)
                              ./Core/Src/KalmanFilterDCMotor.o (arm_mat_mult_f32)
../Middlewares/Third_Party/ARM_CMSIS/CMSIS/DSP/Lib/GCC\libarm_cortexM4lf_math.a(arm_mat_init_f32.o)
                              ./Core/Src/KalmanFilterDCMotor.o (arm_mat_init_f32)
../Middlewares/Third_Party/ARM_CMSIS/CMSIS/DSP/Lib/GCC\libarm_cortexM4lf_math.a(arm_mat_add_f32.o)
                              ./Core/Src/KalmanFilterDCMotor.o (arm_mat_add_f32)
C:/ST/STM32CubeIDE_1.19.0/STM32CubeIDE/plugins/com.st.stm32cube.ide.mcu.externaltools.gnu-tools-for-stm32.13.3.rel1.win32_1.0.0.202411081344/tools/bin/../lib/gcc/arm-none-eabi/13.3.1/../../../../arm-none-eabi/lib/thumb/v7e-m+fp/hard\libc_nano.a(libc_a-exit.o)
                              C:/ST/STM32CubeIDE_1.19.0/STM32CubeIDE/plugins/com.st.stm32cube.ide.mcu.externaltools.gnu-tools-for-stm32.13.3.rel1.win32_1.0.0.202411081344/tools/bin/../lib/gcc/arm-none-eabi/13.3.1/../../../../arm-none-eabi/lib/thumb/v7e-m+fp/hard/crt0.o (exit)
C:/ST/STM32CubeIDE_1.19.0/STM32CubeIDE/plugins/com.st.stm32cube.ide.mcu.externaltools.gnu-tools-for-stm32.13.3.rel1.win32_1.0.0.202411081344/tools/bin/../lib/gcc/arm-none-eabi/13.3.1/../../../../arm-none-eabi/lib/thumb/v7e-m+fp/hard\libc_nano.a(libc_a-findfp.o)
                              C:/ST/STM32CubeIDE_1.19.0/STM32CubeIDE/plugins/com.st.stm32cube.ide.mcu.externaltools.gnu-tools-for-stm32.13.3.rel1.win32_1.0.0.202411081344/tools/bin/../lib/gcc/arm-none-eabi/13.3.1/../../../../arm-none-eabi/lib/thumb/v7e-m+fp/hard\libc_nano.a(libc_a-exit.o) (__stdio_exit_handler)
C:/ST/STM32CubeIDE_1.19.0/STM32CubeIDE/plugins/com.st.stm32cube.ide.mcu.externaltools.gnu-tools-for-stm32.13.3.rel1.win32_1.0.0.202411081344/tools/bin/../lib/gcc/arm-none-eabi/13.3.1/../../../../arm-none-eabi/lib/thumb/v7e-m+fp/hard\libc_nano.a(libc_a-fwalk.o)
                              C:/ST/STM32CubeIDE_1.19.0/STM32CubeIDE/plugins/com.st.stm32cube.ide.mcu.externaltools.gnu-tools-for-stm32.13.3.rel1.win32_1.0.0.202411081344/tools/bin/../lib/gcc/arm-none-eabi/13.3.1/../../../../arm-none-eabi/lib/thumb/v7e-m+fp/hard\libc_nano.a(libc_a-findfp.o) (_fwalk_sglue)
C:/ST/STM32CubeIDE_1.19.0/STM32CubeIDE/plugins/com.st.stm32cube.ide.mcu.externaltools.gnu-tools-for-stm32.13.3.rel1.win32_1.0.0.202411081344/tools/bin/../lib/gcc/arm-none-eabi/13.3.1/../../../../arm-none-eabi/lib/thumb/v7e-m+fp/hard\libc_nano.a(libc_a-stdio.o)
                              C:/ST/STM32CubeIDE_1.19.0/STM32CubeIDE/plugins/com.st.stm32cube.ide.mcu.externaltools.gnu-tools-for-stm32.13.3.rel1.win32_1.0.0.202411081344/tools/bin/../lib/gcc/arm-none-eabi/13.3.1/../../../../arm-none-eabi/lib/thumb/v7e-m+fp/hard\libc_nano.a(libc_a-findfp.o) (__sread)
C:/ST/STM32CubeIDE_1.19.0/STM32CubeIDE/plugins/com.st.stm32cube.ide.mcu.externaltools.gnu-tools-for-stm32.13.3.rel1.win32_1.0.0.202411081344/tools/bin/../lib/gcc/arm-none-eabi/13.3.1/../../../../arm-none-eabi/lib/thumb/v7e-m+fp/hard\libc_nano.a(libc_a-memset.o)
                              C:/ST/STM32CubeIDE_1.19.0/STM32CubeIDE/plugins/com.st.stm32cube.ide.mcu.externaltools.gnu-tools-for-stm32.13.3.rel1.win32_1.0.0.202411081344/tools/bin/../lib/gcc/arm-none-eabi/13.3.1/../../../../arm-none-eabi/lib/thumb/v7e-m+fp/hard/crt0.o (memset)
C:/ST/STM32CubeIDE_1.19.0/STM32CubeIDE/plugins/com.st.stm32cube.ide.mcu.externaltools.gnu-tools-for-stm32.13.3.rel1.win32_1.0.0.202411081344/tools/bin/../lib/gcc/arm-none-eabi/13.3.1/../../../../arm-none-eabi/lib/thumb/v7e-m+fp/hard\libc_nano.a(libc_a-closer.o)
                              C:/ST/STM32CubeIDE_1.19.0/STM32CubeIDE/plugins/com.st.stm32cube.ide.mcu.externaltools.gnu-tools-for-stm32.13.3.rel1.win32_1.0.0.202411081344/tools/bin/../lib/gcc/arm-none-eabi/13.3.1/../../../../arm-none-eabi/lib/thumb/v7e-m+fp/hard\libc_nano.a(libc_a-stdio.o) (_close_r)
C:/ST/STM32CubeIDE_1.19.0/STM32CubeIDE/plugins/com.st.stm32cube.ide.mcu.externaltools.gnu-tools-for-stm32.13.3.rel1.win32_1.0.0.202411081344/tools/bin/../lib/gcc/arm-none-eabi/13.3.1/../../../../arm-none-eabi/lib/thumb/v7e-m+fp/hard\libc_nano.a(libc_a-reent.o)
[...]
Memory Configuration

Name             Origin             Length             Attributes
RAM              0x20000000         0x00020000         xrw
FLASH            0x08000000         0x00080000         xr
*default*        0x00000000         0xffffffff

Linker script and memory map

LOAD C:/ST/STM32CubeIDE_1.19.0/STM32CubeIDE/plugins/com.st.stm32cube.ide.mcu.externaltools.gnu-tools-for-stm32.13.3.rel1.win32_1.0.0.202411081344/tools/bin/../lib/gcc/arm-none-eabi/13.3.1/thumb/v7e-m+fp/hard/crti.o
LOAD C:/ST/STM32CubeIDE_1.19.0/STM32CubeIDE/plugins/com.st.stm32cube.ide.mcu.externaltools.gnu-tools-for-stm32.13.3.rel1.win32_1.0.0.202411081344/tools/bin/../lib/gcc/arm-none-eabi/13.3.1/thumb/v7e-m+fp/hard/crtbegin.o
LOAD C:/ST/STM32CubeIDE_1.19.0/STM32CubeIDE/plugins/com.st.stm32cube.ide.mcu.externaltools.gnu-tools-for-stm32.13.3.rel1.win32_1.0.0.202411081344/tools/bin/../lib/gcc/arm-none-eabi/13.3.1/../../../../arm-none-eabi/lib/thumb/v7e-m+fp/hard/crt0.o
LOAD ./Core/Src/BaseSystemInterface.o
LOAD ./Core/Src/CANBUS.o
LOAD ./Core/Src/Controller.o
LOAD ./Core/Src/DCMotor.o
LOAD ./Core/Src/Gripper.o
LOAD ./Core/Src/JoystickInterface.o
LOAD ./Core/Src/KalmanFilterDCMotor.o
LOAD ./Core/Src/MD20A.o
LOAD ./Core/Src/ModbusRTU.o
LOAD ./Core/Src/PWM.o
LOAD ./Core/Src/QEI.o
LOAD ./Core/Src/Robot.o
LOAD ./Core/Src/SCurve.o
LOAD ./Core/Src/SerialFrame.o
LOAD ./Core/Src/TaskManager.o
LOAD ./Core/Src/Trapezoid.o
LOAD ./Core/Src/dma.o
LOAD ./Core/Src/fdcan.o
LOAD ./Core/Src/gpio.o
LOAD ./Core/Src/main.o
LOAD ./Core/Src/stm32g4xx_hal_msp.o
LOAD ./Core/Src/stm32g4xx_it.o
LOAD ./Core/Src/syscalls.o
LOAD ./Core/Src/sysmem.o
LOAD ./Core/Src/system_stm32g4xx.o
LOAD ./Core/Src/tim.o
LOAD ./Core/Src/usart.o
LOAD ./Core/Startup/startup_stm32g474retx.o
LOAD ./Drivers/STM32G4xx_HAL_Driver/Src/stm32g4xx_hal.o
LOAD ./Drivers/STM32G4xx_HAL_Driver/Src/stm32g4xx_hal_cortex.o
LOAD ./Drivers/STM32G4xx_HAL_Driver/Src/stm32g4xx_hal_dma.o
LOAD ./Drivers/STM32G4xx_HAL_Driver/Src/stm32g4xx_hal_dma_ex.o
LOAD ./Drivers/STM32G4xx_HAL_Driver/Src/stm32g4xx_hal_exti.o
LOAD ./Drivers/STM32G4xx_HAL_Driver/Src/stm32g4xx_hal_fdcan.o
LOAD ./Drivers/STM32G4xx_HAL_Driver/Src/stm32g4xx_hal_flash.o
LOAD ./Drivers/STM32G4xx_HAL_Driver/Src/stm32g4xx_hal_flash_ex.o
LOAD ./Drivers/STM32G4xx_HAL_Driver/Src/stm32g4xx_hal_flash_ramfunc.o
LOAD ./Drivers/STM32G4xx_HAL_Driver/Src/stm32g4xx_hal_gpio.o
LOAD ./Drivers/STM32G4xx_HAL_Driver/Src/stm32g4xx_hal_pwr.o
LOAD ./Drivers/STM32G4xx_HAL_Driver/Src/stm32g4xx_hal_pwr_ex.o
LOAD ./Drivers/STM32G4xx_HAL_Driver/Src/stm32g4xx_hal_rcc.o
LOAD ./Drivers/STM32G4xx_HAL_Driver/Src/stm32g4xx_hal_rcc_ex.o
LOAD ./Drivers/STM32G4xx_HAL_Driver/Src/stm32g4xx_hal_tim.o
LOAD ./Drivers/STM32G4xx_HAL_Driver/Src/stm32g4xx_hal_tim_ex.o
LOAD ./Drivers/STM32G4xx_HAL_Driver/Src/stm32g4xx_hal_uart.o
LOAD ./Drivers/STM32G4xx_HAL_Driver/Src/stm32g4xx_hal_uart_ex.o
LOAD ../Middlewares/Third_Party/ARM_CMSIS/CMSIS/DSP/Lib/GCC\libarm_cortexM4lf_math.a
START GROUP
LOAD C:/ST/STM32CubeIDE_1.19.0/STM32CubeIDE/plugins/com.st.stm32cube.ide.mcu.externaltools.gnu-tools-for-stm32.13.3.rel1.win32_1.0.0.202411081344/tools/bin/../lib/gcc/arm-none-eabi/13.3.1/../../../../arm-none-eabi/lib/thumb/v7e-m+fp/hard\libc_nano.a
LOAD C:/ST/STM32CubeIDE_1.19.0/STM32CubeIDE/plugins/com.st.stm32cube.ide.mcu.externaltools.gnu-tools-for-stm32.13.3.rel1.win32_1.0.0.202411081344/tools/bin/../lib/gcc/arm-none-eabi/13.3.1/../../../../arm-none-eabi/lib/thumb/v7e-m+fp/hard\libm.a
END GROUP
START GROUP
LOAD C:/ST/STM32CubeIDE_1.19.0/STM32CubeIDE/plugins/com.st.stm32cube.ide.mcu.externaltools.gnu-tools-for-stm32.13.3.rel1.win32_1.0.0.202411081344/tools/bin/../lib/gcc/arm-none-eabi/13.3.1/thumb/v7e-m+fp/hard\libgcc.a
LOAD C:/ST/STM32CubeIDE_1.19.0/STM32CubeIDE/plugins/com.st.stm32cube.ide.mcu.externaltools.gnu-tools-for-stm32.13.3.rel1.win32_1.0.0.202411081344/tools/bin/../lib/gcc/arm-none-eabi/13.3.1/../../../../arm-none-eabi/lib/thumb/v7e-m+fp/hard\libc_nano.a
END GROUP
START GROUP
LOAD C:/ST/STM32CubeIDE_1.19.0/STM32CubeIDE/plugins/com.st.stm32cube.ide.mcu.externaltools.gnu-tools-for-stm32.13.3.rel1.win32_1.0.0.202411081344/tools/bin/../lib/gcc/arm-none-eabi/13.3.1/thumb/v7e-m+fp/hard\libgcc.a
LOAD C:/ST/STM32CubeIDE_1.19.0/STM32CubeIDE/plugins/com.st.stm32cube.ide.mcu.externaltools.gnu-tools-for-stm32.13.3.rel1.win32_1.0.0.202411081344/tools/bin/../lib/gcc/arm-none-eabi/13.3.1/../../../../arm-none-eabi/lib/thumb/v7e-m+fp/hard\libc_nano.a
LOAD C:/ST/STM32CubeIDE_1.19.0/STM32CubeIDE/plugins/com.st.stm32cube.ide.mcu.externaltools.gnu-tools-for-stm32.13.3.rel1.win32_1.0.0.202411081344/tools/bin/../lib/gcc/arm-none-eabi/13.3.1/../../../../arm-none-eabi/lib/thumb/v7e-m+fp/hard\libnosys.a
END GROUP
START GROUP
LOAD C:/ST/STM32CubeIDE_1.19.0/STM32CubeIDE/plugins/com.st.stm32cube.ide.mcu.externaltools.gnu-tools-for-stm32.13.3.rel1.win32_1.0.0.202411081344/tools/bin/../lib/gcc/arm-none-eabi/13.3.1/thumb/v7e-m+fp/hard\libgcc.a
LOAD C:/ST/STM32CubeIDE_1.19.0/STM32CubeIDE/plugins/com.st.stm32cube.ide.mcu.externaltools.gnu-tools-for-stm32.13.3.rel1.win32_1.0.0.202411081344/tools/bin/../lib/gcc/arm-none-eabi/13.3.1/../../../../arm-none-eabi/lib/thumb/v7e-m+fp/hard\libc_nano.a
LOAD C:/ST/STM32CubeIDE_1.19.0/STM32CubeIDE/plugins/com.st.stm32cube.ide.mcu.externaltools.gnu-tools-for-stm32.13.3.rel1.win32_1.0.0.202411081344/tools/bin/../lib/gcc/arm-none-eabi/13.3.1/../../../../arm-none-eabi/lib/thumb/v7e-m+fp/hard\libnosys.a
END GROUP
LOAD C:/ST/STM32CubeIDE_1.19.0/STM32CubeIDE/plugins/com.st.stm32cube.ide.mcu.externaltools.gnu-tools-for-stm32.13.3.rel1.win32_1.0.0.202411081344/tools/bin/../lib/gcc/arm-none-eabi/13.3.1/thumb/v7e-m+fp/hard/crtend.o
LOAD C:/ST/STM32CubeIDE_1.19.0/STM32CubeIDE/plugins/com.st.stm32cube.ide.mcu.externaltools.gnu-tools-for-stm32.13.3.rel1.win32_1.0.0.202411081344/tools/bin/../lib/gcc/arm-none-eabi/13.3.1/thumb/v7e-m+fp/hard/crtn.o
                0x20020000                        _estack = (ORIGIN (RAM) + LENGTH (RAM))
                0x00000200                        _Min_Heap_Size = 0x200
                0x00000400                        _Min_Stack_Size = 0x400

.isr_vector     0x08000000      0x1d8
                0x08000000                        . = ALIGN (0x4)
 *(.isr_vector)
 .isr_vector    0x08000000      0x1d8 ./Core/Startup/startup_stm32g474retx.o
                0x08000000                g_pfnVectors
                0x080001d8                        . = ALIGN (0x4)

.text           0x080001d8     0xf8c4
                0x080001d8                        . = ALIGN (0x4)
 *(.text)
 .text          0x080001d8       0x40 C:/ST/STM32CubeIDE_1.19.0/STM32CubeIDE/plugins/com.st.stm32cube.ide.mcu.externaltools.gnu-tools-for-stm32.13.3.rel1.win32_1.0.0.202411081344/tools/bin/../lib/gcc/arm-none-eabi/13.3.1/thumb/v7e-m+fp/hard/crtbegin.o
 .text          0x08000218      0x378 C:/ST/STM32CubeIDE_1.19.0/STM32CubeIDE/plugins/com.st.stm32cube.ide.mcu.externaltools.gnu-tools-for-stm32.13.3.rel1.win32_1.0.0.202411081344/tools/bin/../lib/gcc/arm-none-eabi/13.3.1/thumb/v7e-m+fp/hard\libgcc.a(_arm_addsubdf3.o)
                0x08000218                __aeabi_drsub
                0x08000220                __aeabi_dsub
                0x08000220                __subdf3
                0x08000224                __aeabi_dadd
                0x08000224                __adddf3
                0x0800049c                __floatunsidf
                0x0800049c                __aeabi_ui2d
                0x080004bc                __floatsidf
                0x080004bc                __aeabi_i2d
                0x080004e0                __aeabi_f2d
                0x080004e0                __extendsfdf2
                0x08000524                __floatundidf
                0x08000524                __aeabi_ul2d
                0x08000534                __floatdidf
                0x08000534                __aeabi_l2d
 .text          0x08000590      0x424 C:/ST/STM32CubeIDE_1.19.0/STM32CubeIDE/plugins/com.st.stm32cube.ide.mcu.externaltools.gnu-tools-for-stm32.13.3.rel1.win32_1.0.0.202411081344/tools/bin/../lib/gcc/arm-none-eabi/13.3.1/thumb/v7e-m+fp/hard\libgcc.a(_arm_muldivdf3.o)
                0x08000590                __aeabi_dmul
                0x08000590                __muldf3
                0x080007e4                __divdf3
                0x080007e4                __aeabi_ddiv
 .text          0x080009b4       0xa0 C:/ST/STM32CubeIDE_1.19.0/STM32CubeIDE/plugins/com.st.stm32cube.ide.mcu.externaltools.gnu-tools-for-stm32.13.3.rel1.win32_1.0.0.202411081344/tools/bin/../lib/gcc/arm-none-eabi/13.3.1/thumb/v7e-m+fp/hard\libgcc.a(_arm_truncdfsf2.o)
                0x080009b4                __truncdfsf2
                0x080009b4                __aeabi_d2f
 .text          0x08000a54       0x30 C:/ST/STM32CubeIDE_1.19.0/STM32CubeIDE/plugins/com.st.stm32cube.ide.mcu.externaltools.gnu-tools-for-stm32.13.3.rel1.win32_1.0.0.202411081344/tools/bin/../lib/gcc/arm-none-eabi/13.3.1/thumb/v7e-m+fp/hard\libgcc.a(_aeabi_uldivmod.o)
                0x08000a54                __aeabi_uldivmod
 .text          0x08000a84      0x2f8 C:/ST/STM32CubeIDE_1.19.0/STM32CubeIDE/plugins/com.st.stm32cube.ide.mcu.externaltools.gnu-tools-for-stm32.13.3.rel1.win32_1.0.0.202411081344/tools/bin/../lib/gcc/arm-none-eabi/13.3.1/thumb/v7e-m+fp/hard\libgcc.a(_udivmoddi4.o)
                0x08000a84                __udivmoddi4
 .text          0x08000d7c        0x4 C:/ST/STM32CubeIDE_1.19.0/STM32CubeIDE/plugins/com.st.stm32cube.ide.mcu.externaltools.gnu-tools-for-stm32.13.3.rel1.win32_1.0.0.202411081344/tools/bin/../lib/gcc/arm-none-eabi/13.3.1/thumb/v7e-m+fp/hard\libgcc.a(_dvmd_tls.o)
                0x08000d7c                __aeabi_idiv0
                0x08000d7c                __aeabi_ldiv0
 *(.text*)
 .text.BaseSystemInterface_Init
                0x08000d80       0x6e ./Core/Src/BaseSystemInterface.o
                0x08000d80                BaseSystemInterface_Init
 .text.BaseSystemInterface_Update
                0x08000dee      0x432 ./Core/Src/BaseSystemInterface.o
                0x08000dee                BaseSystemInterface_Update
 .text.BaseSystem_Interface_Decode
                0x08001220      0x488 ./Core/Src/BaseSystemInterface.o
                0x08001220                BaseSystem_Interface_Decode
 .text.priv_fill_txheader
                0x080016a8       0x4e ./Core/Src/CANBUS.o
 .text.CANBus_WriteRelays
                0x080016f6       0x58 ./Core/Src/CANBUS.o
                0x080016f6                CANBus_WriteRelays
 .text.Saturate
                0x0800174e       0x52 ./Core/Src/Controller.o
 .text.PID_Init
                0x080017a0       0x52 ./Core/Src/Controller.o
                0x080017a0                PID_Init
 .text.PID_Update
                0x080017f2       0xe8 ./Core/Src/Controller.o
                0x080017f2                PID_Update
 .text.PID_Reset
                0x080018da       0x34 ./Core/Src/Controller.o
                0x080018da                PID_Reset
 .text.FF_Init  0x0800190e       0x7c ./Core/Src/Controller.o
                0x0800190e                FF_Init
 *fill*         0x0800198a        0x2 
 .text.FF_Compute
                0x0800198c       0xd4 ./Core/Src/Controller.o
                0x0800198c                FF_Compute
 .text.Controller_Init
                0x08001a60       0xf6 ./Core/Src/Controller.o
                0x08001a60                Controller_Init
 .text.Controller_Reset
                0x08001b56       0x5e ./Core/Src/Controller.o
                0x08001b56                Controller_Reset
 .text.io_start_pulse
                0x08001bb4       0x74 ./Core/Src/Gripper.o
 .text.can_start_pulse
                0x08001c28       0x4c ./Core/Src/Gripper.o
 .text.Gripper_Init_IO
                0x08001c74       0x8c ./Core/Src/Gripper.o
                0x08001c74                Gripper_Init_IO
 .text.Gripper_Update
                0x08001d00       0xa2 ./Core/Src/Gripper.o
                0x08001d00                Gripper_Update
 .text.Gripper_MoveUp
                0x08001da2       0x3a ./Core/Src/Gripper.o
                0x08001da2                Gripper_MoveUp
 .text.Gripper_MoveDown
                0x08001ddc       0x3a ./Core/Src/Gripper.o
                0x08001ddc                Gripper_MoveDown
 .text.Gripper_Open
                0x08001e16       0x3a ./Core/Src/Gripper.o
                0x08001e16                Gripper_Open
 .text.Gripper_Close
                0x08001e50       0x3a ./Core/Src/Gripper.o
                0x08001e50                Gripper_Close
 .text.Gripper_Up_State
                0x08001e8a       0x3e ./Core/Src/Gripper.o
                0x08001e8a                Gripper_Up_State
 .text.Gripper_Down_State
                0x08001ec8       0x3e ./Core/Src/Gripper.o
                0x08001ec8                Gripper_Down_State
 .text.Gripper_Claw_State
                0x08001f06       0x3e ./Core/Src/Gripper.o
                0x08001f06                Gripper_Claw_State
 .text.JoystickInterface_Set_RxMode
                0x08001f44       0x28 ./Core/Src/JoystickInterface.o
                0x08001f44                JoystickInterface_Set_RxMode
 .text.JoystickInterface_Init
                0x08001f6c       0x6e ./Core/Src/JoystickInterface.o
                0x08001f6c                JoystickInterface_Init
 .text.JoystickInterface_RxCpltCallback
                0x08001fda       0x38 ./Core/Src/JoystickInterface.o
                0x08001fda                JoystickInterface_RxCpltCallback
 .text.JoystickInterface_Update
                0x08002012       0x9a ./Core/Src/JoystickInterface.o
                0x08002012                JoystickInterface_Update
 .text.JoystickInterface_Get_Command
                0x080020ac       0x22 ./Core/Src/JoystickInterface.o
                0x080020ac                JoystickInterface_Get_Command
 .text.JoystickInterface_Get_Data
                0x080020ce       0x2a ./Core/Src/JoystickInterface.o
                0x080020ce                JoystickInterface_Get_Data
 .text.init_wrappers
                0x080020f8      0x1fc ./Core/Src/KalmanFilterDCMotor.o
 .text.build_Fd
                0x080022f4      0x104 ./Core/Src/KalmanFilterDCMotor.o
 .text.build_Gd
                0x080023f8       0x4a ./Core/Src/KalmanFilterDCMotor.o
 .text.build_Q  0x08002442       0x90 ./Core/Src/KalmanFilterDCMotor.o
 .text.build_H  0x080024d2       0x2a ./Core/Src/KalmanFilterDCMotor.o
 .text.build_R  0x080024fc       0x1e ./Core/Src/KalmanFilterDCMotor.o
 .text.build_I  0x0800251a       0x4e ./Core/Src/KalmanFilterDCMotor.o
 .text.predict_and_update
                0x08002568      0x294 ./Core/Src/KalmanFilterDCMotor.o
 .text.KalmanFilterDCMotor_Init
                0x080027fc       0x38 ./Core/Src/KalmanFilterDCMotor.o
                0x080027fc                KalmanFilterDCMotor_Init
 .text.KalmanFilterDCMotor_Set_ObserverPeriod
                0x08002834       0x2c ./Core/Src/KalmanFilterDCMotor.o
                0x08002834                KalmanFilterDCMotor_Set_ObserverPeriod
 .text.KalmanFilterDCMotor_Set_ProcessNoise
                0x08002860       0x20 ./Core/Src/KalmanFilterDCMotor.o
                0x08002860                KalmanFilterDCMotor_Set_ProcessNoise
 .text.KalmanFilterDCMotor_Set_MeasurementNoise
                0x08002880       0x20 ./Core/Src/KalmanFilterDCMotor.o
                0x08002880                KalmanFilterDCMotor_Set_MeasurementNoise
 .text.KalmanFilterDCMotor_Start
                0x080028a0       0x9a ./Core/Src/KalmanFilterDCMotor.o
                0x080028a0                KalmanFilterDCMotor_Start
 .text.KalmanFilterDCMotor_Update
                0x0800293a       0x26 ./Core/Src/KalmanFilterDCMotor.o
                0x0800293a                KalmanFilterDCMotor_Update
 .text.KalmanFilterDCMotor_Get_Velocity
                0x08002960       0x1e ./Core/Src/KalmanFilterDCMotor.o
                0x08002960                KalmanFilterDCMotor_Get_Velocity
 .text.KalmanFilterDCMotor_Get_Disturbance
                0x0800297e       0x1e ./Core/Src/KalmanFilterDCMotor.o
                0x0800297e                KalmanFilterDCMotor_Get_Disturbance
 .text.MD20A_init
                0x0800299c       0x8c ./Core/Src/MD20A.o
                0x0800299c                MD20A_init
 .text.MD20A_setSpeed
                0x08002a28      0x110 ./Core/Src/MD20A.o
                0x08002a28                MD20A_setSpeed
 .text.MD20A_stop
                0x08002b38       0x40 ./Core/Src/MD20A.o
                0x08002b38                MD20A_stop
 .text.modbus_1t5_Timeout
                0x08002b78       0x40 ./Core/Src/ModbusRTU.o
                0x08002b78                modbus_1t5_Timeout
 .text.modbus_3t5_Timeout
                0x08002bb8       0x20 ./Core/Src/ModbusRTU.o
                0x08002bb8                modbus_3t5_Timeout
 .text.modbus_ErrorTimeout
                0x08002bd8       0x20 ./Core/Src/ModbusRTU.o
                0x08002bd8                modbus_ErrorTimeout
 .text.Modbus_init
                0x08002bf8       0xac ./Core/Src/ModbusRTU.o
                0x08002bf8                Modbus_init
 .text.CRC16    0x08002ca4       0x70 ./Core/Src/ModbusRTU.o
                0x08002ca4                CRC16
 .text.Modbus_Protocol_Worker
                0x08002d14      0x204 ./Core/Src/ModbusRTU.o
                0x08002d14                Modbus_Protocol_Worker
 .text.Modbus_frame_response
                0x08002f18       0x30 ./Core/Src/ModbusRTU.o
                0x08002f18                Modbus_frame_response
 .text.modbusWrite1Register
                0x08002f48       0x80 ./Core/Src/ModbusRTU.o
                0x08002f48                modbusWrite1Register
 .text.modbusRead1Register
                0x08002fc8       0xfc ./Core/Src/ModbusRTU.o
                0x08002fc8                modbusRead1Register
 .text.ModbusErrorReply
                0x080030c4       0x44 ./Core/Src/ModbusRTU.o
                0x080030c4                ModbusErrorReply
 .text.Modbus_Emission
                0x08003108       0xf0 ./Core/Src/ModbusRTU.o
                0x08003108                Modbus_Emission
 .text.PWM_init
                0x080031f8       0x56 ./Core/Src/PWM.o
                0x080031f8                PWM_init
 *fill*         0x0800324e        0x2 
 .text.PWM_write
                0x08003250      0x1cc ./Core/Src/PWM.o
                0x08003250                PWM_write
 .text.QEI_init
                0x0800341c       0xbc ./Core/Src/QEI.o
                0x0800341c                QEI_init
 .text.QEI_update
                0x080034d8      0x184 ./Core/Src/QEI.o
                0x080034d8                QEI_update
 .text.Saturate
                0x0800365c       0x52 ./Core/Src/Robot.o
 .text.set_state
                0x080036ae       0x32 ./Core/Src/Robot.o
 .text.reset_control
                0x080036e0       0x34 ./Core/Src/Robot.o
 .text.Robot_Init
                0x08003714      0x224 ./Core/Src/Robot.o
                0x08003714                Robot_Init
 .text.Robot_SoftReset
                0x08003938      0x4a4 ./Core/Src/Robot.o
                0x08003938                Robot_SoftReset
 .text.Robot_Move
                0x08003ddc       0xe4 ./Core/Src/Robot.o
                0x08003ddc                Robot_Move
 .text.Robot_MoveConstrained
                0x08003ec0       0xf8 ./Core/Src/Robot.o
                0x08003ec0                Robot_MoveConstrained
 .text.Robot_PerfTest_Start
                0x08003fb8      0x150 ./Core/Src/Robot.o
                0x08003fb8                Robot_PerfTest_Start
 .text.Robot_Home
                0x08004108       0x44 ./Core/Src/Robot.o
                0x08004108                Robot_Home
 .text.Robot_Stop
                0x0800414c       0x48 ./Core/Src/Robot.o
                0x0800414c                Robot_Stop
 .text.Robot_EStop
                0x08004194       0x28 ./Core/Src/Robot.o
                0x08004194                Robot_EStop
 .text.Robot_JogVel
                0x080041bc       0x5a ./Core/Src/Robot.o
                0x080041bc                Robot_JogVel
 *fill*         0x08004216        0x2 
 .text.Robot_JogStep
                0x08004218       0x78 ./Core/Src/Robot.o
                0x08004218                Robot_JogStep
 .text.Robot_Gripper_MoveUp
                0x08004290       0x1c ./Core/Src/Robot.o
                0x08004290                Robot_Gripper_MoveUp
 .text.Robot_Gripper_MoveDown
                0x080042ac       0x1c ./Core/Src/Robot.o
                0x080042ac                Robot_Gripper_MoveDown
 .text.Robot_Gripper_Open
                0x080042c8       0x1c ./Core/Src/Robot.o
                0x080042c8                Robot_Gripper_Open
 .text.Robot_Gripper_Close
                0x080042e4       0x1c ./Core/Src/Robot.o
                0x080042e4                Robot_Gripper_Close
 .text.Robot_Gripper_GetUpState
                0x08004300       0x1e ./Core/Src/Robot.o
                0x08004300                Robot_Gripper_GetUpState
 .text.Robot_Gripper_GetDownState
                0x0800431e       0x1e ./Core/Src/Robot.o
                0x0800431e                Robot_Gripper_GetDownState
 .text.Robot_Gripper_GetClawState
                0x0800433c       0x1e ./Core/Src/Robot.o
                0x0800433c                Robot_Gripper_GetClawState
 .text.Robot_EXTI_Callback
                0x0800435a       0x36 ./Core/Src/Robot.o
                0x0800435a                Robot_EXTI_Callback
 .text.Robot_Update
                0x08004390      0x668 ./Core/Src/Robot.o
                0x08004390                Robot_Update
 .text.Robot_CANBus_Update
                0x080049f8       0x18 ./Core/Src/Robot.o
                0x080049f8                Robot_CANBus_Update
 .text.Robot_GetPosition
                0x08004a10       0x22 ./Core/Src/Robot.o
                0x08004a10                Robot_GetPosition
 .text.Robot_GetVelocity
                0x08004a32       0x22 ./Core/Src/Robot.o
                0x08004a32                Robot_GetVelocity
 .text.Robot_GetAcceleration
                0x08004a54       0x22 ./Core/Src/Robot.o
                0x08004a54                Robot_GetAcceleration
 .text.Robot_GetState
                0x08004a76       0x1a ./Core/Src/Robot.o
                0x08004a76                Robot_GetState
 .text.Robot_IsIdle
                0x08004a90       0x24 ./Core/Src/Robot.o
                0x08004a90                Robot_IsIdle
 .text.compute_phases
                0x08004ab4      0x424 ./Core/Src/SCurve.o
 .text.plan_scurve
                0x08004ed8      0x2f0 ./Core/Src/SCurve.o
 .text.SCurve_Init
                0x080051c8       0x42 ./Core/Src/SCurve.o
                0x080051c8                SCurve_Init
 .text.SCurve_SetTarget
                0x0800520a       0x26 ./Core/Src/SCurve.o
                0x0800520a                SCurve_SetTarget
 .text.SCurve_Update
                0x08005230      0x314 ./Core/Src/SCurve.o
                0x08005230                SCurve_Update
 .text.SCurve_Stop
                0x08005544       0x30 ./Core/Src/SCurve.o
                0x08005544                SCurve_Stop
 .text._queue_empty
                0x08005574       0x24 ./Core/Src/TaskManager.o
 .text._queue_full
                0x08005598       0x24 ./Core/Src/TaskManager.o
 .text._queue_has_estop
                0x080055bc       0x58 ./Core/Src/TaskManager.o
 .text._queue_has_stop
                0x08005614       0x58 ./Core/Src/TaskManager.o
 .text._queue_pop
                0x0800566c       0x70 ./Core/Src/TaskManager.o
 .text._queue_flush
                0x080056dc       0x2c ./Core/Src/TaskManager.o
 .text._seq_move_directed
                0x08005708       0xd0 ./Core/Src/TaskManager.o
 .text._guard_ok
                0x080057d8      0x188 ./Core/Src/TaskManager.o
 .text.Task_Init
                0x08005960       0x5a ./Core/Src/TaskManager.o
                0x08005960                Task_Init
 .text.Task_PostEvent
                0x080059ba       0x92 ./Core/Src/TaskManager.o
                0x080059ba                Task_PostEvent
 .text.Task_PostFromModbus
                0x08005a4c      0x37c ./Core/Src/TaskManager.o
                0x08005a4c                Task_PostFromModbus
 .text.Task_PostFromJoystick
                0x08005dc8      0x158 ./Core/Src/TaskManager.o
                0x08005dc8                Task_PostFromJoystick
 .text._gripper_seq_tick
                0x08005f20       0xe0 ./Core/Src/TaskManager.o
 .text._seq_grip_tick
                0x08006000      0x1a4 ./Core/Src/TaskManager.o
 .text.Task_Run
                0x080061a4      0x6e0 ./Core/Src/TaskManager.o
                0x080061a4                Task_Run
 .text.plan     0x08006884      0x1c8 ./Core/Src/Trapezoid.o
 .text.Trapezoid_Init
                0x08006a4c       0x38 ./Core/Src/Trapezoid.o
                0x08006a4c                Trapezoid_Init
 .text.Trapezoid_SetTargetConstrained
                0x08006a84       0x36 ./Core/Src/Trapezoid.o
                0x08006a84                Trapezoid_SetTargetConstrained
 .text.Trapezoid_Update
                0x08006aba      0x2cc ./Core/Src/Trapezoid.o
                0x08006aba                Trapezoid_Update
 .text.Trapezoid_Stop
                0x08006d86       0x34 ./Core/Src/Trapezoid.o
                0x08006d86                Trapezoid_Stop
 *fill*         0x08006dba        0x2 
 .text.MX_DMA_Init
                0x08006dbc       0x64 ./Core/Src/dma.o
                0x08006dbc                MX_DMA_Init
 .text.MX_FDCAN1_Init
                0x08006e20       0x8c ./Core/Src/fdcan.o
                0x08006e20                MX_FDCAN1_Init
 .text.HAL_FDCAN_MspInit
                0x08006eac       0xb4 ./Core/Src/fdcan.o
                0x08006eac                HAL_FDCAN_MspInit
 .text.MX_GPIO_Init
                0x08006f60      0x150 ./Core/Src/gpio.o
                0x08006f60                MX_GPIO_Init
 .text.main     0x080070b0      0x704 ./Core/Src/main.o
                0x080070b0                main
 .text.SystemClock_Config
                0x080077b4       0x96 ./Core/Src/main.o
                0x080077b4                SystemClock_Config
 *fill*         0x0800784a        0x2 
 .text.HAL_TIM_PeriodElapsedCallback
                0x0800784c       0x28 ./Core/Src/main.o
                0x0800784c                HAL_TIM_PeriodElapsedCallback
 .text.HAL_GPIO_EXTI_Callback
                0x08007874       0x20 ./Core/Src/main.o
                0x08007874                HAL_GPIO_EXTI_Callback
 .text.HAL_UART_RxCpltCallback
                0x08007894       0x1c ./Core/Src/main.o
                0x08007894                HAL_UART_RxCpltCallback
 .text.Error_Handler
                0x080078b0        0xc ./Core/Src/main.o
                0x080078b0                Error_Handler
 .text.HAL_MspInit
                0x080078bc       0x48 ./Core/Src/stm32g4xx_hal_msp.o
                0x080078bc                HAL_MspInit
 .text.NMI_Handler
                0x08007904        0x8 ./Core/Src/stm32g4xx_it.o
                0x08007904                NMI_Handler
 .text.HardFault_Handler
                0x0800790c        0x8 ./Core/Src/stm32g4xx_it.o
                0x0800790c                HardFault_Handler
 .text.MemManage_Handler
                0x08007914        0x8 ./Core/Src/stm32g4xx_it.o
                0x08007914                MemManage_Handler
 .text.BusFault_Handler
                0x0800791c        0x8 ./Core/Src/stm32g4xx_it.o
                0x0800791c                BusFault_Handler
 .text.UsageFault_Handler
                0x08007924        0x8 ./Core/Src/stm32g4xx_it.o
                0x08007924                UsageFault_Handler
 .text.SVC_Handler
                0x0800792c        0xe ./Core/Src/stm32g4xx_it.o
                0x0800792c                SVC_Handler
 .text.DebugMon_Handler
                0x0800793a        0xe ./Core/Src/stm32g4xx_it.o
                0x0800793a                DebugMon_Handler
 .text.PendSV_Handler
                0x08007948        0xe ./Core/Src/stm32g4xx_it.o
                0x08007948                PendSV_Handler
 .text.SysTick_Handler
                0x08007956        0xc ./Core/Src/stm32g4xx_it.o
                0x08007956                SysTick_Handler
 .text.EXTI2_IRQHandler
                0x08007962        0xe ./Core/Src/stm32g4xx_it.o
                0x08007962                EXTI2_IRQHandler
 .text.DMA1_Channel2_IRQHandler
                0x08007970       0x14 ./Core/Src/stm32g4xx_it.o
                0x08007970                DMA1_Channel2_IRQHandler
 .text.DMA1_Channel3_IRQHandler
                0x08007984       0x14 ./Core/Src/stm32g4xx_it.o
                0x08007984                DMA1_Channel3_IRQHandler
 .text.TIM1_UP_TIM16_IRQHandler
                0x08007998       0x1c ./Core/Src/stm32g4xx_it.o
                0x08007998                TIM1_UP_TIM16_IRQHandler
 .text.TIM2_IRQHandler
                0x080079b4       0x14 ./Core/Src/stm32g4xx_it.o
                0x080079b4                TIM2_IRQHandler
 .text.TIM3_IRQHandler
                0x080079c8       0x14 ./Core/Src/stm32g4xx_it.o
                0x080079c8                TIM3_IRQHandler
 .text.USART2_IRQHandler
                0x080079dc       0x14 ./Core/Src/stm32g4xx_it.o
                0x080079dc                USART2_IRQHandler
 .text.USART3_IRQHandler
                0x080079f0       0x14 ./Core/Src/stm32g4xx_it.o
                0x080079f0                USART3_IRQHandler
 .text.SystemInit
                0x08007a04       0x24 ./Core/Src/system_stm32g4xx.o
                0x08007a04                SystemInit
 .text.MX_TIM1_Init
                0x08007a28       0xb4 ./Core/Src/tim.o
                0x08007a28                MX_TIM1_Init
 .text.MX_TIM2_Init
                0x08007adc      0x104 ./Core/Src/tim.o
                0x08007adc                MX_TIM2_Init
 .text.MX_TIM3_Init
                0x08007be0       0x9c ./Core/Src/tim.o
                0x08007be0                MX_TIM3_Init
 .text.MX_TIM16_Init
                0x08007c7c       0x60 ./Core/Src/tim.o
                0x08007c7c                MX_TIM16_Init
 .text.HAL_TIM_Encoder_MspInit
                0x08007cdc       0x98 ./Core/Src/tim.o
                0x08007cdc                HAL_TIM_Encoder_MspInit
 .text.HAL_TIM_Base_MspInit
                0x08007d74       0xb8 ./Core/Src/tim.o
                0x08007d74                HAL_TIM_Base_MspInit
 .text.HAL_TIM_MspPostInit
                0x08007e2c       0x68 ./Core/Src/tim.o
                0x08007e2c                HAL_TIM_MspPostInit
 .text.MX_USART2_UART_Init
                0x08007e94       0x9c ./Core/Src/usart.o
                0x08007e94                MX_USART2_UART_Init
 .text.MX_USART3_UART_Init
                0x08007f30       0xa0 ./Core/Src/usart.o
                0x08007f30                MX_USART3_UART_Init
 .text.HAL_UART_MspInit
                0x08007fd0      0x208 ./Core/Src/usart.o
                0x08007fd0                HAL_UART_MspInit
 .text.Reset_Handler
                0x080081d8       0x50 ./Core/Startup/startup_stm32g474retx.o
                0x080081d8                Reset_Handler
 .text.Default_Handler
                0x08008228        0x2 ./Core/Startup/startup_stm32g474retx.o
                0x08008228                RTC_Alarm_IRQHandler
                0x08008228                TIM8_TRG_COM_IRQHandler
                0x08008228                TIM8_CC_IRQHandler
                0x08008228                HRTIM1_Master_IRQHandler
                0x08008228                SPI4_IRQHandler
                0x08008228                FDCAN3_IT0_IRQHandler
                0x08008228                TIM1_CC_IRQHandler
                0x08008228                HRTIM1_FLT_IRQHandler
                0x08008228                HRTIM1_TIMF_IRQHandler
                0x08008228                USB_HP_IRQHandler
                0x08008228                CORDIC_IRQHandler
                0x08008228                HRTIM1_TIMD_IRQHandler
                0x08008228                DMA2_Channel8_IRQHandler
                0x08008228                EXTI3_IRQHandler
                0x08008228                I2C3_ER_IRQHandler
                0x08008228                EXTI0_IRQHandler
                0x08008228                I2C2_EV_IRQHandler
                0x08008228                FPU_IRQHandler
                0x08008228                FDCAN1_IT1_IRQHandler
                0x08008228                ADC1_2_IRQHandler
                0x08008228                HRTIM1_TIME_IRQHandler
                0x08008228                SPI1_IRQHandler
                0x08008228                TIM6_DAC_IRQHandler
                0x08008228                HRTIM1_TIMC_IRQHandler
                0x08008228                TIM8_UP_IRQHandler
                0x08008228                DMA2_Channel2_IRQHandler
                0x08008228                DMA1_Channel4_IRQHandler
                0x08008228                TIM20_TRG_COM_IRQHandler
                0x08008228                DMA1_Channel7_IRQHandler
                0x08008228                UART5_IRQHandler
                0x08008228                ADC3_IRQHandler
                0x08008228                TIM4_IRQHandler
                0x08008228                DMA2_Channel1_IRQHandler
                0x08008228                QUADSPI_IRQHandler
                0x08008228                I2C1_EV_IRQHandler
                0x08008228                DMA1_Channel6_IRQHandler
                0x08008228                UART4_IRQHandler
                0x08008228                DMA2_Channel4_IRQHandler
                0x08008228                RCC_IRQHandler
                0x08008228                TIM20_UP_IRQHandler
                0x08008228                DMA1_Channel1_IRQHandler
                0x08008228                Default_Handler
                0x08008228                DMA2_Channel7_IRQHandler
                0x08008228                RTC_TAMP_LSECSS_IRQHandler
                0x08008228                FMAC_IRQHandler
                0x08008228                EXTI15_10_IRQHandler
                0x08008228                DMA1_Channel8_IRQHandler
                0x08008228                HRTIM1_TIMA_IRQHandler
                0x08008228                TIM7_DAC_IRQHandler
                0x08008228                FDCAN3_IT1_IRQHandler
                0x08008228                TIM5_IRQHandler
                0x08008228                UCPD1_IRQHandler
                0x08008228                I2C3_EV_IRQHandler
                0x08008228                EXTI9_5_IRQHandler
                0x08008228                RTC_WKUP_IRQHandler
                0x08008228                PVD_PVM_IRQHandler
                0x08008228                SPI2_IRQHandler
                0x08008228                ADC5_IRQHandler
                0x08008228                DMA2_Channel5_IRQHandler
                0x08008228                CRS_IRQHandler
                0x08008228                DMA1_Channel5_IRQHandler
                0x08008228                USB_LP_IRQHandler
                0x08008228                EXTI4_IRQHandler
                0x08008228                RNG_IRQHandler
                0x08008228                HRTIM1_TIMB_IRQHandler
                0x08008228                TIM1_TRG_COM_TIM17_IRQHandler
                0x08008228                FDCAN2_IT1_IRQHandler
                0x08008228                ADC4_IRQHandler
                0x08008228                WWDG_IRQHandler
                0x08008228                I2C4_EV_IRQHandler
                0x08008228                FDCAN2_IT0_IRQHandler
                0x08008228                LPUART1_IRQHandler
                0x08008228                DMA2_Channel6_IRQHandler
                0x08008228                FDCAN1_IT0_IRQHandler
                0x08008228                COMP7_IRQHandler
                0x08008228                COMP1_2_3_IRQHandler
                0x08008228                EXTI1_IRQHandler
                0x08008228                COMP4_5_6_IRQHandler
                0x08008228                TIM20_BRK_IRQHandler
                0x08008228                I2C2_ER_IRQHandler
                0x08008228                TIM8_BRK_IRQHandler
                0x08008228                FLASH_IRQHandler
                0x08008228                TIM20_CC_IRQHandler
                0x08008228                USART1_IRQHandler
                0x08008228                SPI3_IRQHandler
                0x08008228                I2C1_ER_IRQHandler
                0x08008228                FMC_IRQHandler
                0x08008228                LPTIM1_IRQHandler
                0x08008228                DMAMUX_OVR_IRQHandler
                0x08008228                I2C4_ER_IRQHandler
                0x08008228                USBWakeUp_IRQHandler
                0x08008228                SAI1_IRQHandler
                0x08008228                DMA2_Channel3_IRQHandler
                0x08008228                TIM1_BRK_TIM15_IRQHandler
 .text.HAL_Init
                0x0800822a       0x30 ./Drivers/STM32G4xx_HAL_Driver/Src/stm32g4xx_hal.o
                0x0800822a                HAL_Init
 *fill*         0x0800825a        0x2 
 .text.HAL_InitTick
                0x0800825c       0x74 ./Drivers/STM32G4xx_HAL_Driver/Src/stm32g4xx_hal.o
                0x0800825c                HAL_InitTick
 .text.HAL_IncTick
                0x080082d0       0x24 ./Drivers/STM32G4xx_HAL_Driver/Src/stm32g4xx_hal.o
                0x080082d0                HAL_IncTick
 .text.HAL_GetTick
                0x080082f4       0x18 ./Drivers/STM32G4xx_HAL_Driver/Src/stm32g4xx_hal.o
                0x080082f4                HAL_GetTick
 .text.__NVIC_SetPriorityGrouping
                0x0800830c       0x48 ./Drivers/STM32G4xx_HAL_Driver/Src/stm32g4xx_hal_cortex.o
 .text.__NVIC_GetPriorityGrouping
                0x08008354       0x1c ./Drivers/STM32G4xx_HAL_Driver/Src/stm32g4xx_hal_cortex.o
 .text.__NVIC_EnableIRQ
                0x08008370       0x3c ./Drivers/STM32G4xx_HAL_Driver/Src/stm32g4xx_hal_cortex.o
 .text.__NVIC_SetPriority
                0x080083ac       0x54 ./Drivers/STM32G4xx_HAL_Driver/Src/stm32g4xx_hal_cortex.o
 .text.NVIC_EncodePriority
                0x08008400       0x66 ./Drivers/STM32G4xx_HAL_Driver/Src/stm32g4xx_hal_cortex.o
 *fill*         0x08008466        0x2 
 .text.SysTick_Config
                0x08008468       0x44 ./Drivers/STM32G4xx_HAL_Driver/Src/stm32g4xx_hal_cortex.o
 .text.HAL_NVIC_SetPriorityGrouping
                0x080084ac       0x16 ./Drivers/STM32G4xx_HAL_Driver/Src/stm32g4xx_hal_cortex.o
                0x080084ac                HAL_NVIC_SetPriorityGrouping
 .text.HAL_NVIC_SetPriority
                0x080084c2       0x34 ./Drivers/STM32G4xx_HAL_Driver/Src/stm32g4xx_hal_cortex.o
                0x080084c2                HAL_NVIC_SetPriority
 .text.HAL_NVIC_EnableIRQ
                0x080084f6       0x1c ./Drivers/STM32G4xx_HAL_Driver/Src/stm32g4xx_hal_cortex.o
                0x080084f6                HAL_NVIC_EnableIRQ
 .text.HAL_SYSTICK_Config
                0x08008512       0x18 ./Drivers/STM32G4xx_HAL_Driver/Src/stm32g4xx_hal_cortex.o
                0x08008512                HAL_SYSTICK_Config
 *fill*         0x0800852a        0x2 
 .text.HAL_DMA_Init
                0x0800852c      0x150 ./Drivers/STM32G4xx_HAL_Driver/Src/stm32g4xx_hal_dma.o
                0x0800852c                HAL_DMA_Init
 .text.HAL_DMA_Start_IT
                0x0800867c       0xf6 ./Drivers/STM32G4xx_HAL_Driver/Src/stm32g4xx_hal_dma.o
                0x0800867c                HAL_DMA_Start_IT
 .text.HAL_DMA_Abort
                0x08008772       0xbc ./Drivers/STM32G4xx_HAL_Driver/Src/stm32g4xx_hal_dma.o
                0x08008772                HAL_DMA_Abort
 .text.HAL_DMA_Abort_IT
                0x0800882e       0xce ./Drivers/STM32G4xx_HAL_Driver/Src/stm32g4xx_hal_dma.o
                0x0800882e                HAL_DMA_Abort_IT
 .text.HAL_DMA_IRQHandler
                0x080088fc      0x15e ./Drivers/STM32G4xx_HAL_Driver/Src/stm32g4xx_hal_dma.o
                0x080088fc                HAL_DMA_IRQHandler
 .text.DMA_SetConfig
                0x08008a5a       0x7c ./Drivers/STM32G4xx_HAL_Driver/Src/stm32g4xx_hal_dma.o
 *fill*         0x08008ad6        0x2 
 .text.DMA_CalcDMAMUXChannelBaseAndMask
                0x08008ad8       0x90 ./Drivers/STM32G4xx_HAL_Driver/Src/stm32g4xx_hal_dma.o
 .text.DMA_CalcDMAMUXRequestGenBaseAndMask
                0x08008b68       0x4c ./Drivers/STM32G4xx_HAL_Driver/Src/stm32g4xx_hal_dma.o
 .text.HAL_FDCAN_Init
                0x08008bb4      0x2b4 ./Drivers/STM32G4xx_HAL_Driver/Src/stm32g4xx_hal_fdcan.o
                0x08008bb4                HAL_FDCAN_Init
 .text.HAL_FDCAN_AddMessageToTxFifoQ
                0x08008e68       0x88 ./Drivers/STM32G4xx_HAL_Driver/Src/stm32g4xx_hal_fdcan.o
                0x08008e68                HAL_FDCAN_AddMessageToTxFifoQ
 .text.FDCAN_CalcultateRamBlockAddresses
                0x08008ef0       0xd8 ./Drivers/STM32G4xx_HAL_Driver/Src/stm32g4xx_hal_fdcan.o
 .text.FDCAN_CopyMessageToRAM
                0x08008fc8       0xf8 ./Drivers/STM32G4xx_HAL_Driver/Src/stm32g4xx_hal_fdcan.o
 .text.HAL_GPIO_Init
                0x080090c0      0x318 ./Drivers/STM32G4xx_HAL_Driver/Src/stm32g4xx_hal_gpio.o
                0x080090c0                HAL_GPIO_Init
 .text.HAL_GPIO_ReadPin
                0x080093d8       0x30 ./Drivers/STM32G4xx_HAL_Driver/Src/stm32g4xx_hal_gpio.o
                0x080093d8                HAL_GPIO_ReadPin
 .text.HAL_GPIO_WritePin
                0x08009408       0x30 ./Drivers/STM32G4xx_HAL_Driver/Src/stm32g4xx_hal_gpio.o
                0x08009408                HAL_GPIO_WritePin
 .text.HAL_GPIO_EXTI_IRQHandler
                0x08009438       0x30 ./Drivers/STM32G4xx_HAL_Driver/Src/stm32g4xx_hal_gpio.o
                0x08009438                HAL_GPIO_EXTI_IRQHandler
 .text.HAL_PWREx_ControlVoltageScaling
                0x08009468      0x148 ./Drivers/STM32G4xx_HAL_Driver/Src/stm32g4xx_hal_pwr_ex.o
                0x08009468                HAL_PWREx_ControlVoltageScaling
 .text.HAL_PWREx_DisableUCPDDeadBattery
                0x080095b0       0x20 ./Drivers/STM32G4xx_HAL_Driver/Src/stm32g4xx_hal_pwr_ex.o
                0x080095b0                HAL_PWREx_DisableUCPDDeadBattery
 .text.HAL_RCC_OscConfig
                0x080095d0      0x624 ./Drivers/STM32G4xx_HAL_Driver/Src/stm32g4xx_hal_rcc.o
                0x080095d0                HAL_RCC_OscConfig
 .text.HAL_RCC_ClockConfig
                0x08009bf4      0x278 ./Drivers/STM32G4xx_HAL_Driver/Src/stm32g4xx_hal_rcc.o
                0x08009bf4                HAL_RCC_ClockConfig
 .text.HAL_RCC_GetSysClockFreq
                0x08009e6c       0xc4 ./Drivers/STM32G4xx_HAL_Driver/Src/stm32g4xx_hal_rcc.o
                0x08009e6c                HAL_RCC_GetSysClockFreq
 .text.HAL_RCC_GetHCLKFreq
                0x08009f30       0x18 ./Drivers/STM32G4xx_HAL_Driver/Src/stm32g4xx_hal_rcc.o
                0x08009f30                HAL_RCC_GetHCLKFreq
 .text.HAL_RCC_GetPCLK1Freq
                0x08009f48       0x2c ./Drivers/STM32G4xx_HAL_Driver/Src/stm32g4xx_hal_rcc.o
                0x08009f48                HAL_RCC_GetPCLK1Freq
 .text.HAL_RCC_GetPCLK2Freq
                0x08009f74       0x2c ./Drivers/STM32G4xx_HAL_Driver/Src/stm32g4xx_hal_rcc.o
                0x08009f74                HAL_RCC_GetPCLK2Freq
 .text.RCC_GetSysClockFreqFromPLLSource
                0x08009fa0       0x8c ./Drivers/STM32G4xx_HAL_Driver/Src/stm32g4xx_hal_rcc.o
 .text.HAL_RCCEx_PeriphCLKConfig
                0x0800a02c      0x49c ./Drivers/STM32G4xx_HAL_Driver/Src/stm32g4xx_hal_rcc_ex.o
                0x0800a02c                HAL_RCCEx_PeriphCLKConfig
 .text.HAL_TIM_Base_Init
                0x0800a4c8       0xc8 ./Drivers/STM32G4xx_HAL_Driver/Src/stm32g4xx_hal_tim.o
                0x0800a4c8                HAL_TIM_Base_Init
 .text.HAL_TIM_Base_Start
                0x0800a590       0xe0 ./Drivers/STM32G4xx_HAL_Driver/Src/stm32g4xx_hal_tim.o
                0x0800a590                HAL_TIM_Base_Start
 .text.HAL_TIM_Base_Start_IT
                0x0800a670       0xf0 ./Drivers/STM32G4xx_HAL_Driver/Src/stm32g4xx_hal_tim.o
                0x0800a670                HAL_TIM_Base_Start_IT
 .text.HAL_TIM_PWM_Init
                0x0800a760       0xc8 ./Drivers/STM32G4xx_HAL_Driver/Src/stm32g4xx_hal_tim.o
                0x0800a760                HAL_TIM_PWM_Init
 .text.HAL_TIM_PWM_MspInit
                0x0800a828       0x14 ./Drivers/STM32G4xx_HAL_Driver/Src/stm32g4xx_hal_tim.o
                0x0800a828                HAL_TIM_PWM_MspInit
 .text.HAL_TIM_PWM_Start
                0x0800a83c      0x224 ./Drivers/STM32G4xx_HAL_Driver/Src/stm32g4xx_hal_tim.o
                0x0800a83c                HAL_TIM_PWM_Start
 .text.HAL_TIM_OnePulse_Init
                0x0800aa60       0xbc ./Drivers/STM32G4xx_HAL_Driver/Src/stm32g4xx_hal_tim.o
                0x0800aa60                HAL_TIM_OnePulse_Init
 .text.HAL_TIM_OnePulse_MspInit
                0x0800ab1c       0x14 ./Drivers/STM32G4xx_HAL_Driver/Src/stm32g4xx_hal_tim.o
                0x0800ab1c                HAL_TIM_OnePulse_MspInit
 .text.HAL_TIM_OnePulse_Start_IT
                0x0800ab30      0x11c ./Drivers/STM32G4xx_HAL_Driver/Src/stm32g4xx_hal_tim.o
                0x0800ab30                HAL_TIM_OnePulse_Start_IT
 .text.HAL_TIM_Encoder_Init
                0x0800ac4c      0x168 ./Drivers/STM32G4xx_HAL_Driver/Src/stm32g4xx_hal_tim.o
                0x0800ac4c                HAL_TIM_Encoder_Init
 .text.HAL_TIM_Encoder_Start
                0x0800adb4      0x11c ./Drivers/STM32G4xx_HAL_Driver/Src/stm32g4xx_hal_tim.o
                0x0800adb4                HAL_TIM_Encoder_Start
 .text.HAL_TIM_IRQHandler
                0x0800aed0      0x2f2 ./Drivers/STM32G4xx_HAL_Driver/Src/stm32g4xx_hal_tim.o
                0x0800aed0                HAL_TIM_IRQHandler
 *fill*         0x0800b1c2        0x2 
 .text.HAL_TIM_PWM_ConfigChannel
                0x0800b1c4      0x228 ./Drivers/STM32G4xx_HAL_Driver/Src/stm32g4xx_hal_tim.o
                0x0800b1c4                HAL_TIM_PWM_ConfigChannel
 .text.HAL_TIM_ConfigClockSource
                0x0800b3ec      0x22c ./Drivers/STM32G4xx_HAL_Driver/Src/stm32g4xx_hal_tim.o
                0x0800b3ec                HAL_TIM_ConfigClockSource
 .text.HAL_TIM_PeriodElapsedHalfCpltCallback
                0x0800b618       0x14 ./Drivers/STM32G4xx_HAL_Driver/Src/stm32g4xx_hal_tim.o
                0x0800b618                HAL_TIM_PeriodElapsedHalfCpltCallback
 .text.HAL_TIM_OC_DelayElapsedCallback
                0x0800b62c       0x14 ./Drivers/STM32G4xx_HAL_Driver/Src/stm32g4xx_hal_tim.o
                0x0800b62c                HAL_TIM_OC_DelayElapsedCallback
 .text.HAL_TIM_IC_CaptureCallback
                0x0800b640       0x14 ./Drivers/STM32G4xx_HAL_Driver/Src/stm32g4xx_hal_tim.o
                0x0800b640                HAL_TIM_IC_CaptureCallback
 .text.HAL_TIM_IC_CaptureHalfCpltCallback
                0x0800b654       0x14 ./Drivers/STM32G4xx_HAL_Driver/Src/stm32g4xx_hal_tim.o
                0x0800b654                HAL_TIM_IC_CaptureHalfCpltCallback
 .text.HAL_TIM_PWM_PulseFinishedCallback
                0x0800b668       0x14 ./Drivers/STM32G4xx_HAL_Driver/Src/stm32g4xx_hal_tim.o
                0x0800b668                HAL_TIM_PWM_PulseFinishedCallback
 .text.HAL_TIM_PWM_PulseFinishedHalfCpltCallback
                0x0800b67c       0x14 ./Drivers/STM32G4xx_HAL_Driver/Src/stm32g4xx_hal_tim.o
                0x0800b67c                HAL_TIM_PWM_PulseFinishedHalfCpltCallback
 .text.HAL_TIM_TriggerCallback
                0x0800b690       0x14 ./Drivers/STM32G4xx_HAL_Driver/Src/stm32g4xx_hal_tim.o
                0x0800b690                HAL_TIM_TriggerCallback
 .text.HAL_TIM_TriggerHalfCpltCallback
                0x0800b6a4       0x14 ./Drivers/STM32G4xx_HAL_Driver/Src/stm32g4xx_hal_tim.o
                0x0800b6a4                HAL_TIM_TriggerHalfCpltCallback
 .text.HAL_TIM_ErrorCallback
                0x0800b6b8       0x14 ./Drivers/STM32G4xx_HAL_Driver/Src/stm32g4xx_hal_tim.o
                0x0800b6b8                HAL_TIM_ErrorCallback
 .text.HAL_TIM_RegisterCallback
                0x0800b6cc      0x2c0 ./Drivers/STM32G4xx_HAL_Driver/Src/stm32g4xx_hal_tim.o
                0x0800b6cc                HAL_TIM_RegisterCallback
 .text.TIM_Base_SetConfig
                0x0800b98c      0x15c ./Drivers/STM32G4xx_HAL_Driver/Src/stm32g4xx_hal_tim.o
                0x0800b98c                TIM_Base_SetConfig
 .text.TIM_OC1_SetConfig
                0x0800bae8      0x138 ./Drivers/STM32G4xx_HAL_Driver/Src/stm32g4xx_hal_tim.o
 .text.TIM_OC2_SetConfig
                0x0800bc20      0x12c ./Drivers/STM32G4xx_HAL_Driver/Src/stm32g4xx_hal_tim.o
                0x0800bc20                TIM_OC2_SetConfig
 .text.TIM_OC3_SetConfig
                0x0800bd4c      0x128 ./Drivers/STM32G4xx_HAL_Driver/Src/stm32g4xx_hal_tim.o
 .text.TIM_OC4_SetConfig
                0x0800be74      0x12c ./Drivers/STM32G4xx_HAL_Driver/Src/stm32g4xx_hal_tim.o
 .text.TIM_OC5_SetConfig
                0x0800bfa0       0xd4 ./Drivers/STM32G4xx_HAL_Driver/Src/stm32g4xx_hal_tim.o
 .text.TIM_OC6_SetConfig
                0x0800c074       0xd8 ./Drivers/STM32G4xx_HAL_Driver/Src/stm32g4xx_hal_tim.o
 .text.TIM_TI1_ConfigInputStage
                0x0800c14c       0xb4 ./Drivers/STM32G4xx_HAL_Driver/Src/stm32g4xx_hal_tim.o
 .text.TIM_TI2_ConfigInputStage
                0x0800c200       0x90 ./Drivers/STM32G4xx_HAL_Driver/Src/stm32g4xx_hal_tim.o
 .text.TIM_ITRx_SetConfig
                0x0800c290       0x3a ./Drivers/STM32G4xx_HAL_Driver/Src/stm32g4xx_hal_tim.o
 .text.TIM_ETR_SetConfig
                0x0800c2ca       0x40 ./Drivers/STM32G4xx_HAL_Driver/Src/stm32g4xx_hal_tim.o
                0x0800c2ca                TIM_ETR_SetConfig
 .text.TIM_CCxChannelCmd
                0x0800c30a       0x4a ./Drivers/STM32G4xx_HAL_Driver/Src/stm32g4xx_hal_tim.o
                0x0800c30a                TIM_CCxChannelCmd
 .text.TIM_ResetCallback
                0x0800c354       0xec ./Drivers/STM32G4xx_HAL_Driver/Src/stm32g4xx_hal_tim.o
                0x0800c354                TIM_ResetCallback
 .text.HAL_TIMEx_MasterConfigSynchronization
                0x0800c440      0x12c ./Drivers/STM32G4xx_HAL_Driver/Src/stm32g4xx_hal_tim_ex.o
                0x0800c440                HAL_TIMEx_MasterConfigSynchronization
 .text.HAL_TIMEx_CommutCallback
                0x0800c56c       0x14 ./Drivers/STM32G4xx_HAL_Driver/Src/stm32g4xx_hal_tim_ex.o
                0x0800c56c                HAL_TIMEx_CommutCallback
 .text.HAL_TIMEx_CommutHalfCpltCallback
                0x0800c580       0x14 ./Drivers/STM32G4xx_HAL_Driver/Src/stm32g4xx_hal_tim_ex.o
                0x0800c580                HAL_TIMEx_CommutHalfCpltCallback
 .text.HAL_TIMEx_BreakCallback
                0x0800c594       0x14 ./Drivers/STM32G4xx_HAL_Driver/Src/stm32g4xx_hal_tim_ex.o
                0x0800c594                HAL_TIMEx_BreakCallback
 .text.HAL_TIMEx_Break2Callback
                0x0800c5a8       0x14 ./Drivers/STM32G4xx_HAL_Driver/Src/stm32g4xx_hal_tim_ex.o
                0x0800c5a8                HAL_TIMEx_Break2Callback
 .text.HAL_TIMEx_EncoderIndexCallback
                0x0800c5bc       0x14 ./Drivers/STM32G4xx_HAL_Driver/Src/stm32g4xx_hal_tim_ex.o
                0x0800c5bc                HAL_TIMEx_EncoderIndexCallback
 .text.HAL_TIMEx_DirectionChangeCallback
                0x0800c5d0       0x14 ./Drivers/STM32G4xx_HAL_Driver/Src/stm32g4xx_hal_tim_ex.o
                0x0800c5d0                HAL_TIMEx_DirectionChangeCallback
 .text.HAL_TIMEx_IndexErrorCallback
                0x0800c5e4       0x14 ./Drivers/STM32G4xx_HAL_Driver/Src/stm32g4xx_hal_tim_ex.o
                0x0800c5e4                HAL_TIMEx_IndexErrorCallback
 .text.HAL_TIMEx_TransitionErrorCallback
                0x0800c5f8       0x14 ./Drivers/STM32G4xx_HAL_Driver/Src/stm32g4xx_hal_tim_ex.o
                0x0800c5f8                HAL_TIMEx_TransitionErrorCallback
 .text.HAL_UART_Init
                0x0800c60c       0xc0 ./Drivers/STM32G4xx_HAL_Driver/Src/stm32g4xx_hal_uart.o
                0x0800c60c                HAL_UART_Init
 .text.HAL_UART_RegisterCallback
                0x0800c6cc      0x174 ./Drivers/STM32G4xx_HAL_Driver/Src/stm32g4xx_hal_uart.o
                0x0800c6cc                HAL_UART_RegisterCallback
 .text.HAL_UART_Receive_IT
                0x0800c840       0x98 ./Drivers/STM32G4xx_HAL_Driver/Src/stm32g4xx_hal_uart.o
                0x0800c840                HAL_UART_Receive_IT
 .text.HAL_UART_Transmit_DMA
                0x0800c8d8      0x100 ./Drivers/STM32G4xx_HAL_Driver/Src/stm32g4xx_hal_uart.o
                0x0800c8d8                HAL_UART_Transmit_DMA
 .text.HAL_UART_Receive_DMA
                0x0800c9d8       0x98 ./Drivers/STM32G4xx_HAL_Driver/Src/stm32g4xx_hal_uart.o
                0x0800c9d8                HAL_UART_Receive_DMA
 .text.HAL_UART_IRQHandler
                0x0800ca70      0x6a8 ./Drivers/STM32G4xx_HAL_Driver/Src/stm32g4xx_hal_uart.o
                0x0800ca70                HAL_UART_IRQHandler
 .text.HAL_UART_TxCpltCallback
                0x0800d118       0x14 ./Drivers/STM32G4xx_HAL_Driver/Src/stm32g4xx_hal_uart.o
                0x0800d118                HAL_UART_TxCpltCallback
 .text.HAL_UART_TxHalfCpltCallback
                0x0800d12c       0x14 ./Drivers/STM32G4xx_HAL_Driver/Src/stm32g4xx_hal_uart.o
                0x0800d12c                HAL_UART_TxHalfCpltCallback
 .text.HAL_UART_RxHalfCpltCallback
                0x0800d140       0x14 ./Drivers/STM32G4xx_HAL_Driver/Src/stm32g4xx_hal_uart.o
                0x0800d140                HAL_UART_RxHalfCpltCallback
 .text.HAL_UART_ErrorCallback
                0x0800d154       0x14 ./Drivers/STM32G4xx_HAL_Driver/Src/stm32g4xx_hal_uart.o
                0x0800d154                HAL_UART_ErrorCallback
 .text.HAL_UART_AbortCpltCallback
                0x0800d168       0x14 ./Drivers/STM32G4xx_HAL_Driver/Src/stm32g4xx_hal_uart.o
                0x0800d168                HAL_UART_AbortCpltCallback
 .text.HAL_UART_AbortTransmitCpltCallback
                0x0800d17c       0x14 ./Drivers/STM32G4xx_HAL_Driver/Src/stm32g4xx_hal_uart.o
                0x0800d17c                HAL_UART_AbortTransmitCpltCallback
 .text.HAL_UART_AbortReceiveCpltCallback
                0x0800d190       0x14 ./Drivers/STM32G4xx_HAL_Driver/Src/stm32g4xx_hal_uart.o
                0x0800d190                HAL_UART_AbortReceiveCpltCallback
 .text.HAL_UARTEx_RxEventCallback
                0x0800d1a4       0x18 ./Drivers/STM32G4xx_HAL_Driver/Src/stm32g4xx_hal_uart.o
                0x0800d1a4                HAL_UARTEx_RxEventCallback
 .text.HAL_UART_ReceiverTimeout_Config
                0x0800d1bc       0x38 ./Drivers/STM32G4xx_HAL_Driver/Src/stm32g4xx_hal_uart.o
                0x0800d1bc                HAL_UART_ReceiverTimeout_Config
 .text.HAL_UART_EnableReceiverTimeout
                0x0800d1f4       0x74 ./Drivers/STM32G4xx_HAL_Driver/Src/stm32g4xx_hal_uart.o
                0x0800d1f4                HAL_UART_EnableReceiverTimeout
 .text.HAL_UART_GetError
                0x0800d268       0x1a ./Drivers/STM32G4xx_HAL_Driver/Src/stm32g4xx_hal_uart.o
                0x0800d268                HAL_UART_GetError
 *fill*         0x0800d282        0x2 
 .text.UART_InitCallbacksToDefault
                0x0800d284       0xa4 ./Drivers/STM32G4xx_HAL_Driver/Src/stm32g4xx_hal_uart.o
                0x0800d284                UART_InitCallbacksToDefault
 .text.UART_SetConfig
                0x0800d328      0x5f8 ./Drivers/STM32G4xx_HAL_Driver/Src/stm32g4xx_hal_uart.o
                0x0800d328                UART_SetConfig
 .text.UART_AdvFeatureConfig
                0x0800d920      0x144 ./Drivers/STM32G4xx_HAL_Driver/Src/stm32g4xx_hal_uart.o
                0x0800d920                UART_AdvFeatureConfig
 .text.UART_CheckIdleState
                0x0800da64      0x154 ./Drivers/STM32G4xx_HAL_Driver/Src/stm32g4xx_hal_uart.o
                0x0800da64                UART_CheckIdleState
 .text.UART_WaitOnFlagUntilTimeout
                0x0800dbb8       0xda ./Drivers/STM32G4xx_HAL_Driver/Src/stm32g4xx_hal_uart.o
                0x0800dbb8                UART_WaitOnFlagUntilTimeout
 *fill*         0x0800dc92        0x2 
 .text.UART_Start_Receive_IT
                0x0800dc94      0x244 ./Drivers/STM32G4xx_HAL_Driver/Src/stm32g4xx_hal_uart.o
                0x0800dc94                UART_Start_Receive_IT
 .text.UART_Start_Receive_DMA
                0x0800ded8      0x14c ./Drivers/STM32G4xx_HAL_Driver/Src/stm32g4xx_hal_uart.o
                0x0800ded8                UART_Start_Receive_DMA
 .text.UART_EndTxTransfer
                0x0800e024       0x82 ./Drivers/STM32G4xx_HAL_Driver/Src/stm32g4xx_hal_uart.o
 .text.UART_EndRxTransfer
                0x0800e0a6       0xcc ./Drivers/STM32G4xx_HAL_Driver/Src/stm32g4xx_hal_uart.o
 .text.UART_DMATransmitCplt
                0x0800e172       0x9e ./Drivers/STM32G4xx_HAL_Driver/Src/stm32g4xx_hal_uart.o
 .text.UART_DMATxHalfCplt
                0x0800e210       0x20 ./Drivers/STM32G4xx_HAL_Driver/Src/stm32g4xx_hal_uart.o
 .text.UART_DMAReceiveCplt
                0x0800e230      0x16a ./Drivers/STM32G4xx_HAL_Driver/Src/stm32g4xx_hal_uart.o
 .text.UART_DMARxHalfCplt
                0x0800e39a       0x7a ./Drivers/STM32G4xx_HAL_Driver/Src/stm32g4xx_hal_uart.o
 .text.UART_DMAError
                0x0800e414       0x74 ./Drivers/STM32G4xx_HAL_Driver/Src/stm32g4xx_hal_uart.o
 .text.UART_DMAAbortOnError
                0x0800e488       0x20 ./Drivers/STM32G4xx_HAL_Driver/Src/stm32g4xx_hal_uart.o
 .text.UART_EndTransmit_IT
                0x0800e4a8       0x5a ./Drivers/STM32G4xx_HAL_Driver/Src/stm32g4xx_hal_uart.o
 *fill*         0x0800e502        0x2 
 .text.UART_RxISR_8BIT
                0x0800e504      0x1c0 ./Drivers/STM32G4xx_HAL_Driver/Src/stm32g4xx_hal_uart.o
 .text.UART_RxISR_16BIT
                0x0800e6c4      0x1c0 ./Drivers/STM32G4xx_HAL_Driver/Src/stm32g4xx_hal_uart.o
 .text.UART_RxISR_8BIT_FIFOEN
                0x0800e884      0x370 ./Drivers/STM32G4xx_HAL_Driver/Src/stm32g4xx_hal_uart.o
 .text.UART_RxISR_16BIT_FIFOEN
                0x0800ebf4      0x378 ./Drivers/STM32G4xx_HAL_Driver/Src/stm32g4xx_hal_uart.o
 .text.HAL_RS485Ex_Init
                0x0800ef6c       0xf4 ./Drivers/STM32G4xx_HAL_Driver/Src/stm32g4xx_hal_uart_ex.o
                0x0800ef6c                HAL_RS485Ex_Init
 .text.HAL_UARTEx_WakeupCallback
                0x0800f060       0x14 ./Drivers/STM32G4xx_HAL_Driver/Src/stm32g4xx_hal_uart_ex.o
                0x0800f060                HAL_UARTEx_WakeupCallback
 .text.HAL_UARTEx_RxFifoFullCallback
                0x0800f074       0x14 ./Drivers/STM32G4xx_HAL_Driver/Src/stm32g4xx_hal_uart_ex.o
                0x0800f074                HAL_UARTEx_RxFifoFullCallback
 .text.HAL_UARTEx_TxFifoEmptyCallback
                0x0800f088       0x14 ./Drivers/STM32G4xx_HAL_Driver/Src/stm32g4xx_hal_uart_ex.o
                0x0800f088                HAL_UARTEx_TxFifoEmptyCallback
 .text.HAL_UARTEx_DisableFifoMode
                0x0800f09c       0x72 ./Drivers/STM32G4xx_HAL_Driver/Src/stm32g4xx_hal_uart_ex.o
                0x0800f09c                HAL_UARTEx_DisableFifoMode
 .text.HAL_UARTEx_SetTxFifoThreshold
                0x0800f10e       0x7c ./Drivers/STM32G4xx_HAL_Driver/Src/stm32g4xx_hal_uart_ex.o
                0x0800f10e                HAL_UARTEx_SetTxFifoThreshold
 .text.HAL_UARTEx_SetRxFifoThreshold
                0x0800f18a       0x7c ./Drivers/STM32G4xx_HAL_Driver/Src/stm32g4xx_hal_uart_ex.o
                0x0800f18a                HAL_UARTEx_SetRxFifoThreshold
 *fill*         0x0800f206        0x2 
 .text.UARTEx_SetNbDataToProcess
                0x0800f208       0x9c ./Drivers/STM32G4xx_HAL_Driver/Src/stm32g4xx_hal_uart_ex.o
 .text.arm_mat_trans_f32
                0x0800f2a4      0x154 ../Middlewares/Third_Party/ARM_CMSIS/CMSIS/DSP/Lib/GCC\libarm_cortexM4lf_math.a(arm_mat_trans_f32.o)
                0x0800f2a4                arm_mat_trans_f32
 .text.arm_mat_sub_f32
                0x0800f3f8       0xd8 ../Middlewares/Third_Party/ARM_CMSIS/CMSIS/DSP/Lib/GCC\libarm_cortexM4lf_math.a(arm_mat_sub_f32.o)
                0x0800f3f8                arm_mat_sub_f32
 .text.arm_mat_scale_f32
                0x0800f4d0       0xa8 ../Middlewares/Third_Party/ARM_CMSIS/CMSIS/DSP/Lib/GCC\libarm_cortexM4lf_math.a(arm_mat_scale_f32.o)
                0x0800f4d0                arm_mat_scale_f32
 .text.arm_mat_mult_f32
                0x0800f578      0x220 ../Middlewares/Third_Party/ARM_CMSIS/CMSIS/DSP/Lib/GCC\libarm_cortexM4lf_math.a(arm_mat_mult_f32.o)
                0x0800f578                arm_mat_mult_f32
 .text.arm_mat_init_f32
                0x0800f798        0x8 ../Middlewares/Third_Party/ARM_CMSIS/CMSIS/DSP/Lib/GCC\libarm_cortexM4lf_math.a(arm_mat_init_f32.o)
                0x0800f798                arm_mat_init_f32
 .text.arm_mat_add_f32
                0x0800f7a0       0xd8 ../Middlewares/Third_Party/ARM_CMSIS/CMSIS/DSP/Lib/GCC\libarm_cortexM4lf_math.a(arm_mat_add_f32.o)
                0x0800f7a0                arm_mat_add_f32
 .text.memset   0x0800f878       0x10 C:/ST/STM32CubeIDE_1.19.0/STM32CubeIDE/plugins/com.st.stm32cube.ide.mcu.externaltools.gnu-tools-for-stm32.13.3.rel1.win32_1.0.0.202411081344/tools/bin/../lib/gcc/arm-none-eabi/13.3.1/../../../../arm-none-eabi/lib/thumb/v7e-m+fp/hard\libc_nano.a(libc_a-memset.o)
                0x0800f878                memset
 .text.__errno  0x0800f888        0xc C:/ST/STM32CubeIDE_1.19.0/STM32CubeIDE/plugins/com.st.stm32cube.ide.mcu.externaltools.gnu-tools-for-stm32.13.3.rel1.win32_1.0.0.202411081344/tools/bin/../lib/gcc/arm-none-eabi/13.3.1/../../../../arm-none-eabi/lib/thumb/v7e-m+fp/hard\libc_nano.a(libc_a-errno.o)
                0x0800f888                __errno
 .text.__libc_init_array
                0x0800f894       0x48 C:/ST/STM32CubeIDE_1.19.0/STM32CubeIDE/plugins/com.st.stm32cube.ide.mcu.externaltools.gnu-tools-for-stm32.13.3.rel1.win32_1.0.0.202411081344/tools/bin/../lib/gcc/arm-none-eabi/13.3.1/../../../../arm-none-eabi/lib/thumb/v7e-m+fp/hard\libc_nano.a(libc_a-init.o)
                0x0800f894                __libc_init_array
 .text.memcpy   0x0800f8dc       0x1c C:/ST/STM32CubeIDE_1.19.0/STM32CubeIDE/plugins/com.st.stm32cube.ide.mcu.externaltools.gnu-tools-for-stm32.13.3.rel1.win32_1.0.0.202411081344/tools/bin/../lib/gcc/arm-none-eabi/13.3.1/../../../../arm-none-eabi/lib/thumb/v7e-m+fp/hard\libc_nano.a(libc_a-memcpy-stub.o)
                0x0800f8dc                memcpy
 .text.sqrtf    0x0800f8f8       0x3c C:/ST/STM32CubeIDE_1.19.0/STM32CubeIDE/plugins/com.st.stm32cube.ide.mcu.externaltools.gnu-tools-for-stm32.13.3.rel1.win32_1.0.0.202411081344/tools/bin/../lib/gcc/arm-none-eabi/13.3.1/../../../../arm-none-eabi/lib/thumb/v7e-m+fp/hard\libm.a(libm_a-wf_sqrt.o)
                0x0800f8f8                sqrtf
 .text.cbrtf    0x0800f934       0xc0 C:/ST/STM32CubeIDE_1.19.0/STM32CubeIDE/plugins/com.st.stm32cube.ide.mcu.externaltools.gnu-tools-for-stm32.13.3.rel1.win32_1.0.0.202411081344/tools/bin/../lib/gcc/arm-none-eabi/13.3.1/../../../../arm-none-eabi/lib/thumb/v7e-m+fp/hard\libm.a(libm_a-sf_cbrt.o)
                0x0800f934                cbrtf
 .text.__ieee754_sqrtf
                0x0800f9f4        0x6 C:/ST/STM32CubeIDE_1.19.0/STM32CubeIDE/plugins/com.st.stm32cube.ide.mcu.externaltools.gnu-tools-for-stm32.13.3.rel1.win32_1.0.0.202411081344/tools/bin/../lib/gcc/arm-none-eabi/13.3.1/../../../../arm-none-eabi/lib/thumb/v7e-m+fp/hard\libm.a(libm_a-ef_sqrt.o)
                0x0800f9f4                __ieee754_sqrtf
 *fill*         0x0800f9fa        0x2 
 .text.floorf   0x0800f9fc       0x88 C:/ST/STM32CubeIDE_1.19.0/STM32CubeIDE/plugins/com.st.stm32cube.ide.mcu.externaltools.gnu-tools-for-stm32.13.3.rel1.win32_1.0.0.202411081344/tools/bin/../lib/gcc/arm-none-eabi/13.3.1/../../../../arm-none-eabi/lib/thumb/v7e-m+fp/hard\libm.a(libm_a-sf_floor.o)
                0x0800f9fc                floorf
 *(.glue_7)
 .glue_7        0x0800fa84        0x0 linker stubs
 *(.glue_7t)
 .glue_7t       0x0800fa84        0x0 linker stubs
 *(.eh_frame)
 .eh_frame      0x0800fa84        0x0 C:/ST/STM32CubeIDE_1.19.0/STM32CubeIDE/plugins/com.st.stm32cube.ide.mcu.externaltools.gnu-tools-for-stm32.13.3.rel1.win32_1.0.0.202411081344/tools/bin/../lib/gcc/arm-none-eabi/13.3.1/thumb/v7e-m+fp/hard/crtbegin.o
 *(.init)
 .init          0x0800fa84        0x4 C:/ST/STM32CubeIDE_1.19.0/STM32CubeIDE/plugins/com.st.stm32cube.ide.mcu.externaltools.gnu-tools-for-stm32.13.3.rel1.win32_1.0.0.202411081344/tools/bin/../lib/gcc/arm-none-eabi/13.3.1/thumb/v7e-m+fp/hard/crti.o
                0x0800fa84                _init
 .init          0x0800fa88        0x8 C:/ST/STM32CubeIDE_1.19.0/STM32CubeIDE/plugins/com.st.stm32cube.ide.mcu.externaltools.gnu-tools-for-stm32.13.3.rel1.win32_1.0.0.202411081344/tools/bin/../lib/gcc/arm-none-eabi/13.3.1/thumb/v7e-m+fp/hard/crtn.o
 *(.fini)
 .fini          0x0800fa90        0x4 C:/ST/STM32CubeIDE_1.19.0/STM32CubeIDE/plugins/com.st.stm32cube.ide.mcu.externaltools.gnu-tools-for-stm32.13.3.rel1.win32_1.0.0.202411081344/tools/bin/../lib/gcc/arm-none-eabi/13.3.1/thumb/v7e-m+fp/hard/crti.o
                0x0800fa90                _fini
 .fini          0x0800fa94        0x8 C:/ST/STM32CubeIDE_1.19.0/STM32CubeIDE/plugins/com.st.stm32cube.ide.mcu.externaltools.gnu-tools-for-stm32.13.3.rel1.win32_1.0.0.202411081344/tools/bin/../lib/gcc/arm-none-eabi/13.3.1/thumb/v7e-m+fp/hard/crtn.o
                0x0800fa9c                        . = ALIGN (0x4)
                0x0800fa9c                        _etext = .

.vfp11_veneer   0x0800fa9c        0x0
 .vfp11_veneer  0x0800fa9c        0x0 linker stubs

.v4_bx          0x0800fa9c        0x0
 .v4_bx         0x0800fa9c        0x0 linker stubs

.iplt           0x0800fa9c        0x0
 .iplt          0x0800fa9c        0x0 C:/ST/STM32CubeIDE_1.19.0/STM32CubeIDE/plugins/com.st.stm32cube.ide.mcu.externaltools.gnu-tools-for-stm32.13.3.rel1.win32_1.0.0.202411081344/tools/bin/../lib/gcc/arm-none-eabi/13.3.1/thumb/v7e-m+fp/hard/crtbegin.o

.rodata         0x0800fa9c       0x98
                0x0800fa9c                        . = ALIGN (0x4)
 *(.rodata)
 .rodata        0x0800fa9c       0x48 ./Core/Src/TaskManager.o
 *(.rodata*)
 .rodata.AHBPrescTable
                0x0800fae4       0x10 ./Core/Src/system_stm32g4xx.o
                0x0800fae4                AHBPrescTable
 .rodata.APBPrescTable
                0x0800faf4        0x8 ./Core/Src/system_stm32g4xx.o
                0x0800faf4                APBPrescTable
 .rodata.DLCtoBytes
                0x0800fafc       0x10 ./Drivers/STM32G4xx_HAL_Driver/Src/stm32g4xx_hal_fdcan.o
 .rodata.UARTPrescTable
                0x0800fb0c       0x18 ./Drivers/STM32G4xx_HAL_Driver/Src/stm32g4xx_hal_uart.o
                0x0800fb0c                UARTPrescTable
 .rodata.numerator.1
                0x0800fb24        0x8 ./Drivers/STM32G4xx_HAL_Driver/Src/stm32g4xx_hal_uart_ex.o
 .rodata.denominator.0
                0x0800fb2c        0x8 ./Drivers/STM32G4xx_HAL_Driver/Src/stm32g4xx_hal_uart_ex.o
                0x0800fb34                        . = ALIGN (0x4)

.ARM.extab      0x0800fb34        0x0
                0x0800fb34                        . = ALIGN (0x4)
 *(.ARM.extab* .gnu.linkonce.armextab.*)
                0x0800fb34                        . = ALIGN (0x4)

.ARM            0x0800fb34        0x8
                0x0800fb34                        . = ALIGN (0x4)
                0x0800fb34                        __exidx_start = .
 *(.ARM.exidx*)
 .ARM.exidx     0x0800fb34        0x8 C:/ST/STM32CubeIDE_1.19.0/STM32CubeIDE/plugins/com.st.stm32cube.ide.mcu.externaltools.gnu-tools-for-stm32.13.3.rel1.win32_1.0.0.202411081344/tools/bin/../lib/gcc/arm-none-eabi/13.3.1/thumb/v7e-m+fp/hard\libgcc.a(_udivmoddi4.o)
                0x0800fb3c                        __exidx_end = .
                0x0800fb3c                        . = ALIGN (0x4)

.preinit_array  0x0800fb3c        0x0
                0x0800fb3c                        . = ALIGN (0x4)
                0x0800fb3c                        PROVIDE (__preinit_array_start = .)
 *(.preinit_array*)
                0x0800fb3c                        PROVIDE (__preinit_array_end = .)
                0x0800fb3c                        . = ALIGN (0x4)

.init_array     0x0800fb3c        0x4
                0x0800fb3c                        . = ALIGN (0x4)
                0x0800fb3c                        PROVIDE (__init_array_start = .)
 *(SORT_BY_NAME(.init_array.*))
 *(.init_array*)
 .init_array    0x0800fb3c        0x4 C:/ST/STM32CubeIDE_1.19.0/STM32CubeIDE/plugins/com.st.stm32cube.ide.mcu.externaltools.gnu-tools-for-stm32.13.3.rel1.win32_1.0.0.202411081344/tools/bin/../lib/gcc/arm-none-eabi/13.3.1/thumb/v7e-m+fp/hard/crtbegin.o
                0x0800fb40                        PROVIDE (__init_array_end = .)
                0x0800fb40                        . = ALIGN (0x4)

.fini_array     0x0800fb40        0x4
                0x0800fb40                        . = ALIGN (0x4)
                [!provide]                        PROVIDE (__fini_array_start = .)
 *(SORT_BY_NAME(.fini_array.*))
 *(.fini_array*)
 .fini_array    0x0800fb40        0x4 C:/ST/STM32CubeIDE_1.19.0/STM32CubeIDE/plugins/com.st.stm32cube.ide.mcu.externaltools.gnu-tools-for-stm32.13.3.rel1.win32_1.0.0.202411081344/tools/bin/../lib/gcc/arm-none-eabi/13.3.1/thumb/v7e-m+fp/hard/crtbegin.o
                [!provide]                        PROVIDE (__fini_array_end = .)
                0x0800fb44                        . = ALIGN (0x4)
                0x0800fb44                        _sidata = LOADADDR (.data)

.rel.dyn        0x0800fb44        0x0
 .rel.iplt      0x0800fb44        0x0 C:/ST/STM32CubeIDE_1.19.0/STM32CubeIDE/plugins/com.st.stm32cube.ide.mcu.externaltools.gnu-tools-for-stm32.13.3.rel1.win32_1.0.0.202411081344/tools/bin/../lib/gcc/arm-none-eabi/13.3.1/thumb/v7e-m+fp/hard/crtbegin.o

.data           0x20000000      0x25c load address 0x0800fb44
                0x20000000                        . = ALIGN (0x4)
                0x20000000                        _sdata = .
 *(.data)
 *(.data*)
 .data.auchCRCLo
                0x20000000      0x100 ./Core/Src/ModbusRTU.o
 .data.auchCRCHi
                0x20000100      0x100 ./Core/Src/ModbusRTU.o
 .data.SystemCoreClock
                0x20000200        0x4 ./Core/Src/system_stm32g4xx.o
                0x20000200                SystemCoreClock
 .data.uwTickPrio
                0x20000204        0x4 ./Drivers/STM32G4xx_HAL_Driver/Src/stm32g4xx_hal.o
                0x20000204                uwTickPrio
 .data.uwTickFreq
                0x20000208        0x4 ./Drivers/STM32G4xx_HAL_Driver/Src/stm32g4xx_hal.o
                0x20000208                uwTickFreq
 .data._impure_ptr
                0x2000020c        0x4 C:/ST/STM32CubeIDE_1.19.0/STM32CubeIDE/plugins/com.st.stm32cube.ide.mcu.externaltools.gnu-tools-for-stm32.13.3.rel1.win32_1.0.0.202411081344/tools/bin/../lib/gcc/arm-none-eabi/13.3.1/../../../../arm-none-eabi/lib/thumb/v7e-m+fp/hard\libc_nano.a(libc_a-impure.o)
                0x2000020c                _impure_ptr
 .data._impure_data
                0x20000210       0x4c C:/ST/STM32CubeIDE_1.19.0/STM32CubeIDE/plugins/com.st.stm32cube.ide.mcu.externaltools.gnu-tools-for-stm32.13.3.rel1.win32_1.0.0.202411081344/tools/bin/../lib/gcc/arm-none-eabi/13.3.1/../../../../arm-none-eabi/lib/thumb/v7e-m+fp/hard\libc_nano.a(libc_a-impure.o)
                0x20000210                _impure_data
 *(.RamFunc)
 *(.RamFunc*)
                0x2000025c                        . = ALIGN (0x4)
                0x2000025c                        _edata = .

.igot.plt       0x2000025c        0x0 load address 0x0800fda0
 .igot.plt      0x2000025c        0x0 C:/ST/STM32CubeIDE_1.19.0/STM32CubeIDE/plugins/com.st.stm32cube.ide.mcu.externaltools.gnu-tools-for-stm32.13.3.rel1.win32_1.0.0.202411081344/tools/bin/../lib/gcc/arm-none-eabi/13.3.1/thumb/v7e-m+fp/hard/crtbegin.o
                0x2000025c                        . = ALIGN (0x4)

.bss            0x20000260     0x1748 load address 0x0800fda0
                0x20000260                        _sbss = .
                0x20000260                        __bss_start__ = _sbss
 *(.bss)
 .bss           0x20000260       0x1c C:/ST/STM32CubeIDE_1.19.0/STM32CubeIDE/plugins/com.st.stm32cube.ide.mcu.externaltools.gnu-tools-for-stm32.13.3.rel1.win32_1.0.0.202411081344/tools/bin/../lib/gcc/arm-none-eabi/13.3.1/thumb/v7e-m+fp/hard/crtbegin.o
 *(.bss*)
 .bss.hModbus   0x2000027c        0x4 ./Core/Src/ModbusRTU.o
                0x2000027c                hModbus
 .bss.hfdcan1   0x20000280       0x64 ./Core/Src/fdcan.o
                0x20000280                hfdcan1
 *fill*         0x200002e4        0x4 
 .bss.robot     0x200002e8      0x730 ./Core/Src/main.o
                0x200002e8                robot
 .bss.joystick  0x20000a18       0x28 ./Core/Src/main.o
                0x20000a18                joystick
 .bss.BaseSystem
                0x20000a40      0x7a0 ./Core/Src/main.o
                0x20000a40                BaseSystem
 .bss.taskMgr   0x200011e0       0xf8 ./Core/Src/main.o
                0x200011e0                taskMgr
 .bss.Emergency_State
                0x200012d8        0x1 ./Core/Src/main.o
                0x200012d8                Emergency_State
 .bss.Mode_State
                0x200012d9        0x1 ./Core/Src/main.o
                0x200012d9                Mode_State
 .bss.dbg_gripper_mode
                0x200012da        0x1 ./Core/Src/main.o
                0x200012da                dbg_gripper_mode
 .bss.dbg_up_port_valid
                0x200012db        0x1 ./Core/Src/main.o
                0x200012db                dbg_up_port_valid
 .bss.dbg_pin_up_raw
                0x200012dc        0x1 ./Core/Src/main.o
                0x200012dc                dbg_pin_up_raw
 .bss.dbg_pin_down_raw
                0x200012dd        0x1 ./Core/Src/main.o
                0x200012dd                dbg_pin_down_raw
 .bss.dbg_pin_claw_raw
                0x200012de        0x1 ./Core/Src/main.o
                0x200012de                dbg_pin_claw_raw
 *fill*         0x200012df        0x1 
 .bss.dbg_sensor_bits
                0x200012e0        0x2 ./Core/Src/main.o
                0x200012e0                dbg_sensor_bits
 .bss.sysState  0x200012e2        0x1 ./Core/Src/main.o
 *fill*         0x200012e3        0x1 
 .bss.htim1     0x200012e4       0xcc ./Core/Src/tim.o
                0x200012e4                htim1
 .bss.htim2     0x200013b0       0xcc ./Core/Src/tim.o
                0x200013b0                htim2
 .bss.htim3     0x2000147c       0xcc ./Core/Src/tim.o
                0x2000147c                htim3
 .bss.htim16    0x20001548       0xcc ./Core/Src/tim.o
                0x20001548                htim16
 .bss.huart2    0x20001614       0xcc ./Core/Src/usart.o
                0x20001614                huart2
 .bss.huart3    0x200016e0       0xcc ./Core/Src/usart.o
                0x200016e0                huart3
 .bss.hdma_usart2_rx
                0x200017ac       0x60 ./Core/Src/usart.o
                0x200017ac                hdma_usart2_rx
 .bss.hdma_usart2_tx
                0x2000180c       0x60 ./Core/Src/usart.o
                0x2000180c                hdma_usart2_tx
 .bss.uwTick    0x2000186c        0x4 ./Drivers/STM32G4xx_HAL_Driver/Src/stm32g4xx_hal.o
                0x2000186c                uwTick
 .bss.__sf      0x20001870      0x138 C:/ST/STM32CubeIDE_1.19.0/STM32CubeIDE/plugins/com.st.stm32cube.ide.mcu.externaltools.gnu-tools-for-stm32.13.3.rel1.win32_1.0.0.202411081344/tools/bin/../lib/gcc/arm-none-eabi/13.3.1/../../../../arm-none-eabi/lib/thumb/v7e-m+fp/hard\libc_nano.a(libc_a-findfp.o)
                0x20001870                __sf
 *(COMMON)
                0x200019a8                        . = ALIGN (0x4)
                0x200019a8                        _ebss = .
                0x200019a8                        __bss_end__ = _ebss

._user_heap_stack
                0x200019a8      0x600 load address 0x0800fda0
                0x200019a8                        . = ALIGN (0x8)
                [!provide]                        PROVIDE (end = .)
                0x200019a8                        PROVIDE (_end = .)
                0x20001ba8                        . = (. + _Min_Heap_Size)
 *fill*         0x200019a8      0x200 
                0x20001fa8                        . = (. + _Min_Stack_Size)
 *fill*         0x20001ba8      0x400 
                0x20001fa8                        . = ALIGN (0x8)

/DISCARD/
 libc.a(*)
 libm.a(*)
 libgcc.a(*)

.ARM.attributes
                0x00000000       0x30
 *(.ARM.attributes)
 .ARM.attributes
                0x00000000       0x22 C:/ST/STM32CubeIDE_1.19.0/STM32CubeIDE/plugins/com.st.stm32cube.ide.mcu.externaltools.gnu-tools-for-stm32.13.3.rel1.win32_1.0.0.202411081344/tools/bin/../lib/gcc/arm-none-eabi/13.3.1/thumb/v7e-m+fp/hard/crti.o
 .ARM.attributes
                0x00000022       0x34 C:/ST/STM32CubeIDE_1.19.0/STM32CubeIDE/plugins/com.st.stm32cube.ide.mcu.externaltools.gnu-tools-for-stm32.13.3.rel1.win32_1.0.0.202411081344/tools/bin/../lib/gcc/arm-none-eabi/13.3.1/thumb/v7e-m+fp/hard/crtbegin.o
 .ARM.attributes
                0x00000056       0x34 ./Core/Src/BaseSystemInterface.o
 .ARM.attributes
                0x0000008a       0x34 ./Core/Src/CANBUS.o
 .ARM.attributes
                0x000000be       0x34 ./Core/Src/Controller.o
 .ARM.attributes
                0x000000f2       0x34 ./Core/Src/Gripper.o
 .ARM.attributes
                0x00000126       0x34 ./Core/Src/JoystickInterface.o
 .ARM.attributes
                0x0000015a       0x34 ./Core/Src/KalmanFilterDCMotor.o
 .ARM.attributes
                0x0000018e       0x34 ./Core/Src/MD20A.o
 .ARM.attributes
                0x000001c2       0x34 ./Core/Src/ModbusRTU.o
 .ARM.attributes
                0x000001f6       0x34 ./Core/Src/PWM.o
 .ARM.attributes
                0x0000022a       0x34 ./Core/Src/QEI.o
 .ARM.attributes
                0x0000025e       0x34 ./Core/Src/Robot.o
 .ARM.attributes
                0x00000292       0x34 ./Core/Src/SCurve.o
 .ARM.attributes
                0x000002c6       0x34 ./Core/Src/TaskManager.o
 .ARM.attributes
                0x000002fa       0x34 ./Core/Src/Trapezoid.o
 .ARM.attributes
                0x0000032e       0x34 ./Core/Src/dma.o
 .ARM.attributes
                0x00000362       0x34 ./Core/Src/fdcan.o
 .ARM.attributes
                0x00000396       0x34 ./Core/Src/gpio.o
 .ARM.attributes
                0x000003ca       0x34 ./Core/Src/main.o
 .ARM.attributes
                0x000003fe       0x34 ./Core/Src/stm32g4xx_hal_msp.o
 .ARM.attributes
                0x00000432       0x34 ./Core/Src/stm32g4xx_it.o
 .ARM.attributes
                0x00000466       0x34 ./Core/Src/system_stm32g4xx.o
 .ARM.attributes
                0x0000049a       0x34 ./Core/Src/tim.o
 .ARM.attributes
                0x000004ce       0x34 ./Core/Src/usart.o
 .ARM.attributes
                0x00000502       0x21 ./Core/Startup/startup_stm32g474retx.o
 .ARM.attributes
                0x00000523       0x34 ./Drivers/STM32G4xx_HAL_Driver/Src/stm32g4xx_hal.o
 .ARM.attributes
                0x00000557       0x34 ./Drivers/STM32G4xx_HAL_Driver/Src/stm32g4xx_hal_cortex.o
 .ARM.attributes
                0x0000058b       0x34 ./Drivers/STM32G4xx_HAL_Driver/Src/stm32g4xx_hal_dma.o
 .ARM.attributes
                0x000005bf       0x34 ./Drivers/STM32G4xx_HAL_Driver/Src/stm32g4xx_hal_fdcan.o
 .ARM.attributes
                0x000005f3       0x34 ./Drivers/STM32G4xx_HAL_Driver/Src/stm32g4xx_hal_gpio.o
 .ARM.attributes
                0x00000627       0x34 ./Drivers/STM32G4xx_HAL_Driver/Src/stm32g4xx_hal_pwr_ex.o
 .ARM.attributes
                0x0000065b       0x34 ./Drivers/STM32G4xx_HAL_Driver/Src/stm32g4xx_hal_rcc.o
 .ARM.attributes
                0x0000068f       0x34 ./Drivers/STM32G4xx_HAL_Driver/Src/stm32g4xx_hal_rcc_ex.o
 .ARM.attributes
                0x000006c3       0x34 ./Drivers/STM32G4xx_HAL_Driver/Src/stm32g4xx_hal_tim.o
 .ARM.attributes
                0x000006f7       0x34 ./Drivers/STM32G4xx_HAL_Driver/Src/stm32g4xx_hal_tim_ex.o
 .ARM.attributes
                0x0000072b       0x34 ./Drivers/STM32G4xx_HAL_Driver/Src/stm32g4xx_hal_uart.o
 .ARM.attributes
                0x0000075f       0x34 ./Drivers/STM32G4xx_HAL_Driver/Src/stm32g4xx_hal_uart_ex.o
 .ARM.attributes
                0x00000793       0x34 ../Middlewares/Third_Party/ARM_CMSIS/CMSIS/DSP/Lib/GCC\libarm_cortexM4lf_math.a(arm_mat_trans_f32.o)
 .ARM.attributes
                0x000007c7       0x34 ../Middlewares/Third_Party/ARM_CMSIS/CMSIS/DSP/Lib/GCC\libarm_cortexM4lf_math.a(arm_mat_sub_f32.o)
 .ARM.attributes
                0x000007fb       0x34 ../Middlewares/Third_Party/ARM_CMSIS/CMSIS/DSP/Lib/GCC\libarm_cortexM4lf_math.a(arm_mat_scale_f32.o)
 .ARM.attributes
                0x0000082f       0x34 ../Middlewares/Third_Party/ARM_CMSIS/CMSIS/DSP/Lib/GCC\libarm_cortexM4lf_math.a(arm_mat_mult_f32.o)
 .ARM.attributes
                0x00000863       0x34 ../Middlewares/Third_Party/ARM_CMSIS/CMSIS/DSP/Lib/GCC\libarm_cortexM4lf_math.a(arm_mat_init_f32.o)
 .ARM.attributes
                0x00000897       0x34 ../Middlewares/Third_Party/ARM_CMSIS/CMSIS/DSP/Lib/GCC\libarm_cortexM4lf_math.a(arm_mat_add_f32.o)
 .ARM.attributes
                0x000008cb       0x34 C:/ST/STM32CubeIDE_1.19.0/STM32CubeIDE/plugins/com.st.stm32cube.ide.mcu.externaltools.gnu-tools-for-stm32.13.3.rel1.win32_1.0.0.202411081344/tools/bin/../lib/gcc/arm-none-eabi/13.3.1/../../../../arm-none-eabi/lib/thumb/v7e-m+fp/hard\libc_nano.a(libc_a-findfp.o)
 .ARM.attributes
                0x000008ff       0x34 C:/ST/STM32CubeIDE_1.19.0/STM32CubeIDE/plugins/com.st.stm32cube.ide.mcu.externaltools.gnu-tools-for-stm32.13.3.rel1.win32_1.0.0.202411081344/tools/bin/../lib/gcc/arm-none-eabi/13.3.1/../../../../arm-none-eabi/lib/thumb/v7e-m+fp/hard\libc_nano.a(libc_a-memset.o)
 .ARM.attributes
                0x00000933       0x34 C:/ST/STM32CubeIDE_1.19.0/STM32CubeIDE/plugins/com.st.stm32cube.ide.mcu.externaltools.gnu-tools-for-stm32.13.3.rel1.win32_1.0.0.202411081344/tools/bin/../lib/gcc/arm-none-eabi/13.3.1/../../../../arm-none-eabi/lib/thumb/v7e-m+fp/hard\libc_nano.a(libc_a-impure.o)
 .ARM.attributes
                0x00000967       0x34 C:/ST/STM32CubeIDE_1.19.0/STM32CubeIDE/plugins/com.st.stm32cube.ide.mcu.externaltools.gnu-tools-for-stm32.13.3.rel1.win32_1.0.0.202411081344/tools/bin/../lib/gcc/arm-none-eabi/13.3.1/../../../../arm-none-eabi/lib/thumb/v7e-m+fp/hard\libc_nano.a(libc_a-errno.o)
 .ARM.attributes
                0x0000099b       0x34 C:/ST/STM32CubeIDE_1.19.0/STM32CubeIDE/plugins/com.st.stm32cube.ide.mcu.externaltools.gnu-tools-for-stm32.13.3.rel1.win32_1.0.0.202411081344/tools/bin/../lib/gcc/arm-none-eabi/13.3.1/../../../../arm-none-eabi/lib/thumb/v7e-m+fp/hard\libc_nano.a(libc_a-init.o)
 .ARM.attributes
                0x000009cf       0x34 C:/ST/STM32CubeIDE_1.19.0/STM32CubeIDE/plugins/com.st.stm32cube.ide.mcu.externaltools.gnu-tools-for-stm32.13.3.rel1.win32_1.0.0.202411081344/tools/bin/../lib/gcc/arm-none-eabi/13.3.1/../../../../arm-none-eabi/lib/thumb/v7e-m+fp/hard\libc_nano.a(libc_a-memcpy-stub.o)
 .ARM.attributes
                0x00000a03       0x34 C:/ST/STM32CubeIDE_1.19.0/STM32CubeIDE/plugins/com.st.stm32cube.ide.mcu.externaltools.gnu-tools-for-stm32.13.3.rel1.win32_1.0.0.202411081344/tools/bin/../lib/gcc/arm-none-eabi/13.3.1/../../../../arm-none-eabi/lib/thumb/v7e-m+fp/hard\libm.a(libm_a-wf_sqrt.o)
 .ARM.attributes
                0x00000a37       0x34 C:/ST/STM32CubeIDE_1.19.0/STM32CubeIDE/plugins/com.st.stm32cube.ide.mcu.externaltools.gnu-tools-for-stm32.13.3.rel1.win32_1.0.0.202411081344/tools/bin/../lib/gcc/arm-none-eabi/13.3.1/../../../../arm-none-eabi/lib/thumb/v7e-m+fp/hard\libm.a(libm_a-sf_cbrt.o)
 .ARM.attributes
                0x00000a6b       0x34 C:/ST/STM32CubeIDE_1.19.0/STM32CubeIDE/plugins/com.st.stm32cube.ide.mcu.externaltools.gnu-tools-for-stm32.13.3.rel1.win32_1.0.0.202411081344/tools/bin/../lib/gcc/arm-none-eabi/13.3.1/../../../../arm-none-eabi/lib/thumb/v7e-m+fp/hard\libm.a(libm_a-ef_sqrt.o)
 .ARM.attributes
                0x00000a9f       0x34 C:/ST/STM32CubeIDE_1.19.0/STM32CubeIDE/plugins/com.st.stm32cube.ide.mcu.externaltools.gnu-tools-for-stm32.13.3.rel1.win32_1.0.0.202411081344/tools/bin/../lib/gcc/arm-none-eabi/13.3.1/../../../../arm-none-eabi/lib/thumb/v7e-m+fp/hard\libm.a(libm_a-sf_floor.o)
 .ARM.attributes
                0x00000ad3       0x22 C:/ST/STM32CubeIDE_1.19.0/STM32CubeIDE/plugins/com.st.stm32cube.ide.mcu.externaltools.gnu-tools-for-stm32.13.3.rel1.win32_1.0.0.202411081344/tools/bin/../lib/gcc/arm-none-eabi/13.3.1/thumb/v7e-m+fp/hard\libgcc.a(_arm_addsubdf3.o)
 .ARM.attributes
                0x00000af5       0x22 C:/ST/STM32CubeIDE_1.19.0/STM32CubeIDE/plugins/com.st.stm32cube.ide.mcu.externaltools.gnu-tools-for-stm32.13.3.rel1.win32_1.0.0.202411081344/tools/bin/../lib/gcc/arm-none-eabi/13.3.1/thumb/v7e-m+fp/hard\libgcc.a(_arm_muldivdf3.o)
 .ARM.attributes
                0x00000b17       0x22 C:/ST/STM32CubeIDE_1.19.0/STM32CubeIDE/plugins/com.st.stm32cube.ide.mcu.externaltools.gnu-tools-for-stm32.13.3.rel1.win32_1.0.0.202411081344/tools/bin/../lib/gcc/arm-none-eabi/13.3.1/thumb/v7e-m+fp/hard\libgcc.a(_arm_truncdfsf2.o)
 .ARM.attributes
                0x00000b39       0x22 C:/ST/STM32CubeIDE_1.19.0/STM32CubeIDE/plugins/com.st.stm32cube.ide.mcu.externaltools.gnu-tools-for-stm32.13.3.rel1.win32_1.0.0.202411081344/tools/bin/../lib/gcc/arm-none-eabi/13.3.1/thumb/v7e-m+fp/hard\libgcc.a(_aeabi_uldivmod.o)
 .ARM.attributes
                0x00000b5b       0x34 C:/ST/STM32CubeIDE_1.19.0/STM32CubeIDE/plugins/com.st.stm32cube.ide.mcu.externaltools.gnu-tools-for-stm32.13.3.rel1.win32_1.0.0.202411081344/tools/bin/../lib/gcc/arm-none-eabi/13.3.1/thumb/v7e-m+fp/hard\libgcc.a(_udivmoddi4.o)
 .ARM.attributes
                0x00000b8f       0x22 C:/ST/STM32CubeIDE_1.19.0/STM32CubeIDE/plugins/com.st.stm32cube.ide.mcu.externaltools.gnu-tools-for-stm32.13.3.rel1.win32_1.0.0.202411081344/tools/bin/../lib/gcc/arm-none-eabi/13.3.1/thumb/v7e-m+fp/hard\libgcc.a(_dvmd_tls.o)
 .ARM.attributes
                0x00000bb1       0x22 C:/ST/STM32CubeIDE_1.19.0/STM32CubeIDE/plugins/com.st.stm32cube.ide.mcu.externaltools.gnu-tools-for-stm32.13.3.rel1.win32_1.0.0.202411081344/tools/bin/../lib/gcc/arm-none-eabi/13.3.1/thumb/v7e-m+fp/hard/crtn.o
OUTPUT(G05_PickPlaceRobot.elf elf32-littlearm)
LOAD linker stubs
LOAD C:/ST/STM32CubeIDE_1.19.0/STM32CubeIDE/plugins/com.st.stm32cube.ide.mcu.externaltools.gnu-tools-for-stm32.13.3.rel1.win32_1.0.0.202411081344/tools/bin/../lib/gcc/arm-none-eabi/13.3.1/../../../../arm-none-eabi/lib/thumb/v7e-m+fp/hard\libc.a
LOAD C:/ST/STM32CubeIDE_1.19.0/STM32CubeIDE/plugins/com.st.stm32cube.ide.mcu.externaltools.gnu-tools-for-stm32.13.3.rel1.win32_1.0.0.202411081344/tools/bin/../lib/gcc/arm-none-eabi/13.3.1/../../../../arm-none-eabi/lib/thumb/v7e-m+fp/hard\libm.a
LOAD C:/ST/STM32CubeIDE_1.19.0/STM32CubeIDE/plugins/com.st.stm32cube.ide.mcu.externaltools.gnu-tools-for-stm32.13.3.rel1.win32_1.0.0.202411081344/tools/bin/../lib/gcc/arm-none-eabi/13.3.1/thumb/v7e-m+fp/hard\libgcc.a

.debug_info     0x00000000    0x2d21e
 .debug_info    0x00000000     0x170b ./Core/Src/BaseSystemInterface.o
 .debug_info    0x0000170b      0xd44 ./Core/Src/CANBUS.o
 .debug_info    0x0000244f      0x67c ./Core/Src/Controller.o
 .debug_info    0x00002acb      0xcec ./Core/Src/Gripper.o
 .debug_info    0x000037b7      0xc2e ./Core/Src/JoystickInterface.o
 .debug_info    0x000043e5      0x9a7 ./Core/Src/KalmanFilterDCMotor.o
 .debug_info    0x00004d8c      0xb83 ./Core/Src/MD20A.o
 .debug_info    0x0000590f     0x159a ./Core/Src/ModbusRTU.o
 .debug_info    0x00006ea9      0xb26 ./Core/Src/PWM.o
 .debug_info    0x000079cf      0xbfd ./Core/Src/QEI.o
 .debug_info    0x000085cc     0x2a1d ./Core/Src/Robot.o
 .debug_info    0x0000afe9      0x61c ./Core/Src/SCurve.o
 .debug_info    0x0000b605     0x33fc ./Core/Src/TaskManager.o
 .debug_info    0x0000ea01      0x4b9 ./Core/Src/Trapezoid.o
 .debug_info    0x0000eeba      0x5ac ./Core/Src/dma.o
 .debug_info    0x0000f466      0xb6a ./Core/Src/fdcan.o
 .debug_info    0x0000ffd0      0x763 ./Core/Src/gpio.o
 .debug_info    0x00010733     0x343b ./Core/Src/main.o
 .debug_info    0x00013b6e      0x2da ./Core/Src/stm32g4xx_hal_msp.o
 .debug_info    0x00013e48      0xfd5 ./Core/Src/stm32g4xx_it.o
 .debug_info    0x00014e1d      0x58e ./Core/Src/system_stm32g4xx.o
 .debug_info    0x000153ab     0x1546 ./Core/Src/tim.o
 .debug_info    0x000168f1     0x1245 ./Core/Src/usart.o
 .debug_info    0x00017b36       0x30 ./Core/Startup/startup_stm32g474retx.o
 .debug_info    0x00017b66      0xb95 ./Drivers/STM32G4xx_HAL_Driver/Src/stm32g4xx_hal.o
 .debug_info    0x000186fb      0xdf9 ./Drivers/STM32G4xx_HAL_Driver/Src/stm32g4xx_hal_cortex.o
 .debug_info    0x000194f4      0x85f ./Drivers/STM32G4xx_HAL_Driver/Src/stm32g4xx_hal_dma.o
 .debug_info    0x00019d53     0x18ba ./Drivers/STM32G4xx_HAL_Driver/Src/stm32g4xx_hal_fdcan.o
 .debug_info    0x0001b60d      0x772 ./Drivers/STM32G4xx_HAL_Driver/Src/stm32g4xx_hal_gpio.o
 .debug_info    0x0001bd7f      0x944 ./Drivers/STM32G4xx_HAL_Driver/Src/stm32g4xx_hal_pwr_ex.o
 .debug_info    0x0001c6c3      0xbf9 ./Drivers/STM32G4xx_HAL_Driver/Src/stm32g4xx_hal_rcc.o
 .debug_info    0x0001d2bc      0xc5d ./Drivers/STM32G4xx_HAL_Driver/Src/stm32g4xx_hal_rcc_ex.o
 .debug_info    0x0001df19     0x301a ./Drivers/STM32G4xx_HAL_Driver/Src/stm32g4xx_hal_tim.o
 .debug_info    0x00020f33     0x1f5e ./Drivers/STM32G4xx_HAL_Driver/Src/stm32g4xx_hal_tim_ex.o
 .debug_info    0x00022e91     0x4b08 ./Drivers/STM32G4xx_HAL_Driver/Src/stm32g4xx_hal_uart.o
 .debug_info    0x00027999     0x10c7 ./Drivers/STM32G4xx_HAL_Driver/Src/stm32g4xx_hal_uart_ex.o
 .debug_info    0x00028a60      0xc1e ../Middlewares/Third_Party/ARM_CMSIS/CMSIS/DSP/Lib/GCC\libarm_cortexM4lf_math.a(arm_mat_trans_f32.o)
 .debug_info    0x0002967e      0xbf9 ../Middlewares/Third_Party/ARM_CMSIS/CMSIS/DSP/Lib/GCC\libarm_cortexM4lf_math.a(arm_mat_sub_f32.o)
 .debug_info    0x0002a277      0xbe5 ../Middlewares/Third_Party/ARM_CMSIS/CMSIS/DSP/Lib/GCC\libarm_cortexM4lf_math.a(arm_mat_scale_f32.o)
 .debug_info    0x0002ae5c      0xcbd ../Middlewares/Third_Party/ARM_CMSIS/CMSIS/DSP/Lib/GCC\libarm_cortexM4lf_math.a(arm_mat_mult_f32.o)
 .debug_info    0x0002bb19      0xb0c ../Middlewares/Third_Party/ARM_CMSIS/CMSIS/DSP/Lib/GCC\libarm_cortexM4lf_math.a(arm_mat_init_f32.o)
 .debug_info    0x0002c625      0xbf9 ../Middlewares/Third_Party/ARM_CMSIS/CMSIS/DSP/Lib/GCC\libarm_cortexM4lf_math.a(arm_mat_add_f32.o)

.debug_abbrev   0x00000000     0x5baf
 .debug_abbrev  0x00000000      0x2c9 ./Core/Src/BaseSystemInterface.o
 .debug_abbrev  0x000002c9      0x273 ./Core/Src/CANBUS.o
 .debug_abbrev  0x0000053c      0x18d ./Core/Src/Controller.o
 .debug_abbrev  0x000006c9      0x1f8 ./Core/Src/Gripper.o
 .debug_abbrev  0x000008c1      0x22f ./Core/Src/JoystickInterface.o
 .debug_abbrev  0x00000af0      0x244 ./Core/Src/KalmanFilterDCMotor.o
 .debug_abbrev  0x00000d34      0x1d2 ./Core/Src/MD20A.o
 .debug_abbrev  0x00000f06      0x351 ./Core/Src/ModbusRTU.o
 .debug_abbrev  0x00001257      0x1e6 ./Core/Src/PWM.o
 .debug_abbrev  0x0000143d      0x1fd ./Core/Src/QEI.o
 .debug_abbrev  0x0000163a      0x37d ./Core/Src/Robot.o
 .debug_abbrev  0x000019b7      0x19e ./Core/Src/SCurve.o
 .debug_abbrev  0x00001b55      0x416 ./Core/Src/TaskManager.o
 .debug_abbrev  0x00001f6b      0x17a ./Core/Src/Trapezoid.o
 .debug_abbrev  0x000020e5      0x109 ./Core/Src/dma.o
 .debug_abbrev  0x000021ee      0x1d3 ./Core/Src/fdcan.o
 .debug_abbrev  0x000023c1      0x162 ./Core/Src/gpio.o
 .debug_abbrev  0x00002523      0x37e ./Core/Src/main.o
 .debug_abbrev  0x000028a1       0xd9 ./Core/Src/stm32g4xx_hal_msp.o
 .debug_abbrev  0x0000297a      0x1f7 ./Core/Src/stm32g4xx_it.o
 .debug_abbrev  0x00002b71      0x11a ./Core/Src/system_stm32g4xx.o
 .debug_abbrev  0x00002c8b      0x2b0 ./Core/Src/tim.o
 .debug_abbrev  0x00002f3b      0x22e ./Core/Src/usart.o
 .debug_abbrev  0x00003169       0x24 ./Core/Startup/startup_stm32g474retx.o
 .debug_abbrev  0x0000318d      0x271 ./Drivers/STM32G4xx_HAL_Driver/Src/stm32g4xx_hal.o
 .debug_abbrev  0x000033fe      0x31c ./Drivers/STM32G4xx_HAL_Driver/Src/stm32g4xx_hal_cortex.o
 .debug_abbrev  0x0000371a      0x1e2 ./Drivers/STM32G4xx_HAL_Driver/Src/stm32g4xx_hal_dma.o
 .debug_abbrev  0x000038fc      0x1e7 ./Drivers/STM32G4xx_HAL_Driver/Src/stm32g4xx_hal_fdcan.o
 .debug_abbrev  0x00003ae3      0x1d2 ./Drivers/STM32G4xx_HAL_Driver/Src/stm32g4xx_hal_gpio.o
 .debug_abbrev  0x00003cb5      0x22c ./Drivers/STM32G4xx_HAL_Driver/Src/stm32g4xx_hal_pwr_ex.o
 .debug_abbrev  0x00003ee1      0x2c9 ./Drivers/STM32G4xx_HAL_Driver/Src/stm32g4xx_hal_rcc.o
 .debug_abbrev  0x000041aa      0x261 ./Drivers/STM32G4xx_HAL_Driver/Src/stm32g4xx_hal_rcc_ex.o
 .debug_abbrev  0x0000440b      0x2b8 ./Drivers/STM32G4xx_HAL_Driver/Src/stm32g4xx_hal_tim.o
 .debug_abbrev  0x000046c3      0x2d6 ./Drivers/STM32G4xx_HAL_Driver/Src/stm32g4xx_hal_tim_ex.o
 .debug_abbrev  0x00004999      0x317 ./Drivers/STM32G4xx_HAL_Driver/Src/stm32g4xx_hal_uart.o
 .debug_abbrev  0x00004cb0      0x2d2 ./Drivers/STM32G4xx_HAL_Driver/Src/stm32g4xx_hal_uart_ex.o
 .debug_abbrev  0x00004f82      0x216 ../Middlewares/Third_Party/ARM_CMSIS/CMSIS/DSP/Lib/GCC\libarm_cortexM4lf_math.a(arm_mat_trans_f32.o)
 .debug_abbrev  0x00005198      0x202 ../Middlewares/Third_Party/ARM_CMSIS/CMSIS/DSP/Lib/GCC\libarm_cortexM4lf_math.a(arm_mat_sub_f32.o)
 .debug_abbrev  0x0000539a      0x216 ../Middlewares/Third_Party/ARM_CMSIS/CMSIS/DSP/Lib/GCC\libarm_cortexM4lf_math.a(arm_mat_scale_f32.o)
 .debug_abbrev  0x000055b0      0x216 ../Middlewares/Third_Party/ARM_CMSIS/CMSIS/DSP/Lib/GCC\libarm_cortexM4lf_math.a(arm_mat_mult_f32.o)
 .debug_abbrev  0x000057c6      0x1e7 ../Middlewares/Third_Party/ARM_CMSIS/CMSIS/DSP/Lib/GCC\libarm_cortexM4lf_math.a(arm_mat_init_f32.o)
 .debug_abbrev  0x000059ad      0x202 ../Middlewares/Third_Party/ARM_CMSIS/CMSIS/DSP/Lib/GCC\libarm_cortexM4lf_math.a(arm_mat_add_f32.o)

.debug_aranges  0x00000000     0x1a10
 .debug_aranges
                0x00000000       0x30 ./Core/Src/BaseSystemInterface.o
 .debug_aranges
                0x00000030       0x60 ./Core/Src/CANBUS.o
 .debug_aranges
                0x00000090       0x60 ./Core/Src/Controller.o
 .debug_aranges
                0x000000f0       0x78 ./Core/Src/Gripper.o